Component: ARM Compiler 5.06 update 6 (build 750) Tool: armlink [4d35ed]

==============================================================================

Section Cross References

    main.o(.text) refers to drleqf.o(x$fpl$drleqf) for __aeabi_cdrcmple
    main.o(.text) refers to rt_memcpy_w.o(.text) for __aeabi_memcpy4
    main.o(.text) refers to tool.o(.text) for toPPos
    main.o(.text) refers to dfixu.o(x$fpl$dfixu) for __aeabi_d2uiz
    main.o(.text) refers to oled.o(.text) for OLED_ShowTarget
    main.o(.text) refers to delay.o(.text) for delay_ms
    main.o(.text) refers to dist.o(.text) for enemyFind
    main.o(.text) refers to beep.o(.text) for BEEP_Init
    main.o(.text) refers to tick.o(.text) for tim2_Init
    main.o(.text) refers to turn.o(.text) for tim3_Init
    main.o(.text) refers to daddsub_clz.o(x$fpl$dsub) for __aeabi_dsub
    main.o(.text) refers to dmul.o(x$fpl$dmul) for __aeabi_dmul
    main.o(.text) refers to daddsub_clz.o(x$fpl$dadd) for __aeabi_dadd
    main.o(.text) refers to dflt_clz.o(x$fpl$dflt) for __aeabi_i2d
    main.o(.text) refers to main.o(.data) for enemyNum
    main.o(.text) refers to main.o(.bss) for enemyPos
    main.o(.text) refers to rt_memclr_w.o(.text) for __aeabi_memclr4
    main.o(.text) refers to ddiv.o(x$fpl$ddiv) for __aeabi_ddiv
    system_stm32f4xx.o(.text) refers to system_stm32f4xx.o(.data) for SystemCoreClock
    oled.o(.text) refers to stm32f4xx_gpio.o(.text) for GPIO_ResetBits
    oled.o(.text) refers to oled.o(.bss) for OLED_GRAM
    oled.o(.text) refers to oled.o(.constdata) for asc2_0806
    oled.o(.text) refers to stm32f4xx_rcc.o(.text) for RCC_AHB1PeriphClockCmd
    oled.o(.text) refers to delay.o(.text) for delay_ms
    oled.o(.text) refers to oled.o(.data) for GROUND
    beep.o(.text) refers to stm32f4xx_gpio.o(.text) for GPIO_ResetBits
    beep.o(.text) refers to stm32f4xx_rcc.o(.text) for RCC_AHB1PeriphClockCmd
    tool.o(.text) refers to ddiv.o(x$fpl$ddiv) for __aeabi_ddiv
    tool.o(.text) refers to dmul.o(x$fpl$dmul) for __aeabi_dmul
    tool.o(.text) refers to cos.o(i.__hardfp_cos) for __hardfp_cos
    tool.o(.text) refers to dflt_clz.o(x$fpl$dflt) for __aeabi_i2d
    tool.o(.text) refers to daddsub_clz.o(x$fpl$dsub) for __aeabi_dsub
    tool.o(.text) refers to basic.o(x$fpl$basic) for __aeabi_dneg
    tool.o(.text) refers to sin.o(i.__hardfp_sin) for __hardfp_sin
    tool.o(.text) refers to daddsub_clz.o(x$fpl$drsb) for __aeabi_drsub
    tool.o(.text) refers to drleqf.o(x$fpl$drleqf) for __aeabi_cdrcmple
    tool.o(.text) refers to dfix.o(x$fpl$dfix) for __aeabi_d2iz
    tool.o(.text) refers to daddsub_clz.o(x$fpl$dadd) for __aeabi_dadd
    tool.o(.text) refers to sqrt.o(i.__hardfp_sqrt) for __hardfp_sqrt
    tool.o(.text) refers to atan2.o(i.__hardfp_atan2) for __hardfp_atan2
    tick.o(.text) refers to stm32f4xx_rcc.o(.text) for RCC_APB1PeriphClockCmd
    tick.o(.text) refers to stm32f4xx_tim.o(.text) for TIM_TimeBaseInit
    tick.o(.text) refers to misc.o(.text) for NVIC_Init
    tick.o(.text) refers to tick.o(.data) for tick_10us
    dist.o(.text) refers to stm32f4xx_rcc.o(.text) for RCC_AHB1PeriphClockCmd
    dist.o(.text) refers to stm32f4xx_gpio.o(.text) for GPIO_Init
    dist.o(.text) refers to delay.o(.text) for delay_ms
    dist.o(.text) refers to tick.o(.text) for startTick
    turn.o(.text) refers to stm32f4xx_rcc.o(.text) for RCC_APB1PeriphClockCmd
    turn.o(.text) refers to stm32f4xx_gpio.o(.text) for GPIO_Init
    turn.o(.text) refers to stm32f4xx_tim.o(.text) for TIM_TimeBaseInit
    turn.o(.text) refers to dmul.o(x$fpl$dmul) for __aeabi_dmul
    turn.o(.text) refers to ddiv.o(x$fpl$ddiv) for __aeabi_ddiv
    turn.o(.text) refers to dfix.o(x$fpl$dfix) for __aeabi_d2iz
    turn.o(.text) refers to dflt_clz.o(x$fpl$dflt) for __aeabi_i2d
    turn.o(.text) refers to dfixu.o(x$fpl$dfixu) for __aeabi_d2uiz
    turn.o(.text) refers to basic.o(x$fpl$basic) for __aeabi_dneg
    delay.o(.text) refers to misc.o(.text) for SysTick_CLKSourceConfig
    delay.o(.text) refers to delay.o(.data) for fac_us
    startup_stm32f40_41xxx.o(STACK) refers (Special) to heapauxi.o(.text) for __use_two_region_memory
    startup_stm32f40_41xxx.o(HEAP) refers (Special) to heapauxi.o(.text) for __use_two_region_memory
    startup_stm32f40_41xxx.o(RESET) refers (Special) to heapauxi.o(.text) for __use_two_region_memory
    startup_stm32f40_41xxx.o(RESET) refers to startup_stm32f40_41xxx.o(STACK) for __initial_sp
    startup_stm32f40_41xxx.o(RESET) refers to startup_stm32f40_41xxx.o(.text) for Reset_Handler
    startup_stm32f40_41xxx.o(RESET) refers to stm32f4xx_it.o(.text) for NMI_Handler
    startup_stm32f40_41xxx.o(RESET) refers to tick.o(.text) for TIM2_IRQHandler
    startup_stm32f40_41xxx.o(.text) refers (Special) to heapauxi.o(.text) for __use_two_region_memory
    startup_stm32f40_41xxx.o(.text) refers to system_stm32f4xx.o(.text) for SystemInit
    startup_stm32f40_41xxx.o(.text) refers to __main.o(!!!main) for __main
[...]
    ../fplib/drleqf.s                        0x00000000   Number         0  drleqf.o ABSOLUTE
    ../fplib/dsqrt.s                         0x00000000   Number         0  dsqrt_umaal.o ABSOLUTE
    ../fplib/fpinit.s                        0x00000000   Number         0  fpinit.o ABSOLUTE
    ../fplib/usenofp.s                       0x00000000   Number         0  usenofp.o ABSOLUTE
    ../mathlib/atan.c                        0x00000000   Number         0  atan_x.o ABSOLUTE
    ../mathlib/atan.c                        0x00000000   Number         0  atan.o ABSOLUTE
    ../mathlib/atan2.c                       0x00000000   Number         0  atan2_x.o ABSOLUTE
    ../mathlib/atan2.c                       0x00000000   Number         0  atan2.o ABSOLUTE
    ../mathlib/cos.c                         0x00000000   Number         0  cos.o ABSOLUTE
    ../mathlib/cos.c                         0x00000000   Number         0  cos_x.o ABSOLUTE
    ../mathlib/cos_i.c                       0x00000000   Number         0  cos_i.o ABSOLUTE
    ../mathlib/dunder.c                      0x00000000   Number         0  dunder.o ABSOLUTE
    ../mathlib/fabs.c                        0x00000000   Number         0  fabs.o ABSOLUTE
    ../mathlib/fpclassify.c                  0x00000000   Number         0  fpclassify.o ABSOLUTE
    ../mathlib/poly.c                        0x00000000   Number         0  poly.o ABSOLUTE
    ../mathlib/qnan.c                        0x00000000   Number         0  qnan.o ABSOLUTE
    ../mathlib/rred.c                        0x00000000   Number         0  rred.o ABSOLUTE
    ../mathlib/sin.c                         0x00000000   Number         0  sin.o ABSOLUTE
    ../mathlib/sin.c                         0x00000000   Number         0  sin_x.o ABSOLUTE
    ../mathlib/sin_i.c                       0x00000000   Number         0  sin_i.o ABSOLUTE
    ../mathlib/sin_i.c                       0x00000000   Number         0  sin_i_x.o ABSOLUTE
    ../mathlib/sqrt.c                        0x00000000   Number         0  sqrt.o ABSOLUTE
    ../mathlib/sqrt.c                        0x00000000   Number         0  sqrt_x.o ABSOLUTE
    ..\CORE\startup_stm32f40_41xxx.s         0x00000000   Number         0  startup_stm32f40_41xxx.o ABSOLUTE
    ..\FWLIB\src\misc.c                      0x00000000   Number         0  misc.o ABSOLUTE
    ..\FWLIB\src\stm32f4xx_gpio.c            0x00000000   Number         0  stm32f4xx_gpio.o ABSOLUTE
    ..\FWLIB\src\stm32f4xx_rcc.c             0x00000000   Number         0  stm32f4xx_rcc.o ABSOLUTE
    ..\FWLIB\src\stm32f4xx_syscfg.c          0x00000000   Number         0  stm32f4xx_syscfg.o ABSOLUTE
    ..\FWLIB\src\stm32f4xx_tim.c             0x00000000   Number         0  stm32f4xx_tim.o ABSOLUTE
    ..\FWLIB\src\stm32f4xx_usart.c           0x00000000   Number         0  stm32f4xx_usart.o ABSOLUTE
    ..\HARDWARE\BEEP\beep.c                  0x00000000   Number         0  beep.o ABSOLUTE
    ..\HARDWARE\DIST\dist.c                  0x00000000   Number         0  dist.o ABSOLUTE
    ..\HARDWARE\OLED\oled.c                  0x00000000   Number         0  oled.o ABSOLUTE
    ..\HARDWARE\TICK\tick.c                  0x00000000   Number         0  tick.o ABSOLUTE
    ..\HARDWARE\TOOL\tool.c                  0x00000000   Number         0  tool.o ABSOLUTE
    ..\HARDWARE\TURN\turn.c                  0x00000000   Number         0  turn.o ABSOLUTE
    ..\SYSTEM\delay\delay.c                  0x00000000   Number         0  delay.o ABSOLUTE
    ..\SYSTEM\sys\sys.c                      0x00000000   Number         0  sys.o ABSOLUTE
    ..\\FWLIB\\src\\misc.c                   0x00000000   Number         0  misc.o ABSOLUTE
    ..\\FWLIB\\src\\stm32f4xx_gpio.c         0x00000000   Number         0  stm32f4xx_gpio.o ABSOLUTE
    ..\\FWLIB\\src\\stm32f4xx_rcc.c          0x00000000   Number         0  stm32f4xx_rcc.o ABSOLUTE
    ..\\FWLIB\\src\\stm32f4xx_syscfg.c       0x00000000   Number         0  stm32f4xx_syscfg.o ABSOLUTE
    ..\\FWLIB\\src\\stm32f4xx_tim.c          0x00000000   Number         0  stm32f4xx_tim.o ABSOLUTE
    ..\\FWLIB\\src\\stm32f4xx_usart.c        0x00000000   Number         0  stm32f4xx_usart.o ABSOLUTE
    ..\\HARDWARE\\BEEP\\beep.c               0x00000000   Number         0  beep.o ABSOLUTE
    ..\\HARDWARE\\DIST\\dist.c               0x00000000   Number         0  dist.o ABSOLUTE
    ..\\HARDWARE\\OLED\\oled.c               0x00000000   Number         0  oled.o ABSOLUTE
    ..\\HARDWARE\\TICK\\tick.c               0x00000000   Number         0  tick.o ABSOLUTE
    ..\\HARDWARE\\TURN\\turn.c               0x00000000   Number         0  turn.o ABSOLUTE
    ..\\SYSTEM\\delay\\delay.c               0x00000000   Number         0  delay.o ABSOLUTE
    ..\\SYSTEM\\sys\\sys.c                   0x00000000   Number         0  sys.o ABSOLUTE
    dc.s                                     0x00000000   Number         0  dc.o ABSOLUTE
    main.c                                   0x00000000   Number         0  main.o ABSOLUTE
    main.c                                   0x00000000   Number         0  main.o ABSOLUTE
    stm32f4xx_it.c                           0x00000000   Number         0  stm32f4xx_it.o ABSOLUTE
    stm32f4xx_it.c                           0x00000000   Number         0  stm32f4xx_it.o ABSOLUTE
    system_stm32f4xx.c                       0x00000000   Number         0  system_stm32f4xx.o ABSOLUTE
    system_stm32f4xx.c                       0x00000000   Number         0  system_stm32f4xx.o ABSOLUTE
    RESET                                    0x08000000   Section      392  startup_stm32f40_41xxx.o(RESET)
    !!!main                                  0x08000188   Section        8  __main.o(!!!main)
    !!!scatter                               0x08000190   Section       52  __scatter.o(!!!scatter)
    !!dczerorl2                              0x080001c4   Section       90  __dczerorl2.o(!!dczerorl2)
    !!handler_zi                             0x08000220   Section       28  __scatter_zi.o(!!handler_zi)
    .ARM.Collect$$libinit$$00000000          0x0800023c   Section        2  libinit.o(.ARM.Collect$$libinit$$00000000)
    .ARM.Collect$$libinit$$00000001          0x0800023e   Section        4  libinit2.o(.ARM.Collect$$libinit$$00000001)
    .ARM.Collect$$libinit$$00000004          0x08000242   Section        0  libinit2.o(.ARM.Collect$$libinit$$00000004)
    .ARM.Collect$$libinit$$0000000A          0x08000242   Section        0  libinit2.o(.ARM.Collect$$libinit$$0000000A)
    .ARM.Collect$$libinit$$0000000C          0x08000242   Section        0  libinit2.o(.ARM.Collect$$libinit$$0000000C)
    .ARM.Collect$$libinit$$0000000E          0x08000242   Section        0  libinit2.o(.ARM.Collect$$libinit$$0000000E)
    .ARM.Collect$$libinit$$00000011          0x08000242   Section        0  libinit2.o(.ARM.Collect$$libinit$$00000011)
    .ARM.Collect$$libinit$$00000013          0x08000242   Section        0  libinit2.o(.ARM.Collect$$libinit$$00000013)
    .ARM.Collect$$libinit$$00000015          0x08000242   Section        0  libinit2.o(.ARM.Collect$$libinit$$00000015)
    .ARM.Collect$$libinit$$00000017          0x08000242   Section        0  libinit2.o(.ARM.Collect$$libinit$$00000017)
    .ARM.Collect$$libinit$$00000019          0x08000242   Section        0  libinit2.o(.ARM.Collect$$libinit$$00000019)
    .ARM.Collect$$libinit$$0000001B          0x08000242   Section        0  libinit2.o(.ARM.Collect$$libinit$$0000001B)
    .ARM.Collect$$libinit$$0000001D          0x08000242   Section        0  libinit2.o(.ARM.Collect$$libinit$$0000001D)
    .ARM.Collect$$libinit$$0000001F          0x08000242   Section        0  libinit2.o(.ARM.Collect$$libinit$$0000001F)
    .ARM.Collect$$libinit$$00000021          0x08000242   Section        0  libinit2.o(.ARM.Collect$$libinit$$00000021)
    .ARM.Collect$$libinit$$00000023          0x08000242   Section        0  libinit2.o(.ARM.Collect$$libinit$$00000023)
    .ARM.Collect$$libinit$$00000025          0x08000242   Section        0  libinit2.o(.ARM.Collect$$libinit$$00000025)
    .ARM.Collect$$libinit$$0000002C          0x08000242   Section        0  libinit2.o(.ARM.Collect$$libinit$$0000002C)
    .ARM.Collect$$libinit$$0000002E          0x08000242   Section        0  libinit2.o(.ARM.Collect$$libinit$$0000002E)
    .ARM.Collect$$libinit$$00000030          0x08000242   Section        0  libinit2.o(.ARM.Collect$$libinit$$00000030)
    .ARM.Collect$$libinit$$00000032          0x08000242   Section        0  libinit2.o(.ARM.Collect$$libinit$$00000032)
    .ARM.Collect$$libinit$$00000033          0x08000242   Section        2  libinit2.o(.ARM.Collect$$libinit$$00000033)
    .ARM.Collect$$libshutdown$$00000000      0x08000244   Section        2  libshutdown.o(.ARM.Collect$$libshutdown$$00000000)
    .ARM.Collect$$libshutdown$$00000002      0x08000246   Section        0  libshutdown2.o(.ARM.Collect$$libshutdown$$00000002)
    .ARM.Collect$$libshutdown$$00000004      0x08000246   Section        0  libshutdown2.o(.ARM.Collect$$libshutdown$$00000004)
    .ARM.Collect$$libshutdown$$00000007      0x08000246   Section        0  libshutdown2.o(.ARM.Collect$$libshutdown$$00000007)
    .ARM.Collect$$libshutdown$$0000000A      0x08000246   Section        0  libshutdown2.o(.ARM.Collect$$libshutdown$$0000000A)
    .ARM.Collect$$libshutdown$$0000000C      0x08000246   Section        0  libshutdown2.o(.ARM.Collect$$libshutdown$$0000000C)
    .ARM.Collect$$libshutdown$$0000000F      0x08000246   Section        0  libshutdown2.o(.ARM.Collect$$libshutdown$$0000000F)
    .ARM.Collect$$libshutdown$$00000010      0x08000246   Section        2  libshutdown2.o(.ARM.Collect$$libshutdown$$00000010)
    .ARM.Collect$$rtentry$$00000000          0x08000248   Section        0  __rtentry.o(.ARM.Collect$$rtentry$$00000000)
    .ARM.Collect$$rtentry$$00000002          0x08000248   Section        0  __rtentry2.o(.ARM.Collect$$rtentry$$00000002)
    .ARM.Collect$$rtentry$$00000004          0x08000248   Section        6  __rtentry4.o(.ARM.Collect$$rtentry$$00000004)
    .ARM.Collect$$rtentry$$00000009          0x0800024e   Section        0  __rtentry2.o(.ARM.Collect$$rtentry$$00000009)
    .ARM.Collect$$rtentry$$0000000A          0x0800024e   Section        4  __rtentry2.o(.ARM.Collect$$rtentry$$0000000A)
    .ARM.Collect$$rtentry$$0000000C          0x08000252   Section        0  __rtentry2.o(.ARM.Collect$$rtentry$$0000000C)
    .ARM.Collect$$rtentry$$0000000D          0x08000252   Section        8  __rtentry2.o(.ARM.Collect$$rtentry$$0000000D)
    .ARM.Collect$$rtexit$$00000000           0x0800025a   Section        2  rtexit.o(.ARM.Collect$$rtexit$$00000000)
    .ARM.Collect$$rtexit$$00000002           0x0800025c   Section        0  rtexit2.o(.ARM.Collect$$rtexit$$00000002)
    .ARM.Collect$$rtexit$$00000003           0x0800025c   Section        4  rtexit2.o(.ARM.Collect$$rtexit$$00000003)
    .ARM.Collect$$rtexit$$00000004           0x08000260   Section        6  rtexit2.o(.ARM.Collect$$rtexit$$00000004)
    .text                                    0x08000268   Section        0  main.o(.text)
    .text                                    0x08000a8c   Section        0  stm32f4xx_it.o(.text)
    .text                                    0x08000aa8   Section        0  system_stm32f4xx.o(.text)
    SetSysClock                              0x08000aa9   Thumb Code   220  system_stm32f4xx.o(.text)
    .text                                    0x08000cb8   Section        0  oled.o(.text)
    .text                                    0x080019f0   Section        0  beep.o(.text)
    .text                                    0x08001a5c   Section        0  tool.o(.text)
    .text                                    0x08001d5c   Section        0  tick.o(.text)
    .text                                    0x08001e04   Section        0  dist.o(.text)
    .text                                    0x08001f24   Section        0  turn.o(.text)
    .text                                    0x080020bc   Section        0  delay.o(.text)
    .text                                    0x080021c0   Section       64  startup_stm32f40_41xxx.o(.text)
    $v0                                      0x080021c0   Number         0  startup_stm32f40_41xxx.o(.text)
    .text                                    0x08002200   Section        0  misc.o(.text)
    .text                                    0x080022e0   Section        0  stm32f4xx_gpio.o(.text)
    .text                                    0x08002574   Section        0  stm32f4xx_rcc.o(.text)
    .text                                    0x08002bd0   Section        0  stm32f4xx_tim.o(.text)
    TI4_Config                               0x0800336f   Thumb Code    80  stm32f4xx_tim.o(.text)
    TI3_Config                               0x080033d1   Thumb Code    72  stm32f4xx_tim.o(.text)
    TI2_Config                               0x08003433   Thumb Code    90  stm32f4xx_tim.o(.text)
    TI1_Config                               0x0800349f   Thumb Code    58  stm32f4xx_tim.o(.text)
    .text                                    0x08003872   Section      100  rt_memcpy_w.o(.text)
    .text                                    0x080038d6   Section       78  rt_memclr_w.o(.text)
    .text                                    0x08003924   Section        0  heapauxi.o(.text)
    .text                                    0x0800392a   Section        0  _rserrno.o(.text)
    .text                                    0x08003940   Section        8  rt_errno_addr_intlibspace.o(.text)
    .text                                    0x08003948   Section        8  libspace.o(.text)
    .text                                    0x08003950   Section       74  sys_stackheap_outer.o(.text)
    .text                                    0x0800399a   Section        0  exit.o(.text)
    .text                                    0x080039ac   Section        0  sys_exit.o(.text)
    .text                                    0x080039b8   Section        2  use_no_semi.o(.text)
    .text                                    0x080039ba   Section        0  indicate_semi.o(.text)
    i.__ARM_fpclassify                       0x080039ba   Section        0  fpclassify.o(i.__ARM_fpclassify)
    i.__hardfp_atan                          0x080039f0   Section        0  atan.o(i.__hardfp_atan)
    i.__hardfp_atan2                         0x08003cc8   Section        0  atan2.o(i.__hardfp_atan2)
    i.__hardfp_cos                           0x08003eb8   Section        0  cos.o(i.__hardfp_cos)
    i.__hardfp_sin                           0x08003f80   Section        0  sin.o(i.__hardfp_sin)
    i.__hardfp_sqrt                          0x08004048   Section        0  sqrt.o(i.__hardfp_sqrt)
    i.__ieee754_rem_pio2                     0x080040c8   Section        0  rred.o(i.__ieee754_rem_pio2)
    i.__kernel_cos                           0x08004500   Section        0  cos_i.o(i.__kernel_cos)
    i.__kernel_poly                          0x08004670   Section        0  poly.o(i.__kernel_poly)
    i.__kernel_sin                           0x08004768   Section        0  sin_i.o(i.__kernel_sin)
    i.__mathlib_dbl_infnan                   0x08004898   Section        0  dunder.o(i.__mathlib_dbl_infnan)
    i.__mathlib_dbl_infnan2                  0x080048ac   Section        0  dunder.o(i.__mathlib_dbl_infnan2)
    i.__mathlib_dbl_invalid                  0x080048c0   Section        0  dunder.o(i.__mathlib_dbl_invalid)
    i.__mathlib_dbl_underflow                0x080048e0   Section        0  dunder.o(i.__mathlib_dbl_underflow)
    i.atan                                   0x08004900   Section        0  atan.o(i.atan)
    i.fabs                                   0x08004910   Section        0  fabs.o(i.fabs)
    x$fpl$basic                              0x08004928   Section       24  basic.o(x$fpl$basic)
    $v0                                      0x08004928   Number         0  basic.o(x$fpl$basic)
    x$fpl$dadd                               0x08004940   Section      336  daddsub_clz.o(x$fpl$dadd)
    $v0                                      0x08004940   Number         0  daddsub_clz.o(x$fpl$dadd)
    _dadd1                                   0x08004951   Thumb Code     0  daddsub_clz.o(x$fpl$dadd)
    x$fpl$dcmpinf                            0x08004a90   Section       24  dcmpi.o(x$fpl$dcmpinf)
    $v0                                      0x08004a90   Number         0  dcmpi.o(x$fpl$dcmpinf)
    x$fpl$ddiv                               0x08004aa8   Section      688  ddiv.o(x$fpl$ddiv)
    $v0                                      0x08004aa8   Number         0  ddiv.o(x$fpl$ddiv)
    ddiv_entry                               0x08004aaf   Thumb Code     0  ddiv.o(x$fpl$ddiv)
    x$fpl$dfix                               0x08004d58   Section       94  dfix.o(x$fpl$dfix)
    $v0                                      0x08004d58   Number         0  dfix.o(x$fpl$dfix)
    x$fpl$dfixu                              0x08004db8   Section       90  dfixu.o(x$fpl$dfixu)
    $v0                                      0x08004db8   Number         0  dfixu.o(x$fpl$dfixu)
    x$fpl$dflt                               0x08004e12   Section       46  dflt_clz.o(x$fpl$dflt)
    $v0                                      0x08004e12   Number         0  dflt_clz.o(x$fpl$dflt)
    x$fpl$dfltu                              0x08004e40   Section       38  dflt_clz.o(x$fpl$dfltu)
    $v0                                      0x08004e40   Number         0  dflt_clz.o(x$fpl$dfltu)
    x$fpl$dleqf                              0x08004e68   Section      120  dleqf.o(x$fpl$dleqf)
    $v0                                      0x08004e68   Number         0  dleqf.o(x$fpl$dleqf)
    x$fpl$dmul                               0x08004ee0   Section      340  dmul.o(x$fpl$dmul)
    $v0                                      0x08004ee0   Number         0  dmul.o(x$fpl$dmul)
    x$fpl$dnaninf                            0x08005034   Section      156  dnaninf.o(x$fpl$dnaninf)
    $v0                                      0x08005034   Number         0  dnaninf.o(x$fpl$dnaninf)
    x$fpl$dretinf                            0x080050d0   Section       12  dretinf.o(x$fpl$dretinf)
    $v0                                      0x080050d0   Number         0  dretinf.o(x$fpl$dretinf)
    x$fpl$drleqf                             0x080050dc   Section      108  drleqf.o(x$fpl$drleqf)
    $v0                                      0x080050dc   Number         0  drleqf.o(x$fpl$drleqf)
    x$fpl$drsb                               0x08005148   Section       22  daddsub_clz.o(x$fpl$drsb)
    $v0                                      0x08005148   Number         0  daddsub_clz.o(x$fpl$drsb)
    x$fpl$dsqrt                              0x08005160   Section      408  dsqrt_umaal.o(x$fpl$dsqrt)
    $v0                                      0x08005160   Number         0  dsqrt_umaal.o(x$fpl$dsqrt)
    x$fpl$dsub                               0x080052f8   Section      468  daddsub_clz.o(x$fpl$dsub)
    $v0                                      0x080052f8   Number         0  daddsub_clz.o(x$fpl$dsub)
    _dsub1                                   0x08005309   Thumb Code     0  daddsub_clz.o(x$fpl$dsub)
    x$fpl$fpinit                             0x080054cc   Section       10  fpinit.o(x$fpl$fpinit)
    $v0                                      0x080054cc   Number         0  fpinit.o(x$fpl$fpinit)
    .constdata                               0x080054d6   Section     7920  oled.o(.constdata)
    x$fpl$usenofp                            0x080054d6   Section        0  usenofp.o(x$fpl$usenofp)
    .constdata                               0x080073c8   Section      152  atan.o(.constdata)
    atanhi                                   0x080073c8   Data          32  atan.o(.constdata)
    atanlo                                   0x080073e8   Data          32  atan.o(.constdata)
    aTodd                                    0x08007408   Data          40  atan.o(.constdata)
    aTeven                                   0x08007430   Data          48  atan.o(.constdata)
    .constdata                               0x08007460   Section       48  cos_i.o(.constdata)
    C                                        0x08007460   Data          48  cos_i.o(.constdata)
    .constdata                               0x08007490   Section        8  qnan.o(.constdata)
    .constdata                               0x08007498   Section      200  rred.o(.constdata)
    pio2s                                    0x08007498   Data          48  rred.o(.constdata)
    twooverpi                                0x080074c8   Data         152  rred.o(.constdata)
    .constdata                               0x08007560   Section       40  sin_i.o(.constdata)
    S                                        0x08007560   Data          40  sin_i.o(.constdata)
    .data                                    0x20000000   Section        8  main.o(.data)
    .data                                    0x20000008   Section       20  system_stm32f4xx.o(.data)
    .data                                    0x2000001c   Section     1024  oled.o(.data)
    .data                                    0x2000041c   Section        4  tick.o(.data)
    .data                                    0x20000420   Section        4  delay.o(.data)
    fac_us                                   0x20000420   Data           1  delay.o(.data)
    fac_ms                                   0x20000422   Data           2  delay.o(.data)
    .data                                    0x20000424   Section       16  stm32f4xx_rcc.o(.data)
    APBAHBPrescTable                         0x20000424   Data          16  stm32f4xx_rcc.o(.data)
    .bss                                     0x20000438   Section    49680  main.o(.bss)
    .bss                                     0x2000c648   Section     1152  oled.o(.bss)
    .bss                                     0x2000cac8   Section       96  libspace.o(.bss)
    HEAP                                     0x2000cb28   Section      512  startup_stm32f40_41xxx.o(HEAP)
    Heap_Mem                                 0x2000cb28   Data         512  startup_stm32f40_41xxx.o(HEAP)
    STACK                                    0x2000cd28   Section     1024  startup_stm32f40_41xxx.o(STACK)
    Stack_Mem                                0x2000cd28   Data        1024  startup_stm32f40_41xxx.o(STACK)
    __initial_sp                             0x2000d128   Data           0  startup_stm32f40_41xxx.o(STACK)

    Global Symbols

    Symbol Name                              Value     Ov Type        Size  Object(Section)

    BuildAttributes$$THM_ISAv4$E$P$D$K$B$S$7EM$VFPi3$EXTD16$VFPS$VFMA$PE$A:L22UL41UL21$X:L11$S22US41US21$IEEE1$IW$USESV6$~STKCKD$USESV7$~SHL$OTIME$ROPI$IEEEX$EBA8$UX$STANDARDLIB$REQ8$PRES8$EABIv2 0x00000000   Number         0  anon$$obj.o ABSOLUTE
    __ARM_use_no_argv                        0x00000000   Number         0  main.o ABSOLUTE
    __ARM_exceptions_init                     - Undefined Weak Reference
    __alloca_initialize                       - Undefined Weak Reference
    __arm_preinit_                            - Undefined Weak Reference
    __cpp_initialize__aeabi_                  - Undefined Weak Reference
    __cxa_finalize                            - Undefined Weak Reference
    __rt_locale                               - Undefined Weak Reference
    __sigvec_lookup                           - Undefined Weak Reference
    _atexit_init                              - Undefined Weak Reference
    _call_atexit_fns                          - Undefined Weak Reference
    _clock_init                               - Undefined Weak Reference
    _fp_trap_init                             - Undefined Weak Reference
    _fp_trap_shutdown                         - Undefined Weak Reference
    _get_lc_collate                           - Undefined Weak Reference
    _get_lc_ctype                             - Undefined Weak Reference
    _get_lc_monetary                          - Undefined Weak Reference
    _get_lc_numeric                           - Undefined Weak Reference
    _get_lc_time                              - Undefined Weak Reference
    _getenv_init                              - Undefined Weak Reference
    _handle_redirection                       - Undefined Weak Reference
    _init_alloc                               - Undefined Weak Reference
    _init_user_alloc                          - Undefined Weak Reference
    _initio                                   - Undefined Weak Reference
    _rand_init                                - Undefined Weak Reference
    _signal_finish                            - Undefined Weak Reference
    _signal_init                              - Undefined Weak Reference
    _terminate_alloc                          - Undefined Weak Reference
    _terminate_user_alloc                     - Undefined Weak Reference
    _terminateio                              - Undefined Weak Reference
    __Vectors_Size                           0x00000188   Number         0  startup_stm32f40_41xxx.o ABSOLUTE
    __Vectors                                0x08000000   Data           4  startup_stm32f40_41xxx.o(RESET)
    __Vectors_End                            0x08000188   Data           0  startup_stm32f40_41xxx.o(RESET)
    __main                                   0x08000189   Thumb Code     8  __main.o(!!!main)
    __scatterload                            0x08000191   Thumb Code     0  __scatter.o(!!!scatter)
    __scatterload_rt2                        0x08000191   Thumb Code    44  __scatter.o(!!!scatter)
    __scatterload_rt2_thumb_only             0x08000191   Thumb Code     0  __scatter.o(!!!scatter)
    __scatterload_null                       0x0800019f   Thumb Code     0  __scatter.o(!!!scatter)
    __decompress                             0x080001c5   Thumb Code    90  __dczerorl2.o(!!dczerorl2)
    __decompress1                            0x080001c5   Thumb Code     0  __dczerorl2.o(!!dczerorl2)
    __scatterload_zeroinit                   0x08000221   Thumb Code    28  __scatter_zi.o(!!handler_zi)
    __rt_lib_init                            0x0800023d   Thumb Code     0  libinit.o(.ARM.Collect$$libinit$$00000000)
    __rt_lib_init_fp_1                       0x0800023f   Thumb Code     0  libinit2.o(.ARM.Collect$$libinit$$00000001)
    __rt_lib_init_alloca_1                   0x08000243   Thumb Code     0  libinit2.o(.ARM.Collect$$libinit$$0000002E)
    __rt_lib_init_argv_1                     0x08000243   Thumb Code     0  libinit2.o(.ARM.Collect$$libinit$$0000002C)
    __rt_lib_init_atexit_1                   0x08000243   Thumb Code     0  libinit2.o(.ARM.Collect$$libinit$$0000001B)
    __rt_lib_init_clock_1                    0x08000243   Thumb Code     0  libinit2.o(.ARM.Collect$$libinit$$00000021)
    __rt_lib_init_cpp_1                      0x08000243   Thumb Code     0  libinit2.o(.ARM.Collect$$libinit$$00000032)
    __rt_lib_init_exceptions_1               0x08000243   Thumb Code     0  libinit2.o(.ARM.Collect$$libinit$$00000030)
    __rt_lib_init_fp_trap_1                  0x08000243   Thumb Code     0  libinit2.o(.ARM.Collect$$libinit$$0000001F)
    __rt_lib_init_getenv_1                   0x08000243   Thumb Code     0  libinit2.o(.ARM.Collect$$libinit$$00000023)
    __rt_lib_init_heap_1                     0x08000243   Thumb Code     0  libinit2.o(.ARM.Collect$$libinit$$0000000A)
    __rt_lib_init_lc_collate_1               0x08000243   Thumb Code     0  libinit2.o(.ARM.Collect$$libinit$$00000011)
    __rt_lib_init_lc_ctype_1                 0x08000243   Thumb Code     0  libinit2.o(.ARM.Collect$$libinit$$00000013)
    __rt_lib_init_lc_monetary_1              0x08000243   Thumb Code     0  libinit2.o(.ARM.Collect$$libinit$$00000015)
    __rt_lib_init_lc_numeric_1               0x08000243   Thumb Code     0  libinit2.o(.ARM.Collect$$libinit$$00000017)
    __rt_lib_init_lc_time_1                  0x08000243   Thumb Code     0  libinit2.o(.ARM.Collect$$libinit$$00000019)
    __rt_lib_init_preinit_1                  0x08000243   Thumb Code     0  libinit2.o(.ARM.Collect$$libinit$$00000004)
    __rt_lib_init_rand_1                     0x08000243   Thumb Code     0  libinit2.o(.ARM.Collect$$libinit$$0000000E)
    __rt_lib_init_return                     0x08000243   Thumb Code     0  libinit2.o(.ARM.Collect$$libinit$$00000033)
    __rt_lib_init_signal_1                   0x08000243   Thumb Code     0  libinit2.o(.ARM.Collect$$libinit$$0000001D)
    __rt_lib_init_stdio_1                    0x08000243   Thumb Code     0  libinit2.o(.ARM.Collect$$libinit$$00000025)
    __rt_lib_init_user_alloc_1               0x08000243   Thumb Code     0  libinit2.o(.ARM.Collect$$libinit$$0000000C)
    __rt_lib_shutdown                        0x08000245   Thumb Code     0  libshutdown.o(.ARM.Collect$$libshutdown$$00000000)
    __rt_lib_shutdown_cpp_1                  0x08000247   Thumb Code     0  libshutdown2.o(.ARM.Collect$$libshutdown$$00000002)
    __rt_lib_shutdown_fp_trap_1              0x08000247   Thumb Code     0  libshutdown2.o(.ARM.Collect$$libshutdown$$00000007)
    __rt_lib_shutdown_heap_1                 0x08000247   Thumb Code     0  libshutdown2.o(.ARM.Collect$$libshutdown$$0000000F)
    __rt_lib_shutdown_return                 0x08000247   Thumb Code     0  libshutdown2.o(.ARM.Collect$$libshutdown$$00000010)
    __rt_lib_shutdown_signal_1               0x08000247   Thumb Code     0  libshutdown2.o(.ARM.Collect$$libshutdown$$0000000A)
    __rt_lib_shutdown_stdio_1                0x08000247   Thumb Code     0  libshutdown2.o(.ARM.Collect$$libshutdown$$00000004)
    __rt_lib_shutdown_user_alloc_1           0x08000247   Thumb Code     0  libshutdown2.o(.ARM.Collect$$libshutdown$$0000000C)
    __rt_entry                               0x08000249   Thumb Code     0  __rtentry.o(.ARM.Collect$$rtentry$$00000000)
    __rt_entry_presh_1                       0x08000249   Thumb Code     0  __rtentry2.o(.ARM.Collect$$rtentry$$00000002)
    __rt_entry_sh                            0x08000249   Thumb Code     0  __rtentry4.o(.ARM.Collect$$rtentry$$00000004)
    __rt_entry_li                            0x0800024f   Thumb Code     0  __rtentry2.o(.ARM.Collect$$rtentry$$0000000A)
    __rt_entry_postsh_1                      0x0800024f   Thumb Code     0  __rtentry2.o(.ARM.Collect$$rtentry$$00000009)
    __rt_entry_main                          0x08000253   Thumb Code     0  __rtentry2.o(.ARM.Collect$$rtentry$$0000000D)
    __rt_entry_postli_1                      0x08000253   Thumb Code     0  __rtentry2.o(.ARM.Collect$$rtentry$$0000000C)
    __rt_exit                                0x0800025b   Thumb Code     0  rtexit.o(.ARM.Collect$$rtexit$$00000000)
    __rt_exit_ls                             0x0800025d   Thumb Code     0  rtexit2.o(.ARM.Collect$$rtexit$$00000003)
    __rt_exit_prels_1                        0x0800025d   Thumb Code     0  rtexit2.o(.ARM.Collect$$rtexit$$00000002)
    __rt_exit_exit                           0x08000261   Thumb Code     0  rtexit2.o(.ARM.Collect$$rtexit$$00000004)
    enemySort                                0x08000269   Thumb Code   156  main.o(.text)
    addEnemy                                 0x08000305   Thumb Code   182  main.o(.text)
    showEnemy                                0x080003bb   Thumb Code   234  main.o(.text)
    getTheMost                               0x080004a5   Thumb Code    92  main.o(.text)
    testDetectDist                           0x08000501   Thumb Code    46  main.o(.text)
    main                                     0x0800052f   Thumb Code  1312  main.o(.text)
    NMI_Handler                              0x08000a8d   Thumb Code     2  stm32f4xx_it.o(.text)
    HardFault_Handler                        0x08000a8f   Thumb Code     4  stm32f4xx_it.o(.text)
    MemManage_Handler                        0x08000a93   Thumb Code     4  stm32f4xx_it.o(.text)
    BusFault_Handler                         0x08000a97   Thumb Code     4  stm32f4xx_it.o(.text)
    UsageFault_Handler                       0x08000a9b   Thumb Code     4  stm32f4xx_it.o(.text)
    SVC_Handler                              0x08000a9f   Thumb Code     2  stm32f4xx_it.o(.text)
    DebugMon_Handler                         0x08000aa1   Thumb Code     2  stm32f4xx_it.o(.text)
    PendSV_Handler                           0x08000aa3   Thumb Code     2  stm32f4xx_it.o(.text)
    SysTick_Handler                          0x08000aa5   Thumb Code     2  stm32f4xx_it.o(.text)
    SystemInit                               0x08000b85   Thumb Code    88  system_stm32f4xx.o(.text)
    SystemCoreClockUpdate                    0x08000bdd   Thumb Code   174  system_stm32f4xx.o(.text)
    IIC_delay                                0x08000cb9   Thumb Code    16  oled.o(.text)
    I2C_Stop                                 0x08000cc9   Thumb Code    32  oled.o(.text)
    I2C_WaitAck                              0x08000ce9   Thumb Code    40  oled.o(.text)
    Send_Byte                                0x08000d11   Thumb Code    70  oled.o(.text)
    I2C_Start                                0x08000d57   Thumb Code    48  oled.o(.text)
    OLED_WR_Byte                             0x08000d87   Thumb Code    56  oled.o(.text)
    OLED_ColorTurn                           0x08000dbf   Thumb Code    28  oled.o(.text)
    OLED_DisplayTurn                         0x08000ddb   Thumb Code    44  oled.o(.text)
    OLED_DisPlay_On                          0x08000e07   Thumb Code    28  oled.o(.text)
    OLED_DisPlay_Off                         0x08000e23   Thumb Code    28  oled.o(.text)
    OLED_Refresh                             0x08000e3f   Thumb Code   100  oled.o(.text)
    OLED_Clear                               0x08000ea3   Thumb Code    42  oled.o(.text)
    OLED_DrawPoint                           0x08000ecd   Thumb Code   114  oled.o(.text)
    OLED_DrawLine                            0x08000f3f   Thumb Code   172  oled.o(.text)
    OLED_DrawCircle                          0x08000feb   Thumb Code   168  oled.o(.text)
    OLED_ShowChar                            0x08001093   Thumb Code   310  oled.o(.text)
    OLED_ShowString                          0x080011c9   Thumb Code    74  oled.o(.text)
    OLED_Pow                                 0x08001213   Thumb Code    22  oled.o(.text)
    OLED_ShowNum                             0x08001229   Thumb Code   140  oled.o(.text)
    OLED_ShowChinese                         0x080012b5   Thumb Code   244  oled.o(.text)
    OLED_ScrollDisplay                       0x080013a9   Thumb Code   168  oled.o(.text)
    OLED_ShowPicture                         0x08001451   Thumb Code   252  oled.o(.text)
    OLED_Init                                0x0800154d   Thumb Code   334  oled.o(.text)
    OLED_ShowTarget                          0x0800169b   Thumb Code   394  oled.o(.text)
    OLED_RemoveTarget                        0x08001825   Thumb Code   280  oled.o(.text)
    OLED_ShowSelf                            0x0800193d   Thumb Code   132  oled.o(.text)
    OLED_ShowGround                          0x080019c1   Thumb Code    44  oled.o(.text)
    BEEP_Close                               0x080019f1   Thumb Code    24  beep.o(.text)
    BEEP_Init                                0x08001a09   Thumb Code    54  beep.o(.text)
    BEEP_Open                                0x08001a3f   Thumb Code    24  beep.o(.text)
    toRad                                    0x08001a5d   Thumb Code    56  tool.o(.text)
    toDuu                                    0x08001a95   Thumb Code    56  tool.o(.text)
    toPPos                                   0x08001acd   Thumb Code   228  tool.o(.text)
    numLen                                   0x08001bb1   Thumb Code    54  tool.o(.text)
    getDist                                  0x08001be7   Thumb Code   156  tool.o(.text)
    getWay                                   0x08001c83   Thumb Code   168  tool.o(.text)
    tim2_Init                                0x08001d5d   Thumb Code    90  tick.o(.text)
    startTick                                0x08001db7   Thumb Code    20  tick.o(.text)
    getTick_10us                             0x08001dcb   Thumb Code     6  tick.o(.text)
    getTick_ms                               0x08001dd1   Thumb Code    12  tick.o(.text)
    TIM2_IRQHandler                          0x08001ddd   Thumb Code    34  tick.o(.text)
    dist_Init                                0x08001e05   Thumb Code    80  dist.o(.text)
    startGet                                 0x08001e55   Thumb Code     8  dist.o(.text)
    endGet                                   0x08001e5d   Thumb Code     8  dist.o(.text)
    detectGet                                0x08001e65   Thumb Code     8  dist.o(.text)
    transDist                                0x08001e6d   Thumb Code   108  dist.o(.text)
    enemyFind                                0x08001ed9   Thumb Code    66  dist.o(.text)
    tim3_Init                                0x08001f25   Thumb Code   176  turn.o(.text)
    ATurn                                    0x08001fd5   Thumb Code    92  turn.o(.text)
    BTurn                                    0x08002031   Thumb Code   100  turn.o(.text)
    delay_init                               0x080020bd   Thumb Code    52  delay.o(.text)
    delay_us                                 0x080020f1   Thumb Code    72  delay.o(.text)
    delay_xms                                0x08002139   Thumb Code    72  delay.o(.text)
    delay_ms                                 0x08002181   Thumb Code    56  delay.o(.text)
    Reset_Handler                            0x080021c1   Thumb Code     8  startup_stm32f40_41xxx.o(.text)
    ADC_IRQHandler                           0x080021db   Thumb Code     0  startup_stm32f40_41xxx.o(.text)
    CAN1_RX0_IRQHandler                      0x080021db   Thumb Code     0  startup_stm32f40_41xxx.o(.text)
    CAN1_RX1_IRQHandler                      0x080021db   Thumb Code     0  startup_stm32f40_41xxx.o(.text)
    CAN1_SCE_IRQHandler                      0x080021db   Thumb Code     0  startup_stm32f40_41xxx.o(.text)
    CAN1_TX_IRQHandler                       0x080021db   Thumb Code     0  startup_stm32f40_41xxx.o(.text)
    CAN2_RX0_IRQHandler                      0x080021db   Thumb Code     0  startup_stm32f40_41xxx.o(.text)
    CAN2_RX1_IRQHandler                      0x080021db   Thumb Code     0  startup_stm32f40_41xxx.o(.text)
    CAN2_SCE_IRQHandler                      0x080021db   Thumb Code     0  startup_stm32f40_41xxx.o(.text)
    CAN2_TX_IRQHandler                       0x080021db   Thumb Code     0  startup_stm32f40_41xxx.o(.text)
    CRYP_IRQHandler                          0x080021db   Thumb Code     0  startup_stm32f40_41xxx.o(.text)
    DCMI_IRQHandler                          0x080021db   Thumb Code     0  startup_stm32f40_41xxx.o(.text)
    DMA1_Stream0_IRQHandler                  0x080021db   Thumb Code     0  startup_stm32f40_41xxx.o(.text)
    DMA1_Stream1_IRQHandler                  0x080021db   Thumb Code     0  startup_stm32f40_41xxx.o(.text)
    DMA1_Stream2_IRQHandler                  0x080021db   Thumb Code     0  startup_stm32f40_41xxx.o(.text)
    DMA1_Stream3_IRQHandler                  0x080021db   Thumb Code     0  startup_stm32f40_41xxx.o(.text)
    DMA1_Stream4_IRQHandler                  0x080021db   Thumb Code     0  startup_stm32f40_41xxx.o(.text)
    DMA1_Stream5_IRQHandler                  0x080021db   Thumb Code     0  startup_stm32f40_41xxx.o(.text)
    DMA1_Stream6_IRQHandler                  0x080021db   Thumb Code     0  startup_stm32f40_41xxx.o(.text)
    DMA1_Stream7_IRQHandler                  0x080021db   Thumb Code     0  startup_stm32f40_41xxx.o(.text)
    DMA2_Stream0_IRQHandler                  0x080021db   Thumb Code     0  startup_stm32f40_41xxx.o(.text)
    DMA2_Stream1_IRQHandler                  0x080021db   Thumb Code     0  startup_stm32f40_41xxx.o(.text)
    DMA2_Stream2_IRQHandler                  0x080021db   Thumb Code     0  startup_stm32f40_41xxx.o(.text)
    DMA2_Stream3_IRQHandler                  0x080021db   Thumb Code     0  startup_stm32f40_41xxx.o(.text)
    DMA2_Stream4_IRQHandler                  0x080021db   Thumb Code     0  startup_stm32f40_41xxx.o(.text)
    DMA2_Stream5_IRQHandler                  0x080021db   Thumb Code     0  startup_stm32f40_41xxx.o(.text)
    DMA2_Stream6_IRQHandler                  0x080021db   Thumb Code     0  startup_stm32f40_41xxx.o(.text)
    DMA2_Stream7_IRQHandler                  0x080021db   Thumb Code     0  startup_stm32f40_41xxx.o(.text)
    ETH_IRQHandler                           0x080021db   Thumb Code     0  startup_stm32f40_41xxx.o(.text)
    ETH_WKUP_IRQHandler                      0x080021db   Thumb Code     0  startup_stm32f40_41xxx.o(.text)
    EXTI0_IRQHandler                         0x080021db   Thumb Code     0  startup_stm32f40_41xxx.o(.text)
    EXTI15_10_IRQHandler                     0x080021db   Thumb Code     0  startup_stm32f40_41xxx.o(.text)
    EXTI1_IRQHandler                         0x080021db   Thumb Code     0  startup_stm32f40_41xxx.o(.text)
    EXTI2_IRQHandler                         0x080021db   Thumb Code     0  startup_stm32f40_41xxx.o(.text)
    EXTI3_IRQHandler                         0x080021db   Thumb Code     0  startup_stm32f40_41xxx.o(.text)
    EXTI4_IRQHandler                         0x080021db   Thumb Code     0  startup_stm32f40_41xxx.o(.text)
    EXTI9_5_IRQHandler                       0x080021db   Thumb Code     0  startup_stm32f40_41xxx.o(.text)
    FLASH_IRQHandler                         0x080021db   Thumb Code     0  startup_stm32f40_41xxx.o(.text)
    FPU_IRQHandler                           0x080021db   Thumb Code     0  startup_stm32f40_41xxx.o(.text)
    FSMC_IRQHandler                          0x080021db   Thumb Code     0  startup_stm32f40_41xxx.o(.text)
    HASH_RNG_IRQHandler                      0x080021db   Thumb Code     0  startup_stm32f40_41xxx.o(.text)
    I2C1_ER_IRQHandler                       0x080021db   Thumb Code     0  startup_stm32f40_41xxx.o(.text)
    I2C1_EV_IRQHandler                       0x080021db   Thumb Code     0  startup_stm32f40_41xxx.o(.text)
    I2C2_ER_IRQHandler                       0x080021db   Thumb Code     0  startup_stm32f40_41xxx.o(.text)
    I2C2_EV_IRQHandler                       0x080021db   Thumb Code     0  startup_stm32f40_41xxx.o(.text)
    I2C3_ER_IRQHandler                       0x080021db   Thumb Code     0  startup_stm32f40_41xxx.o(.text)
    I2C3_EV_IRQHandler                       0x080021db   Thumb Code     0  startup_stm32f40_41xxx.o(.text)
    OTG_FS_IRQHandler                        0x080021db   Thumb Code     0  startup_stm32f40_41xxx.o(.text)
    OTG_FS_WKUP_IRQHandler                   0x080021db   Thumb Code     0  startup_stm32f40_41xxx.o(.text)
    OTG_HS_EP1_IN_IRQHandler                 0x080021db   Thumb Code     0  startup_stm32f40_41xxx.o(.text)
    OTG_HS_EP1_OUT_IRQHandler                0x080021db   Thumb Code     0  startup_stm32f40_41xxx.o(.text)
    OTG_HS_IRQHandler                        0x080021db   Thumb Code     0  startup_stm32f40_41xxx.o(.text)
    OTG_HS_WKUP_IRQHandler                   0x080021db   Thumb Code     0  startup_stm32f40_41xxx.o(.text)
    PVD_IRQHandler                           0x080021db   Thumb Code     0  startup_stm32f40_41xxx.o(.text)
    RCC_IRQHandler                           0x080021db   Thumb Code     0  startup_stm32f40_41xxx.o(.text)
    RTC_Alarm_IRQHandler                     0x080021db   Thumb Code     0  startup_stm32f40_41xxx.o(.text)
    RTC_WKUP_IRQHandler                      0x080021db   Thumb Code     0  startup_stm32f40_41xxx.o(.text)
    SDIO_IRQHandler                          0x080021db   Thumb Code     0  startup_stm32f40_41xxx.o(.text)
    SPI1_IRQHandler                          0x080021db   Thumb Code     0  startup_stm32f40_41xxx.o(.text)
    SPI2_IRQHandler                          0x080021db   Thumb Code     0  startup_stm32f40_41xxx.o(.text)
    SPI3_IRQHandler                          0x080021db   Thumb Code     0  startup_stm32f40_41xxx.o(.text)
    TAMP_STAMP_IRQHandler                    0x080021db   Thumb Code     0  startup_stm32f40_41xxx.o(.text)
    TIM1_BRK_TIM9_IRQHandler                 0x080021db   Thumb Code     0  startup_stm32f40_41xxx.o(.text)
    TIM1_CC_IRQHandler                       0x080021db   Thumb Code     0  startup_stm32f40_41xxx.o(.text)
    TIM1_TRG_COM_TIM11_IRQHandler            0x080021db   Thumb Code     0  startup_stm32f40_41xxx.o(.text)
    TIM1_UP_TIM10_IRQHandler                 0x080021db   Thumb Code     0  startup_stm32f40_41xxx.o(.text)
    TIM3_IRQHandler                          0x080021db   Thumb Code     0  startup_stm32f40_41xxx.o(.text)
    TIM4_IRQHandler                          0x080021db   Thumb Code     0  startup_stm32f40_41xxx.o(.text)
    TIM5_IRQHandler                          0x080021db   Thumb Code     0  startup_stm32f40_41xxx.o(.text)
    TIM6_DAC_IRQHandler                      0x080021db   Thumb Code     0  startup_stm32f40_41xxx.o(.text)
    TIM7_IRQHandler                          0x080021db   Thumb Code     0  startup_stm32f40_41xxx.o(.text)
    TIM8_BRK_TIM12_IRQHandler                0x080021db   Thumb Code     0  startup_stm32f40_41xxx.o(.text)
    TIM8_CC_IRQHandler                       0x080021db   Thumb Code     0  startup_stm32f40_41xxx.o(.text)
    TIM8_TRG_COM_TIM14_IRQHandler            0x080021db   Thumb Code     0  startup_stm32f40_41xxx.o(.text)
    TIM8_UP_TIM13_IRQHandler                 0x080021db   Thumb Code     0  startup_stm32f40_41xxx.o(.text)
    UART4_IRQHandler                         0x080021db   Thumb Code     0  startup_stm32f40_41xxx.o(.text)
    UART5_IRQHandler                         0x080021db   Thumb Code     0  startup_stm32f40_41xxx.o(.text)
    USART1_IRQHandler                        0x080021db   Thumb Code     0  startup_stm32f40_41xxx.o(.text)
    USART2_IRQHandler                        0x080021db   Thumb Code     0  startup_stm32f40_41xxx.o(.text)
    USART3_IRQHandler                        0x080021db   Thumb Code     0  startup_stm32f40_41xxx.o(.text)
    USART6_IRQHandler                        0x080021db   Thumb Code     0  startup_stm32f40_41xxx.o(.text)
    WWDG_IRQHandler                          0x080021db   Thumb Code     0  startup_stm32f40_41xxx.o(.text)
    __user_initial_stackheap                 0x080021dd   Thumb Code     0  startup_stm32f40_41xxx.o(.text)
    NVIC_PriorityGroupConfig                 0x08002201   Thumb Code    10  misc.o(.text)
    NVIC_Init                                0x0800220b   Thumb Code   106  misc.o(.text)
    NVIC_SetVectorTable                      0x08002275   Thumb Code    14  misc.o(.text)
    NVIC_SystemLPConfig                      0x08002283   Thumb Code    34  misc.o(.text)
    SysTick_CLKSourceConfig                  0x080022a5   Thumb Code    40  misc.o(.text)
    GPIO_DeInit                              0x080022e1   Thumb Code   268  stm32f4xx_gpio.o(.text)
    GPIO_Init                                0x080023ed   Thumb Code   144  stm32f4xx_gpio.o(.text)
    GPIO_StructInit                          0x0800247d   Thumb Code    18  stm32f4xx_gpio.o(.text)
    GPIO_PinLockConfig                       0x0800248f   Thumb Code    34  stm32f4xx_gpio.o(.text)
    GPIO_ReadInputDataBit                    0x080024b1   Thumb Code    18  stm32f4xx_gpio.o(.text)
    GPIO_ReadInputData                       0x080024c3   Thumb Code     8  stm32f4xx_gpio.o(.text)
    GPIO_ReadOutputDataBit                   0x080024cb   Thumb Code    18  stm32f4xx_gpio.o(.text)
    GPIO_ReadOutputData                      0x080024dd   Thumb Code     8  stm32f4xx_gpio.o(.text)
    GPIO_SetBits                             0x080024e5   Thumb Code     4  stm32f4xx_gpio.o(.text)
    GPIO_ResetBits                           0x080024e9   Thumb Code     4  stm32f4xx_gpio.o(.text)
    GPIO_WriteBit                            0x080024ed   Thumb Code    10  stm32f4xx_gpio.o(.text)
    GPIO_Write                               0x080024f7   Thumb Code     4  stm32f4xx_gpio.o(.text)
    GPIO_ToggleBits                          0x080024fb   Thumb Code     8  stm32f4xx_gpio.o(.text)
    GPIO_PinAFConfig                         0x08002503   Thumb Code    70  stm32f4xx_gpio.o(.text)
    RCC_DeInit                               0x08002575   Thumb Code    82  stm32f4xx_rcc.o(.text)
    RCC_HSEConfig                            0x080025c7   Thumb Code    14  stm32f4xx_rcc.o(.text)
    RCC_GetFlagStatus                        0x080025d5   Thumb Code    60  stm32f4xx_rcc.o(.text)
    RCC_WaitForHSEStartUp                    0x08002611   Thumb Code    56  stm32f4xx_rcc.o(.text)
    RCC_AdjustHSICalibrationValue            0x08002649   Thumb Code    20  stm32f4xx_rcc.o(.text)
    RCC_HSICmd                               0x0800265d   Thumb Code     6  stm32f4xx_rcc.o(.text)
    RCC_LSEConfig                            0x08002663   Thumb Code    46  stm32f4xx_rcc.o(.text)
    RCC_LSICmd                               0x08002691   Thumb Code     6  stm32f4xx_rcc.o(.text)
    RCC_PLLConfig                            0x08002697   Thumb Code    32  stm32f4xx_rcc.o(.text)
    RCC_PLLCmd                               0x080026b7   Thumb Code     6  stm32f4xx_rcc.o(.text)
    RCC_PLLI2SConfig                         0x080026bd   Thumb Code    14  stm32f4xx_rcc.o(.text)
    RCC_PLLI2SCmd                            0x080026cb   Thumb Code     6  stm32f4xx_rcc.o(.text)
    RCC_PLLSAIConfig                         0x080026d1   Thumb Code    20  stm32f4xx_rcc.o(.text)
    RCC_PLLSAICmd                            0x080026e5   Thumb Code     6  stm32f4xx_rcc.o(.text)
    RCC_ClockSecuritySystemCmd               0x080026eb   Thumb Code     6  stm32f4xx_rcc.o(.text)
    RCC_MCO1Config                           0x080026f1   Thumb Code    28  stm32f4xx_rcc.o(.text)
    RCC_MCO2Config                           0x0800270d   Thumb Code    28  stm32f4xx_rcc.o(.text)
    RCC_SYSCLKConfig                         0x08002729   Thumb Code    20  stm32f4xx_rcc.o(.text)
    RCC_GetSYSCLKSource                      0x0800273d   Thumb Code    12  stm32f4xx_rcc.o(.text)
    RCC_HCLKConfig                           0x08002749   Thumb Code    20  stm32f4xx_rcc.o(.text)
    RCC_PCLK1Config                          0x0800275d   Thumb Code    20  stm32f4xx_rcc.o(.text)
    RCC_PCLK2Config                          0x08002771   Thumb Code    22  stm32f4xx_rcc.o(.text)
    RCC_GetClocksFreq                        0x08002787   Thumb Code   222  stm32f4xx_rcc.o(.text)
    RCC_RTCCLKConfig                         0x08002865   Thumb Code    54  stm32f4xx_rcc.o(.text)
    RCC_RTCCLKCmd                            0x0800289b   Thumb Code     8  stm32f4xx_rcc.o(.text)
    RCC_BackupResetCmd                       0x080028a3   Thumb Code     8  stm32f4xx_rcc.o(.text)
    RCC_I2SCLKConfig                         0x080028ab   Thumb Code     6  stm32f4xx_rcc.o(.text)
    RCC_SAIPLLI2SClkDivConfig                0x080028b1   Thumb Code    26  stm32f4xx_rcc.o(.text)
    RCC_SAIPLLSAIClkDivConfig                0x080028cb   Thumb Code    28  stm32f4xx_rcc.o(.text)
    RCC_SAIBlockACLKConfig                   0x080028e7   Thumb Code    20  stm32f4xx_rcc.o(.text)
    RCC_SAIBlockBCLKConfig                   0x080028fb   Thumb Code    20  stm32f4xx_rcc.o(.text)
    RCC_LTDCCLKDivConfig                     0x0800290f   Thumb Code    20  stm32f4xx_rcc.o(.text)
    RCC_TIMCLKPresConfig                     0x08002923   Thumb Code     6  stm32f4xx_rcc.o(.text)
    RCC_AHB1PeriphClockCmd                   0x08002929   Thumb Code    34  stm32f4xx_rcc.o(.text)
    RCC_AHB2PeriphClockCmd                   0x0800294b   Thumb Code    78  stm32f4xx_rcc.o(.text)
    RCC_AHB3PeriphClockCmd                   0x08002999   Thumb Code    34  stm32f4xx_rcc.o(.text)
    RCC_APB1PeriphClockCmd                   0x080029bb   Thumb Code    34  stm32f4xx_rcc.o(.text)
    RCC_APB2PeriphClockCmd                   0x080029dd   Thumb Code    34  stm32f4xx_rcc.o(.text)
    RCC_AHB1PeriphResetCmd                   0x080029ff   Thumb Code    34  stm32f4xx_rcc.o(.text)
    RCC_AHB2PeriphResetCmd                   0x08002a21   Thumb Code    34  stm32f4xx_rcc.o(.text)
    RCC_AHB3PeriphResetCmd                   0x08002a43   Thumb Code    34  stm32f4xx_rcc.o(.text)
    RCC_APB1PeriphResetCmd                   0x08002a65   Thumb Code    34  stm32f4xx_rcc.o(.text)
    RCC_APB2PeriphResetCmd                   0x08002a87   Thumb Code    34  stm32f4xx_rcc.o(.text)
    RCC_AHB1PeriphClockLPModeCmd             0x08002aa9   Thumb Code    34  stm32f4xx_rcc.o(.text)
    RCC_AHB2PeriphClockLPModeCmd             0x08002acb   Thumb Code    34  stm32f4xx_rcc.o(.text)
    RCC_AHB3PeriphClockLPModeCmd             0x08002aed   Thumb Code    34  stm32f4xx_rcc.o(.text)
    RCC_APB1PeriphClockLPModeCmd             0x08002b0f   Thumb Code    34  stm32f4xx_rcc.o(.text)
    RCC_APB2PeriphClockLPModeCmd             0x08002b31   Thumb Code    34  stm32f4xx_rcc.o(.text)
    RCC_LSEModeConfig                        0x08002b53   Thumb Code    40  stm32f4xx_rcc.o(.text)
    RCC_ITConfig                             0x08002b7b   Thumb Code    34  stm32f4xx_rcc.o(.text)
    RCC_ClearFlag                            0x08002b9d   Thumb Code    18  stm32f4xx_rcc.o(.text)
    RCC_GetITStatus                          0x08002baf   Thumb Code    22  stm32f4xx_rcc.o(.text)
    RCC_ClearITPendingBit                    0x08002bc5   Thumb Code     8  stm32f4xx_rcc.o(.text)
    TIM_DeInit                               0x08002bd1   Thumb Code   346  stm32f4xx_tim.o(.text)
    TIM_TimeBaseInit                         0x08002d2b   Thumb Code   104  stm32f4xx_tim.o(.text)
    TIM_TimeBaseStructInit                   0x08002d93   Thumb Code    18  stm32f4xx_tim.o(.text)
    TIM_PrescalerConfig                      0x08002da5   Thumb Code     6  stm32f4xx_tim.o(.text)
    TIM_CounterModeConfig                    0x08002dab   Thumb Code    18  stm32f4xx_tim.o(.text)
    TIM_SetCounter                           0x08002dbd   Thumb Code     4  stm32f4xx_tim.o(.text)
    TIM_SetAutoreload                        0x08002dc1   Thumb Code     4  stm32f4xx_tim.o(.text)
    TIM_GetCounter                           0x08002dc5   Thumb Code     6  stm32f4xx_tim.o(.text)
    TIM_GetPrescaler                         0x08002dcb   Thumb Code     6  stm32f4xx_tim.o(.text)
    TIM_UpdateDisableConfig                  0x08002dd1   Thumb Code    24  stm32f4xx_tim.o(.text)
    TIM_UpdateRequestConfig                  0x08002de9   Thumb Code    24  stm32f4xx_tim.o(.text)
    TIM_ARRPreloadConfig                     0x08002e01   Thumb Code    24  stm32f4xx_tim.o(.text)
    TIM_SelectOnePulseMode                   0x08002e19   Thumb Code    18  stm32f4xx_tim.o(.text)
    TIM_SetClockDivision                     0x08002e2b   Thumb Code    18  stm32f4xx_tim.o(.text)
    TIM_Cmd                                  0x08002e3d   Thumb Code    24  stm32f4xx_tim.o(.text)
    TIM_OC1Init                              0x08002e55   Thumb Code   114  stm32f4xx_tim.o(.text)
    TIM_OC2Init                              0x08002ec7   Thumb Code   154  stm32f4xx_tim.o(.text)
    TIM_OC3Init                              0x08002f61   Thumb Code   204  stm32f4xx_tim.o(.text)
    TIM_OC4Init                              0x0800302d   Thumb Code   112  stm32f4xx_tim.o(.text)
    TIM_OCStructInit                         0x0800309d   Thumb Code    20  stm32f4xx_tim.o(.text)
    TIM_SelectOCxM                           0x080030b1   Thumb Code    86  stm32f4xx_tim.o(.text)
    TIM_SetCompare1                          0x08003107   Thumb Code     4  stm32f4xx_tim.o(.text)
    TIM_SetCompare2                          0x0800310b   Thumb Code     4  stm32f4xx_tim.o(.text)
    TIM_SetCompare3                          0x0800310f   Thumb Code     4  stm32f4xx_tim.o(.text)
    TIM_SetCompare4                          0x08003113   Thumb Code     4  stm32f4xx_tim.o(.text)
    TIM_ForcedOC1Config                      0x08003117   Thumb Code    18  stm32f4xx_tim.o(.text)
    TIM_ForcedOC2Config                      0x08003129   Thumb Code    26  stm32f4xx_tim.o(.text)
    TIM_ForcedOC3Config                      0x08003143   Thumb Code    18  stm32f4xx_tim.o(.text)
    TIM_ForcedOC4Config                      0x08003155   Thumb Code    26  stm32f4xx_tim.o(.text)
    TIM_OC1PreloadConfig                     0x0800316f   Thumb Code    18  stm32f4xx_tim.o(.text)
    TIM_OC2PreloadConfig                     0x08003181   Thumb Code    26  stm32f4xx_tim.o(.text)
    TIM_OC3PreloadConfig                     0x0800319b   Thumb Code    18  stm32f4xx_tim.o(.text)
    TIM_OC4PreloadConfig                     0x080031ad   Thumb Code    26  stm32f4xx_tim.o(.text)
    TIM_OC1FastConfig                        0x080031c7   Thumb Code    18  stm32f4xx_tim.o(.text)
    TIM_OC2FastConfig                        0x080031d9   Thumb Code    26  stm32f4xx_tim.o(.text)
    TIM_OC3FastConfig                        0x080031f3   Thumb Code    18  stm32f4xx_tim.o(.text)
    TIM_OC4FastConfig                        0x08003205   Thumb Code    26  stm32f4xx_tim.o(.text)
    TIM_ClearOC1Ref                          0x0800321f   Thumb Code    18  stm32f4xx_tim.o(.text)
    TIM_ClearOC2Ref                          0x08003231   Thumb Code    24  stm32f4xx_tim.o(.text)
    TIM_ClearOC3Ref                          0x08003249   Thumb Code    18  stm32f4xx_tim.o(.text)
    TIM_ClearOC4Ref                          0x0800325b   Thumb Code    24  stm32f4xx_tim.o(.text)
    TIM_OC1PolarityConfig                    0x08003273   Thumb Code    18  stm32f4xx_tim.o(.text)
    TIM_OC1NPolarityConfig                   0x08003285   Thumb Code    18  stm32f4xx_tim.o(.text)
    TIM_OC2PolarityConfig                    0x08003297   Thumb Code    26  stm32f4xx_tim.o(.text)
    TIM_OC2NPolarityConfig                   0x080032b1   Thumb Code    26  stm32f4xx_tim.o(.text)
    TIM_OC3PolarityConfig                    0x080032cb   Thumb Code    26  stm32f4xx_tim.o(.text)
    TIM_OC3NPolarityConfig                   0x080032e5   Thumb Code    26  stm32f4xx_tim.o(.text)
    TIM_OC4PolarityConfig                    0x080032ff   Thumb Code    26  stm32f4xx_tim.o(.text)
    TIM_CCxCmd                               0x08003319   Thumb Code    30  stm32f4xx_tim.o(.text)
    TIM_CCxNCmd                              0x08003337   Thumb Code    30  stm32f4xx_tim.o(.text)
    TIM_SetIC4Prescaler                      0x08003355   Thumb Code    26  stm32f4xx_tim.o(.text)
    TIM_SetIC3Prescaler                      0x080033bf   Thumb Code    18  stm32f4xx_tim.o(.text)
    TIM_SetIC2Prescaler                      0x08003419   Thumb Code    26  stm32f4xx_tim.o(.text)
    TIM_SetIC1Prescaler                      0x0800348d   Thumb Code    18  stm32f4xx_tim.o(.text)
    TIM_ICInit                               0x080034d9   Thumb Code   110  stm32f4xx_tim.o(.text)
    TIM_ICStructInit                         0x08003547   Thumb Code    18  stm32f4xx_tim.o(.text)
    TIM_PWMIConfig                           0x08003559   Thumb Code   124  stm32f4xx_tim.o(.text)
    TIM_GetCapture1                          0x080035d5   Thumb Code     6  stm32f4xx_tim.o(.text)
    TIM_GetCapture2                          0x080035db   Thumb Code     6  stm32f4xx_tim.o(.text)
    TIM_GetCapture3                          0x080035e1   Thumb Code     6  stm32f4xx_tim.o(.text)
    TIM_GetCapture4                          0x080035e7   Thumb Code     6  stm32f4xx_tim.o(.text)
    TIM_BDTRConfig                           0x080035ed   Thumb Code    32  stm32f4xx_tim.o(.text)
    TIM_BDTRStructInit                       0x0800360d   Thumb Code    18  stm32f4xx_tim.o(.text)
    TIM_CtrlPWMOutputs                       0x0800361f   Thumb Code    30  stm32f4xx_tim.o(.text)
    TIM_SelectCOM                            0x0800363d   Thumb Code    24  stm32f4xx_tim.o(.text)
    TIM_CCPreloadControl                     0x08003655   Thumb Code    24  stm32f4xx_tim.o(.text)
    TIM_ITConfig                             0x0800366d   Thumb Code    18  stm32f4xx_tim.o(.text)
    TIM_GenerateEvent                        0x0800367f   Thumb Code     4  stm32f4xx_tim.o(.text)
    TIM_GetFlagStatus                        0x08003683   Thumb Code    18  stm32f4xx_tim.o(.text)
    TIM_ClearFlag                            0x08003695   Thumb Code     6  stm32f4xx_tim.o(.text)
    TIM_GetITStatus                          0x0800369b   Thumb Code    34  stm32f4xx_tim.o(.text)
    TIM_ClearITPendingBit                    0x080036bd   Thumb Code     6  stm32f4xx_tim.o(.text)
    TIM_DMAConfig                            0x080036c3   Thumb Code    10  stm32f4xx_tim.o(.text)
    TIM_DMACmd                               0x080036cd   Thumb Code    18  stm32f4xx_tim.o(.text)
    TIM_SelectCCDMA                          0x080036df   Thumb Code    24  stm32f4xx_tim.o(.text)
    TIM_InternalClockConfig                  0x080036f7   Thumb Code    12  stm32f4xx_tim.o(.text)
    TIM_SelectInputTrigger                   0x08003703   Thumb Code    18  stm32f4xx_tim.o(.text)
    TIM_ITRxExternalClockConfig              0x08003715   Thumb Code    24  stm32f4xx_tim.o(.text)
    TIM_TIxExternalClockConfig               0x0800372d   Thumb Code    62  stm32f4xx_tim.o(.text)
    TIM_ETRConfig                            0x0800376b   Thumb Code    28  stm32f4xx_tim.o(.text)
    TIM_ETRClockMode1Config                  0x08003787   Thumb Code    54  stm32f4xx_tim.o(.text)
    TIM_ETRClockMode2Config                  0x080037bd   Thumb Code    32  stm32f4xx_tim.o(.text)
    TIM_SelectOutputTrigger                  0x080037dd   Thumb Code    18  stm32f4xx_tim.o(.text)
    TIM_SelectSlaveMode                      0x080037ef   Thumb Code    18  stm32f4xx_tim.o(.text)
    TIM_SelectMasterSlaveMode                0x08003801   Thumb Code    18  stm32f4xx_tim.o(.text)
    TIM_EncoderInterfaceConfig               0x08003813   Thumb Code    66  stm32f4xx_tim.o(.text)
    TIM_SelectHallSensor                     0x08003855   Thumb Code    24  stm32f4xx_tim.o(.text)
    TIM_RemapConfig                          0x0800386d   Thumb Code     6  stm32f4xx_tim.o(.text)
    __aeabi_memcpy4                          0x08003873   Thumb Code     0  rt_memcpy_w.o(.text)
    __aeabi_memcpy8                          0x08003873   Thumb Code     0  rt_memcpy_w.o(.text)
    __rt_memcpy_w                            0x08003873   Thumb Code   100  rt_memcpy_w.o(.text)
    _memcpy_lastbytes_aligned                0x080038bb   Thumb Code     0  rt_memcpy_w.o(.text)
    __aeabi_memclr4                          0x080038d7   Thumb Code     0  rt_memclr_w.o(.text)
    __aeabi_memclr8                          0x080038d7   Thumb Code     0  rt_memclr_w.o(.text)
    __rt_memclr_w                            0x080038d7   Thumb Code    78  rt_memclr_w.o(.text)
    _memset_w                                0x080038db   Thumb Code     0  rt_memclr_w.o(.text)
    __use_two_region_memory                  0x08003925   Thumb Code     2  heapauxi.o(.text)
    __rt_heap_escrow$2region                 0x08003927   Thumb Code     2  heapauxi.o(.text)
    __rt_heap_expand$2region                 0x08003929   Thumb Code     2  heapauxi.o(.text)
    __read_errno                             0x0800392b   Thumb Code    10  _rserrno.o(.text)
    __set_errno                              0x08003935   Thumb Code    12  _rserrno.o(.text)
    __aeabi_errno_addr                       0x08003941   Thumb Code     8  rt_errno_addr_intlibspace.o(.text)
    __errno$intlibspace                      0x08003941   Thumb Code     0  rt_errno_addr_intlibspace.o(.text)
    __rt_errno_addr$intlibspace              0x08003941   Thumb Code     0  rt_errno_addr_intlibspace.o(.text)
    __user_libspace                          0x08003949   Thumb Code     8  libspace.o(.text)
    __user_perproc_libspace                  0x08003949   Thumb Code     0  libspace.o(.text)
    __user_perthread_libspace                0x08003949   Thumb Code     0  libspace.o(.text)
    __user_setup_stackheap                   0x08003951   Thumb Code    74  sys_stackheap_outer.o(.text)
    exit                                     0x0800399b   Thumb Code    18  exit.o(.text)
    _sys_exit                                0x080039ad   Thumb Code     8  sys_exit.o(.text)
    __I$use$semihosting                      0x080039b9   Thumb Code     0  use_no_semi.o(.text)
    __use_no_semihosting_swi                 0x080039b9   Thumb Code     2  use_no_semi.o(.text)
    __ARM_fpclassify                         0x080039bb   Thumb Code    48  fpclassify.o(i.__ARM_fpclassify)
    __semihosting_library_function           0x080039bb   Thumb Code     0  indicate_semi.o(.text)
    __hardfp_atan                            0x080039f1   Thumb Code   622  atan.o(i.__hardfp_atan)
    __hardfp_atan2                           0x08003cc9   Thumb Code   432  atan2.o(i.__hardfp_atan2)
    __hardfp_cos                             0x08003eb9   Thumb Code   180  cos.o(i.__hardfp_cos)
    __hardfp_sin                             0x08003f81   Thumb Code   180  sin.o(i.__hardfp_sin)
    __hardfp_sqrt                            0x08004049   Thumb Code   122  sqrt.o(i.__hardfp_sqrt)
    __ieee754_rem_pio2                       0x080040c9   Thumb Code   938  rred.o(i.__ieee754_rem_pio2)
    __kernel_cos                             0x08004501   Thumb Code   322  cos_i.o(i.__kernel_cos)
    __kernel_poly                            0x08004671   Thumb Code   248  poly.o(i.__kernel_poly)
    __kernel_sin                             0x08004769   Thumb Code   280  sin_i.o(i.__kernel_sin)
    __mathlib_dbl_infnan                     0x08004899   Thumb Code    20  dunder.o(i.__mathlib_dbl_infnan)
    __mathlib_dbl_infnan2                    0x080048ad   Thumb Code    20  dunder.o(i.__mathlib_dbl_infnan2)
    __mathlib_dbl_invalid                    0x080048c1   Thumb Code    24  dunder.o(i.__mathlib_dbl_invalid)
    __mathlib_dbl_underflow                  0x080048e1   Thumb Code    24  dunder.o(i.__mathlib_dbl_underflow)
    atan                                     0x08004901   Thumb Code    16  atan.o(i.atan)
    fabs                                     0x08004911   Thumb Code    24  fabs.o(i.fabs)
    __aeabi_dneg                             0x08004929   Thumb Code     0  basic.o(x$fpl$basic)
    _dneg                                    0x08004929   Thumb Code     6  basic.o(x$fpl$basic)
    __aeabi_fneg                             0x0800492f   Thumb Code     0  basic.o(x$fpl$basic)
    _fneg                                    0x0800492f   Thumb Code     6  basic.o(x$fpl$basic)
    _dabs                                    0x08004935   Thumb Code     6  basic.o(x$fpl$basic)
    _fabs                                    0x0800493b   Thumb Code     6  basic.o(x$fpl$basic)
    __aeabi_dadd                             0x08004941   Thumb Code     0  daddsub_clz.o(x$fpl$dadd)
    _dadd                                    0x08004941   Thumb Code   332  daddsub_clz.o(x$fpl$dadd)
    __fpl_dcmp_Inf                           0x08004a91   Thumb Code    24  dcmpi.o(x$fpl$dcmpinf)
    __aeabi_ddiv                             0x08004aa9   Thumb Code     0  ddiv.o(x$fpl$ddiv)
    _ddiv                                    0x08004aa9   Thumb Code   552  ddiv.o(x$fpl$ddiv)
    __aeabi_d2iz                             0x08004d59   Thumb Code     0  dfix.o(x$fpl$dfix)
    _dfix                                    0x08004d59   Thumb Code    94  dfix.o(x$fpl$dfix)
    __aeabi_d2uiz                            0x08004db9   Thumb Code     0  dfixu.o(x$fpl$dfixu)
    _dfixu                                   0x08004db9   Thumb Code    90  dfixu.o(x$fpl$dfixu)
    __aeabi_i2d                              0x08004e13   Thumb Code     0  dflt_clz.o(x$fpl$dflt)
    _dflt                                    0x08004e13   Thumb Code    46  dflt_clz.o(x$fpl$dflt)
    __aeabi_ui2d                             0x08004e41   Thumb Code     0  dflt_clz.o(x$fpl$dfltu)
    _dfltu                                   0x08004e41   Thumb Code    38  dflt_clz.o(x$fpl$dfltu)
    __aeabi_cdcmple                          0x08004e69   Thumb Code     0  dleqf.o(x$fpl$dleqf)
    _dcmple                                  0x08004e69   Thumb Code   120  dleqf.o(x$fpl$dleqf)
    __fpl_dcmple_InfNaN                      0x08004ecb   Thumb Code     0  dleqf.o(x$fpl$dleqf)
    __aeabi_dmul                             0x08004ee1   Thumb Code     0  dmul.o(x$fpl$dmul)
    _dmul                                    0x08004ee1   Thumb Code   332  dmul.o(x$fpl$dmul)
    __fpl_dnaninf                            0x08005035   Thumb Code   156  dnaninf.o(x$fpl$dnaninf)
    __fpl_dretinf                            0x080050d1   Thumb Code    12  dretinf.o(x$fpl$dretinf)
    __aeabi_cdrcmple                         0x080050dd   Thumb Code     0  drleqf.o(x$fpl$drleqf)
    _drcmple                                 0x080050dd   Thumb Code   108  drleqf.o(x$fpl$drleqf)
    __aeabi_drsub                            0x08005149   Thumb Code     0  daddsub_clz.o(x$fpl$drsb)
    _drsb                                    0x08005149   Thumb Code    22  daddsub_clz.o(x$fpl$drsb)
    _dsqrt                                   0x08005161   Thumb Code   404  dsqrt_umaal.o(x$fpl$dsqrt)
    __aeabi_dsub                             0x080052f9   Thumb Code     0  daddsub_clz.o(x$fpl$dsub)
    _dsub                                    0x080052f9   Thumb Code   464  daddsub_clz.o(x$fpl$dsub)
    _fp_init                                 0x080054cd   Thumb Code    10  fpinit.o(x$fpl$fpinit)
    __fplib_config_fpu_vfp                   0x080054d5   Thumb Code     0  fpinit.o(x$fpl$fpinit)
    __fplib_config_pureend_doubles           0x080054d5   Thumb Code     0  fpinit.o(x$fpl$fpinit)
    __I$use$fp                               0x080054d6   Number         0  usenofp.o(x$fpl$usenofp)
    asc2_0806                                0x080054d6   Data         552  oled.o(.constdata)
    asc2_1206                                0x080056fe   Data        1140  oled.o(.constdata)
    asc2_1608                                0x08005b72   Data        1520  oled.o(.constdata)
    asc2_2412                                0x08006162   Data        3420  oled.o(.constdata)
    Hzk1                                     0x08006ebe   Data         576  oled.o(.constdata)
    Hzk2                                     0x080070fe   Data          72  oled.o(.constdata)
    Hzk3                                     0x08007146   Data         128  oled.o(.constdata)
    Hzk4                                     0x080071c6   Data         512  oled.o(.constdata)
    __mathlib_zero                           0x08007490   Data           8  qnan.o(.constdata)
    Region$$Table$$Base                      0x08007588   Number         0  anon$$obj.o(Region$$Table)
    Region$$Table$$Limit                     0x080075a8   Number         0  anon$$obj.o(Region$$Table)
    enemyNum                                 0x20000000   Data           4  main.o(.data)
    rawEnemyNum                              0x20000004   Data           4  main.o(.data)
    SystemCoreClock                          0x20000008   Data           4  system_stm32f4xx.o(.data)
    AHBPrescTable                            0x2000000c   Data          16  system_stm32f4xx.o(.data)
    GROUND                                   0x2000001c   Data        1024  oled.o(.data)
    tick_10us                                0x2000041c   Data           4  tick.o(.data)
    enemyPos                                 0x20000438   Data         480  main.o(.bss)
    rawEnemy                                 0x20000618   Data       13120  main.o(.bss)
    ifDelete                                 0x20003958   Data        3280  main.o(.bss)
    bucket                                   0x20004628   Data       32800  main.o(.bss)
    OLED_GRAM                                0x2000c648   Data        1152  oled.o(.bss)
    __libspace_start                         0x2000cac8   Data          96  libspace.o(.bss)
    __temporary_stack_top$libspace           0x2000cb28   Data           0  libspace.o(.bss)



==============================================================================

Memory Map of the image

  Image Entry point : 0x08000189

  Load Region LR_IROM1 (Base: 0x08000000, Size: 0x000079dc, Max: 0x00100000, ABSOLUTE, COMPRESSED[0x00007754])

    Execution Region ER_IROM1 (Exec base: 0x08000000, Load base: 0x08000000, Size: 0x000075a8, Max: 0x00100000, ABSOLUTE)

    Exec Addr    Load Addr    Size         Type   Attr      Idx    E Section Name        Object

    0x08000000   0x08000000   0x00000188   Data   RO          413    RESET               startup_stm32f40_41xxx.o
    0x08000188   0x08000188   0x00000008   Code   RO          548  * !!!main             c_w.l(__main.o)
    0x08000190   0x08000190   0x00000034   Code   RO          856    !!!scatter          c_w.l(__scatter.o)
    0x080001c4   0x080001c4   0x0000005a   Code   RO          854    !!dczerorl2         c_w.l(__dczerorl2.o)
    0x0800021e   0x0800021e   0x00000002   PAD
    0x08000220   0x08000220   0x0000001c   Code   RO          858    !!handler_zi        c_w.l(__scatter_zi.o)
    0x0800023c   0x0800023c   0x00000002   Code   RO          727    .ARM.Collect$$libinit$$00000000  c_w.l(libinit.o)
    0x0800023e   0x0800023e   0x00000004   Code   RO          730    .ARM.Collect$$libinit$$00000001  c_w.l(libinit2.o)
    0x08000242   0x08000242   0x00000000   Code   RO          733    .ARM.Collect$$libinit$$00000004  c_w.l(libinit2.o)
    0x08000242   0x08000242   0x00000000   Code   RO          736    .ARM.Collect$$libinit$$0000000A  c_w.l(libinit2.o)
    0x08000242   0x08000242   0x00000000   Code   RO          738    .ARM.Collect$$libinit$$0000000C  c_w.l(libinit2.o)
    0x08000242   0x08000242   0x00000000   Code   RO          740    .ARM.Collect$$libinit$$0000000E  c_w.l(libinit2.o)
    0x08000242   0x08000242   0x00000000   Code   RO          743    .ARM.Collect$$libinit$$00000011  c_w.l(libinit2.o)
    0x08000242   0x08000242   0x00000000   Code   RO          745    .ARM.Collect$$libinit$$00000013  c_w.l(libinit2.o)
    0x08000242   0x08000242   0x00000000   Code   RO          747    .ARM.Collect$$libinit$$00000015  c_w.l(libinit2.o)
    0x08000242   0x08000242   0x00000000   Code   RO          749    .ARM.Collect$$libinit$$00000017  c_w.l(libinit2.o)
    0x08000242   0x08000242   0x00000000   Code   RO          751    .ARM.Collect$$libinit$$00000019  c_w.l(libinit2.o)
    0x08000242   0x08000242   0x00000000   Code   RO          753    .ARM.Collect$$libinit$$0000001B  c_w.l(libinit2.o)
    0x08000242   0x08000242   0x00000000   Code   RO          755    .ARM.Collect$$libinit$$0000001D  c_w.l(libinit2.o)
    0x08000242   0x08000242   0x00000000   Code   RO          757    .ARM.Collect$$libinit$$0000001F  c_w.l(libinit2.o)
    0x08000242   0x08000242   0x00000000   Code   RO          759    .ARM.Collect$$libinit$$00000021  c_w.l(libinit2.o)
    0x08000242   0x08000242   0x00000000   Code   RO          761    .ARM.Collect$$libinit$$00000023  c_w.l(libinit2.o)
    0x08000242   0x08000242   0x00000000   Code   RO          763    .ARM.Collect$$libinit$$00000025  c_w.l(libinit2.o)
    0x08000242   0x08000242   0x00000000   Code   RO          767    .ARM.Collect$$libinit$$0000002C  c_w.l(libinit2.o)
    0x08000242   0x08000242   0x00000000   Code   RO          769    .ARM.Collect$$libinit$$0000002E  c_w.l(libinit2.o)
    0x08000242   0x08000242   0x00000000   Code   RO          771    .ARM.Collect$$libinit$$00000030  c_w.l(libinit2.o)
    0x08000242   0x08000242   0x00000000   Code   RO          773    .ARM.Collect$$libinit$$00000032  c_w.l(libinit2.o)
    0x08000242   0x08000242   0x00000002   Code   RO          774    .ARM.Collect$$libinit$$00000033  c_w.l(libinit2.o)
    0x08000244   0x08000244   0x00000002   Code   RO          794    .ARM.Collect$$libshutdown$$00000000  c_w.l(libshutdown.o)
    0x08000246   0x08000246   0x00000000   Code   RO          807    .ARM.Collect$$libshutdown$$00000002  c_w.l(libshutdown2.o)
    0x08000246   0x08000246   0x00000000   Code   RO          809    .ARM.Collect$$libshutdown$$00000004  c_w.l(libshutdown2.o)
    0x08000246   0x08000246   0x00000000   Code   RO          812    .ARM.Collect$$libshutdown$$00000007  c_w.l(libshutdown2.o)
    0x08000246   0x08000246   0x00000000   Code   RO          815    .ARM.Collect$$libshutdown$$0000000A  c_w.l(libshutdown2.o)
    0x08000246   0x08000246   0x00000000   Code   RO          817    .ARM.Collect$$libshutdown$$0000000C  c_w.l(libshutdown2.o)
    0x08000246   0x08000246   0x00000000   Code   RO          820    .ARM.Collect$$libshutdown$$0000000F  c_w.l(libshutdown2.o)
    0x08000246   0x08000246   0x00000002   Code   RO          821    .ARM.Collect$$libshutdown$$00000010  c_w.l(libshutdown2.o)
    0x08000248   0x08000248   0x00000000   Code   RO          628    .ARM.Collect$$rtentry$$00000000  c_w.l(__rtentry.o)
    0x08000248   0x08000248   0x00000000   Code   RO          690    .ARM.Collect$$rtentry$$00000002  c_w.l(__rtentry2.o)
    0x08000248   0x08000248   0x00000006   Code   RO          702    .ARM.Collect$$rtentry$$00000004  c_w.l(__rtentry4.o)
    0x0800024e   0x0800024e   0x00000000   Code   RO          692    .ARM.Collect$$rtentry$$00000009  c_w.l(__rtentry2.o)
    0x0800024e   0x0800024e   0x00000004   Code   RO          693    .ARM.Collect$$rtentry$$0000000A  c_w.l(__rtentry2.o)
    0x08000252   0x08000252   0x00000000   Code   RO          695    .ARM.Collect$$rtentry$$0000000C  c_w.l(__rtentry2.o)
    0x08000252   0x08000252   0x00000008   Code   RO          696    .ARM.Collect$$rtentry$$0000000D  c_w.l(__rtentry2.o)
    0x0800025a   0x0800025a   0x00000002   Code   RO          728    .ARM.Collect$$rtexit$$00000000  c_w.l(rtexit.o)
    0x0800025c   0x0800025c   0x00000000   Code   RO          776    .ARM.Collect$$rtexit$$00000002  c_w.l(rtexit2.o)
    0x0800025c   0x0800025c   0x00000004   Code   RO          777    .ARM.Collect$$rtexit$$00000003  c_w.l(rtexit2.o)
    0x08000260   0x08000260   0x00000006   Code   RO          778    .ARM.Collect$$rtexit$$00000004  c_w.l(rtexit2.o)
    0x08000266   0x08000266   0x00000002   PAD
    0x08000268   0x08000268   0x00000824   Code   RO            3    .text               main.o
    0x08000a8c   0x08000a8c   0x0000001a   Code   RO          165    .text               stm32f4xx_it.o
    0x08000aa6   0x08000aa6   0x00000002   PAD
    0x08000aa8   0x08000aa8   0x00000210   Code   RO          214    .text               system_stm32f4xx.o
    0x08000cb8   0x08000cb8   0x00000d38   Code   RO          240    .text               oled.o
    0x080019f0   0x080019f0   0x0000006c   Code   RO          268    .text               beep.o
    0x08001a5c   0x08001a5c   0x00000300   Code   RO          286    .text               tool.o
    0x08001d5c   0x08001d5c   0x000000a8   Code   RO          307    .text               tick.o
    0x08001e04   0x08001e04   0x00000120   Code   RO          330    .text               dist.o
    0x08001f24   0x08001f24   0x00000198   Code   RO          353    .text               turn.o
    0x080020bc   0x080020bc   0x00000104   Code   RO          373    .text               delay.o
    0x080021c0   0x080021c0   0x00000040   Code   RO          414    .text               startup_stm32f40_41xxx.o
    0x08002200   0x08002200   0x000000e0   Code   RO          420    .text               misc.o
    0x080022e0   0x080022e0   0x00000294   Code   RO          440    .text               stm32f4xx_gpio.o
    0x08002574   0x08002574   0x0000065c   Code   RO          460    .text               stm32f4xx_rcc.o
    0x08002bd0   0x08002bd0   0x00000ca2   Code   RO          522    .text               stm32f4xx_tim.o
    0x08003872   0x08003872   0x00000064   Code   RO          542    .text               c_w.l(rt_memcpy_w.o)
    0x080038d6   0x080038d6   0x0000004e   Code   RO          544    .text               c_w.l(rt_memclr_w.o)
    0x08003924   0x08003924   0x00000006   Code   RO          546    .text               c_w.l(heapauxi.o)
    0x0800392a   0x0800392a   0x00000016   Code   RO          629    .text               c_w.l(_rserrno.o)
    0x08003940   0x08003940   0x00000008   Code   RO          707    .text               c_w.l(rt_errno_addr_intlibspace.o)
    0x08003948   0x08003948   0x00000008   Code   RO          715    .text               c_w.l(libspace.o)
    0x08003950   0x08003950   0x0000004a   Code   RO          718    .text               c_w.l(sys_stackheap_outer.o)
    0x0800399a   0x0800399a   0x00000012   Code   RO          720    .text               c_w.l(exit.o)
    0x080039ac   0x080039ac   0x0000000c   Code   RO          786    .text               c_w.l(sys_exit.o)
    0x080039b8   0x080039b8   0x00000002   Code   RO          797    .text               c_w.l(use_no_semi.o)
    0x080039ba   0x080039ba   0x00000000   Code   RO          799    .text               c_w.l(indicate_semi.o)
    0x080039ba   0x080039ba   0x00000030   Code   RO          711    i.__ARM_fpclassify  m_wm.l(fpclassify.o)
    0x080039ea   0x080039ea   0x00000006   PAD
    0x080039f0   0x080039f0   0x000002d8   Code   RO          640    i.__hardfp_atan     m_wm.l(atan.o)
    0x08003cc8   0x08003cc8   0x000001f0   Code   RO          580    i.__hardfp_atan2    m_wm.l(atan2.o)
    0x08003eb8   0x08003eb8   0x000000c8   Code   RO          592    i.__hardfp_cos      m_wm.l(cos.o)
    0x08003f80   0x08003f80   0x000000c8   Code   RO          604    i.__hardfp_sin      m_wm.l(sin.o)
    0x08004048   0x08004048   0x0000007a   Code   RO          616    i.__hardfp_sqrt     m_wm.l(sqrt.o)
    0x080040c2   0x080040c2   0x00000006   PAD
    0x080040c8   0x080040c8   0x00000438   Code   RO          678    i.__ieee754_rem_pio2  m_wm.l(rred.o)
    0x08004500   0x08004500   0x00000170   Code   RO          654    i.__kernel_cos      m_wm.l(cos_i.o)
    0x08004670   0x08004670   0x000000f8   Code   RO          713    i.__kernel_poly     m_wm.l(poly.o)
    0x08004768   0x08004768   0x00000130   Code   RO          683    i.__kernel_sin      m_wm.l(sin_i.o)
    0x08004898   0x08004898   0x00000014   Code   RO          658    i.__mathlib_dbl_infnan  m_wm.l(dunder.o)
    0x080048ac   0x080048ac   0x00000014   Code   RO          659    i.__mathlib_dbl_infnan2  m_wm.l(dunder.o)
    0x080048c0   0x080048c0   0x00000020   Code   RO          660    i.__mathlib_dbl_invalid  m_wm.l(dunder.o)
    0x080048e0   0x080048e0   0x00000020   Code   RO          663    i.__mathlib_dbl_underflow  m_wm.l(dunder.o)
    0x08004900   0x08004900   0x00000010   Code   RO          642    i.atan              m_wm.l(atan.o)
    0x08004910   0x08004910   0x00000018   Code   RO          673    i.fabs              m_wm.l(fabs.o)
    0x08004928   0x08004928   0x00000018   Code   RO          550    x$fpl$basic         fz_wm.l(basic.o)
    0x08004940   0x08004940   0x00000150   Code   RO          552    x$fpl$dadd          fz_wm.l(daddsub_clz.o)
    0x08004a90   0x08004a90   0x00000018   Code   RO          709    x$fpl$dcmpinf       fz_wm.l(dcmpi.o)
    0x08004aa8   0x08004aa8   0x000002b0   Code   RO          559    x$fpl$ddiv          fz_wm.l(ddiv.o)
    0x08004d58   0x08004d58   0x0000005e   Code   RO          562    x$fpl$dfix          fz_wm.l(dfix.o)
    0x08004db6   0x08004db6   0x00000002   PAD
    0x08004db8   0x08004db8   0x0000005a   Code   RO          566    x$fpl$dfixu         fz_wm.l(dfixu.o)
    0x08004e12   0x08004e12   0x0000002e   Code   RO          571    x$fpl$dflt          fz_wm.l(dflt_clz.o)
    0x08004e40   0x08004e40   0x00000026   Code   RO          570    x$fpl$dfltu         fz_wm.l(dflt_clz.o)
    0x08004e66   0x08004e66   0x00000002   PAD
    0x08004e68   0x08004e68   0x00000078   Code   RO          631    x$fpl$dleqf         fz_wm.l(dleqf.o)
    0x08004ee0   0x08004ee0   0x00000154   Code   RO          576    x$fpl$dmul          fz_wm.l(dmul.o)
    0x08005034   0x08005034   0x0000009c   Code   RO          633    x$fpl$dnaninf       fz_wm.l(dnaninf.o)
    0x080050d0   0x080050d0   0x0000000c   Code   RO          635    x$fpl$dretinf       fz_wm.l(dretinf.o)
    0x080050dc   0x080050dc   0x0000006c   Code   RO          578    x$fpl$drleqf        fz_wm.l(drleqf.o)
    0x08005148   0x08005148   0x00000016   Code   RO          553    x$fpl$drsb          fz_wm.l(daddsub_clz.o)
    0x0800515e   0x0800515e   0x00000002   PAD
    0x08005160   0x08005160   0x00000198   Code   RO          637    x$fpl$dsqrt         fz_wm.l(dsqrt_umaal.o)
    0x080052f8   0x080052f8   0x000001d4   Code   RO          554    x$fpl$dsub          fz_wm.l(daddsub_clz.o)
    0x080054cc   0x080054cc   0x0000000a   Code   RO          784    x$fpl$fpinit        fz_wm.l(fpinit.o)
    0x080054d6   0x080054d6   0x00000000   Code   RO          639    x$fpl$usenofp       fz_wm.l(usenofp.o)
    0x080054d6   0x080054d6   0x00001ef0   Data   RO          242    .constdata          oled.o
    0x080073c6   0x080073c6   0x00000002   PAD
    0x080073c8   0x080073c8   0x00000098   Data   RO          643    .constdata          m_wm.l(atan.o)
    0x08007460   0x08007460   0x00000030   Data   RO          655    .constdata          m_wm.l(cos_i.o)
    0x08007490   0x08007490   0x00000008   Data   RO          677    .constdata          m_wm.l(qnan.o)
    0x08007498   0x08007498   0x000000c8   Data   RO          680    .constdata          m_wm.l(rred.o)
    0x08007560   0x08007560   0x00000028   Data   RO          684    .constdata          m_wm.l(sin_i.o)
    0x08007588   0x08007588   0x00000020   Data   RO          852    Region$$Table       anon$$obj.o


    Execution Region RW_IRAM1 (Exec base: 0x20000000, Load base: 0x080075a8, Size: 0x0000d128, Max: 0x00020000, ABSOLUTE, COMPRESSED[0x000001ac])

    Exec Addr    Load Addr    Size         Type   Attr      Idx    E Section Name        Object

    0x20000000   COMPRESSED   0x00000008   Data   RW            6    .data               main.o
    0x20000008   COMPRESSED   0x00000014   Data   RW          215    .data               system_stm32f4xx.o
    0x2000001c   COMPRESSED   0x00000400   Data   RW          243    .data               oled.o
    0x2000041c   COMPRESSED   0x00000004   Data   RW          308    .data               tick.o
    0x20000420   COMPRESSED   0x00000004   Data   RW          374    .data               delay.o
    0x20000424   COMPRESSED   0x00000010   Data   RW          461    .data               stm32f4xx_rcc.o
    0x20000434   COMPRESSED   0x00000004   PAD
    0x20000438        -       0x0000c210   Zero   RW            4    .bss                main.o
    0x2000c648        -       0x00000480   Zero   RW          241    .bss                oled.o
    0x2000cac8        -       0x00000060   Zero   RW          716    .bss                c_w.l(libspace.o)
    0x2000cb28        -       0x00000200   Zero   RW          412    HEAP                startup_stm32f40_41xxx.o
    0x2000cd28        -       0x00000400   Zero   RW          411    STACK               startup_stm32f40_41xxx.o


==============================================================================

Image component sizes


      Code (inc. data)   RO Data    RW Data    ZI Data      Debug   Object Name

       108          6          0          0          0        749   beep.o
       260          8          0          4          0       1453   delay.o
       288         10          0          0          0       1666   dist.o
      2084        142          0          8      49680     280684   main.o
       224         20          0          0          0       1789   misc.o
      3384         58       7920       1024       1152      10438   oled.o
        64         26        392          0       1536        824   startup_stm32f40_41xxx.o
       660         44          0          0          0       4129   stm32f4xx_gpio.o
        26          0          0          0          0       1210   stm32f4xx_it.o
      1628         52          0         16          0      12992   stm32f4xx_rcc.o
      3234         60          0          0          0      22988   stm32f4xx_tim.o
       528         46          0         20          0       1735   system_stm32f4xx.o
       168          6          0          4          0       1546   tick.o
       768         50          0          0          0       2087   tool.o
       408         40          0          0          0       1188   turn.o

    ----------------------------------------------------------------------
     13834        568       8346       1076      52372     345478   Object Totals
         0          0         32          0          0          0   (incl. Generated)
         2          0          2          0          4          0   (incl. Padding)

    ----------------------------------------------------------------------

      Code (inc. data)   RO Data    RW Data    ZI Data      Debug   Library Member Name

        90          0          0          0          0          0   __dczerorl2.o
         8          0          0          0          0         68   __main.o
         0          0          0          0          0          0   __rtentry.o
        12          0          0          0          0          0   __rtentry2.o
         6          0          0          0          0          0   __rtentry4.o
        52          8          0          0          0          0   __scatter.o
        28          0          0          0          0          0   __scatter_zi.o
        22          0          0          0          0        100   _rserrno.o
        18          0          0          0          0         80   exit.o
         6          0          0          0          0        152   heapauxi.o
         0          0          0          0          0          0   indicate_semi.o
         2          0          0          0          0          0   libinit.o
         6          0          0          0          0          0   libinit2.o
         2          0          0          0          0          0   libshutdown.o
         2          0          0          0          0          0   libshutdown2.o
         8          4          0          0         96         68   libspace.o
         8          4          0          0          0         68   rt_errno_addr_intlibspace.o
        78          0          0          0          0         80   rt_memclr_w.o
       100          0          0          0          0         80   rt_memcpy_w.o
         2          0          0          0          0          0   rtexit.o
        10          0          0          0          0          0   rtexit2.o
        12          4          0          0          0         68   sys_exit.o
        74          0          0          0          0         80   sys_stackheap_outer.o
         2          0          0          0          0         68   use_no_semi.o
        24          0          0          0          0        164   basic.o
       826         16          0          0          0        492   daddsub_clz.o
        24          0          0          0          0        116   dcmpi.o
       688        140          0          0          0        256   ddiv.o
        94          4          0          0          0        140   dfix.o
        90          4          0          0          0        140   dfixu.o
        84          0          0          0          0        232   dflt_clz.o
       120          4          0          0          0        140   dleqf.o
       340         12          0          0          0        152   dmul.o
       156          4          0          0          0        140   dnaninf.o
        12          0          0          0          0        116   dretinf.o
       108          0          0          0          0        128   drleqf.o
       408         56          0          0          0        168   dsqrt_umaal.o
        10          0          0          0          0        116   fpinit.o
         0          0          0          0          0          0   usenofp.o
       744        106        152          0          0        352   atan.o
       496         64          0          0          0        192   atan2.o
       200         20          0          0          0        164   cos.o
       368         46         48          0          0        200   cos_i.o
       104         16          0          0          0        496   dunder.o
        24          0          0          0          0        124   fabs.o
        48          0          0          0          0        124   fpclassify.o
       248          0          0          0          0        152   poly.o
         0          0          8          0          0          0   qnan.o
      1080        142        200          0          0        188   rred.o
       200         20          0          0          0        164   sin.o
       304         24         40          0          0        208   sin_i.o
       122          0          0          0          0        148   sqrt.o

    ----------------------------------------------------------------------
      7492        698        448          0         96       5924   Library Totals
        22          0          0          0          0          0   (incl. Padding)

    ----------------------------------------------------------------------

      Code (inc. data)   RO Data    RW Data    ZI Data      Debug   Library Name

       548         20          0          0         96        912   c_w.l
      2984        240          0          0          0       2500   fz_wm.l
      3938        438        448          0          0       2512   m_wm.l

    ----------------------------------------------------------------------
      7492        698        448          0         96       5924   Library Totals

    ----------------------------------------------------------------------

==============================================================================


      Code (inc. data)   RO Data    RW Data    ZI Data      Debug   

     21326       1266       8794       1076      52468     345038   Grand Totals
     21326       1266       8794        428      52468     345038   ELF Image Totals (compressed)
     21326       1266       8794        428          0          0   ROM Totals

==============================================================================

    Total RO  Size (Code + RO Data)                30120 (  29.41kB)
    Total RW  Size (RW Data + ZI Data)             53544 (  52.29kB)
    Total ROM Size (Code + RO Data + RW Data)      30548 (  29.83kB)

==============================================================================

