Component: ARM Compiler 5.06 update 6 (build 750) Tool: armlink [4d35ed]

==============================================================================

Section Cross References

    main.o(.text) refers to tool.o(.text) for getDist
    main.o(.text) refers to oled.o(.text) for OLED_ShowTarget
    main.o(.text) refers to drleqf.o(x$fpl$drleqf) for __aeabi_cdrcmple
    main.o(.text) refers to delay.o(.text) for delay_init
    main.o(.text) refers to beep.o(.text) for BEEP_Init
    main.o(.text) refers to dist.o(.text) for dist_Init
    main.o(.text) refers to tick.o(.text) for tim2_Init
    main.o(.text) refers to turn.o(.text) for tim3_Init
    main.o(.text) refers to main.o(.bss) for enemyPos
    main.o(.text) refers to main.o(.data) for enemyNum
    system_stm32f4xx.o(.text) refers to system_stm32f4xx.o(.data) for SystemCoreClock
    oled.o(.text) refers to stm32f4xx_gpio.o(.text) for GPIO_ResetBits
    oled.o(.text) refers to oled.o(.bss) for OLED_GRAM
    oled.o(.text) refers to oled.o(.constdata) for asc2_0806
    oled.o(.text) refers to stm32f4xx_rcc.o(.text) for RCC_AHB1PeriphClockCmd
    oled.o(.text) refers to delay.o(.text) for delay_ms
    oled.o(.text) refers to oled.o(.data) for GROUND
    beep.o(.text) refers to stm32f4xx_gpio.o(.text) for GPIO_ResetBits
    beep.o(.text) refers to stm32f4xx_rcc.o(.text) for RCC_AHB1PeriphClockCmd
    tool.o(.text) refers to dflt_clz.o(x$fpl$dflt) for __aeabi_i2d
    tool.o(.text) refers to ddiv.o(x$fpl$ddiv) for __aeabi_ddiv
    tool.o(.text) refers to dmul.o(x$fpl$dmul) for __aeabi_dmul
    tool.o(.text) refers to dfix.o(x$fpl$dfix) for __aeabi_d2iz
    tool.o(.text) refers to cos.o(i.__hardfp_cos) for __hardfp_cos
    tool.o(.text) refers to daddsub_clz.o(x$fpl$dsub) for __aeabi_dsub
    tool.o(.text) refers to basic.o(x$fpl$basic) for __aeabi_dneg
    tool.o(.text) refers to round.o(i.__hardfp_round) for __hardfp_round
    tool.o(.text) refers to sin.o(i.__hardfp_sin) for __hardfp_sin
    tool.o(.text) refers to daddsub_clz.o(x$fpl$drsb) for __aeabi_drsub
    tool.o(.text) refers to sqrt.o(i.__hardfp_sqrt) for __hardfp_sqrt
    tool.o(.text) refers to atan2.o(i.__hardfp_atan2) for __hardfp_atan2
    tick.o(.text) refers to stm32f4xx_rcc.o(.text) for RCC_APB1PeriphClockCmd
    tick.o(.text) refers to stm32f4xx_tim.o(.text) for TIM_TimeBaseInit
    tick.o(.text) refers to misc.o(.text) for NVIC_Init
    tick.o(.text) refers to tick.o(.data) for tick_10us
    dist.o(.text) refers to stm32f4xx_rcc.o(.text) for RCC_AHB1PeriphClockCmd
    dist.o(.text) refers to stm32f4xx_gpio.o(.text) for GPIO_Init
    dist.o(.text) refers to delay.o(.text) for delay_ms
    dist.o(.text) refers to tick.o(.text) for startTick
    turn.o(.text) refers to stm32f4xx_rcc.o(.text) for RCC_APB1PeriphClockCmd
    turn.o(.text) refers to stm32f4xx_gpio.o(.text) for GPIO_Init
    turn.o(.text) refers to stm32f4xx_tim.o(.text) for TIM_TimeBaseInit
    turn.o(.text) refers to dflt_clz.o(x$fpl$dflt) for __aeabi_i2d
    turn.o(.text) refers to dmul.o(x$fpl$dmul) for __aeabi_dmul
    turn.o(.text) refers to ddiv.o(x$fpl$ddiv) for __aeabi_ddiv
    turn.o(.text) refers to dfix.o(x$fpl$dfix) for __aeabi_d2iz
    delay.o(.text) refers to misc.o(.text) for SysTick_CLKSourceConfig
    delay.o(.text) refers to delay.o(.data) for fac_us
    startup_stm32f40_41xxx.o(STACK) refers (Special) to heapauxi.o(.text) for __use_two_region_memory
    startup_stm32f40_41xxx.o(HEAP) refers (Special) to heapauxi.o(.text) for __use_two_region_memory
    startup_stm32f40_41xxx.o(RESET) refers (Special) to heapauxi.o(.text) for __use_two_region_memory
    startup_stm32f40_41xxx.o(RESET) refers to startup_stm32f40_41xxx.o(STACK) for __initial_sp
    startup_stm32f40_41xxx.o(RESET) refers to startup_stm32f40_41xxx.o(.text) for Reset_Handler
    startup_stm32f40_41xxx.o(RESET) refers to stm32f4xx_it.o(.text) for NMI_Handler
    startup_stm32f40_41xxx.o(RESET) refers to tick.o(.text) for TIM2_IRQHandler
    startup_stm32f40_41xxx.o(.text) refers (Special) to heapauxi.o(.text) for __use_two_region_memory
    startup_stm32f40_41xxx.o(.text) refers to system_stm32f4xx.o(.text) for SystemInit
    startup_stm32f40_41xxx.o(.text) refers to __main.o(!!!main) for __main
    startup_stm32f40_41xxx.o(.text) refers to startup_stm32f40_41xxx.o(HEAP) for Heap_Mem
    startup_stm32f40_41xxx.o(.text) refers to startup_stm32f40_41xxx.o(STACK) for Stack_Mem
    stm32f4xx_gpio.o(.text) refers to stm32f4xx_rcc.o(.text) for RCC_AHB1PeriphResetCmd
    stm32f4xx_rcc.o(.text) refers to stm32f4xx_rcc.o(.data) for APBAHBPrescTable
    stm32f4xx_usart.o(.text) refers to stm32f4xx_rcc.o(.text) for RCC_APB2PeriphResetCmd
    stm32f4xx_syscfg.o(.text) refers to stm32f4xx_rcc.o(.text) for RCC_APB2PeriphResetCmd
    stm32f4xx_tim.o(.text) refers to stm32f4xx_rcc.o(.text) for RCC_APB2PeriphResetCmd
    __main.o(!!!main) refers to __rtentry.o(.ARM.Collect$$rtentry$$00000000) for __rt_entry
[...]
    ../clib/signal.c                         0x00000000   Number         0  defsig_cppl_inner.o ABSOLUTE
    ../clib/signal.s                         0x00000000   Number         0  defsig.o ABSOLUTE
    ../clib/stdlib.c                         0x00000000   Number         0  exit.o ABSOLUTE
    ../fplib/basic.s                         0x00000000   Number         0  basic.o ABSOLUTE
    ../fplib/daddsub.s                       0x00000000   Number         0  daddsub_clz.o ABSOLUTE
    ../fplib/dcmpi.s                         0x00000000   Number         0  dcmpi.o ABSOLUTE
    ../fplib/ddiv.s                          0x00000000   Number         0  ddiv.o ABSOLUTE
    ../fplib/dfix.s                          0x00000000   Number         0  dfix.o ABSOLUTE
    ../fplib/dflt.s                          0x00000000   Number         0  dflt_clz.o ABSOLUTE
    ../fplib/dleqf.s                         0x00000000   Number         0  dleqf.o ABSOLUTE
    ../fplib/dmul.s                          0x00000000   Number         0  dmul.o ABSOLUTE
    ../fplib/dnaninf.s                       0x00000000   Number         0  dnaninf.o ABSOLUTE
    ../fplib/dretinf.s                       0x00000000   Number         0  dretinf.o ABSOLUTE
    ../fplib/drleqf.s                        0x00000000   Number         0  drleqf.o ABSOLUTE
    ../fplib/drnd.s                          0x00000000   Number         0  drnd.o ABSOLUTE
    ../fplib/dsqrt.s                         0x00000000   Number         0  dsqrt_umaal.o ABSOLUTE
    ../fplib/fpinit.s                        0x00000000   Number         0  fpinit.o ABSOLUTE
    ../fplib/usenofp.s                       0x00000000   Number         0  usenofp.o ABSOLUTE
    ../mathlib/atan.c                        0x00000000   Number         0  atan_x.o ABSOLUTE
    ../mathlib/atan.c                        0x00000000   Number         0  atan.o ABSOLUTE
    ../mathlib/atan2.c                       0x00000000   Number         0  atan2_x.o ABSOLUTE
    ../mathlib/atan2.c                       0x00000000   Number         0  atan2.o ABSOLUTE
    ../mathlib/cos.c                         0x00000000   Number         0  cos.o ABSOLUTE
    ../mathlib/cos.c                         0x00000000   Number         0  cos_x.o ABSOLUTE
    ../mathlib/cos_i.c                       0x00000000   Number         0  cos_i.o ABSOLUTE
    ../mathlib/dunder.c                      0x00000000   Number         0  dunder.o ABSOLUTE
    ../mathlib/fabs.c                        0x00000000   Number         0  fabs.o ABSOLUTE
    ../mathlib/fpclassify.c                  0x00000000   Number         0  fpclassify.o ABSOLUTE
    ../mathlib/poly.c                        0x00000000   Number         0  poly.o ABSOLUTE
    ../mathlib/qnan.c                        0x00000000   Number         0  qnan.o ABSOLUTE
    ../mathlib/round.c                       0x00000000   Number         0  round.o ABSOLUTE
    ../mathlib/rred.c                        0x00000000   Number         0  rred.o ABSOLUTE
    ../mathlib/sin.c                         0x00000000   Number         0  sin.o ABSOLUTE
    ../mathlib/sin.c                         0x00000000   Number         0  sin_x.o ABSOLUTE
    ../mathlib/sin_i.c                       0x00000000   Number         0  sin_i_x.o ABSOLUTE
    ../mathlib/sin_i.c                       0x00000000   Number         0  sin_i.o ABSOLUTE
    ../mathlib/sqrt.c                        0x00000000   Number         0  sqrt_x.o ABSOLUTE
    ../mathlib/sqrt.c                        0x00000000   Number         0  sqrt.o ABSOLUTE
    ..\CORE\startup_stm32f40_41xxx.s         0x00000000   Number         0  startup_stm32f40_41xxx.o ABSOLUTE
    ..\FWLIB\src\misc.c                      0x00000000   Number         0  misc.o ABSOLUTE
    ..\FWLIB\src\stm32f4xx_gpio.c            0x00000000   Number         0  stm32f4xx_gpio.o ABSOLUTE
    ..\FWLIB\src\stm32f4xx_rcc.c             0x00000000   Number         0  stm32f4xx_rcc.o ABSOLUTE
    ..\FWLIB\src\stm32f4xx_syscfg.c          0x00000000   Number         0  stm32f4xx_syscfg.o ABSOLUTE
    ..\FWLIB\src\stm32f4xx_tim.c             0x00000000   Number         0  stm32f4xx_tim.o ABSOLUTE
    ..\FWLIB\src\stm32f4xx_usart.c           0x00000000   Number         0  stm32f4xx_usart.o ABSOLUTE
    ..\HARDWARE\BEEP\beep.c                  0x00000000   Number         0  beep.o ABSOLUTE
    ..\HARDWARE\DIST\dist.c                  0x00000000   Number         0  dist.o ABSOLUTE
    ..\HARDWARE\OLED\oled.c                  0x00000000   Number         0  oled.o ABSOLUTE
    ..\HARDWARE\TICK\tick.c                  0x00000000   Number         0  tick.o ABSOLUTE
    ..\HARDWARE\TOOL\tool.c                  0x00000000   Number         0  tool.o ABSOLUTE
    ..\HARDWARE\TURN\turn.c                  0x00000000   Number         0  turn.o ABSOLUTE
    ..\SYSTEM\delay\delay.c                  0x00000000   Number         0  delay.o ABSOLUTE
    ..\SYSTEM\sys\sys.c                      0x00000000   Number         0  sys.o ABSOLUTE
    ..\\FWLIB\\src\\misc.c                   0x00000000   Number         0  misc.o ABSOLUTE
    ..\\FWLIB\\src\\stm32f4xx_gpio.c         0x00000000   Number         0  stm32f4xx_gpio.o ABSOLUTE
    ..\\FWLIB\\src\\stm32f4xx_rcc.c          0x00000000   Number         0  stm32f4xx_rcc.o ABSOLUTE
    ..\\FWLIB\\src\\stm32f4xx_syscfg.c       0x00000000   Number         0  stm32f4xx_syscfg.o ABSOLUTE
    ..\\FWLIB\\src\\stm32f4xx_tim.c          0x00000000   Number         0  stm32f4xx_tim.o ABSOLUTE
    ..\\FWLIB\\src\\stm32f4xx_usart.c        0x00000000   Number         0  stm32f4xx_usart.o ABSOLUTE
    ..\\HARDWARE\\BEEP\\beep.c               0x00000000   Number         0  beep.o ABSOLUTE
    ..\\HARDWARE\\DIST\\dist.c               0x00000000   Number         0  dist.o ABSOLUTE
    ..\\HARDWARE\\OLED\\oled.c               0x00000000   Number         0  oled.o ABSOLUTE
    ..\\HARDWARE\\TICK\\tick.c               0x00000000   Number         0  tick.o ABSOLUTE
    ..\\HARDWARE\\TURN\\turn.c               0x00000000   Number         0  turn.o ABSOLUTE
    ..\\SYSTEM\\delay\\delay.c               0x00000000   Number         0  delay.o ABSOLUTE
    ..\\SYSTEM\\sys\\sys.c                   0x00000000   Number         0  sys.o ABSOLUTE
    dc.s                                     0x00000000   Number         0  dc.o ABSOLUTE
    main.c                                   0x00000000   Number         0  main.o ABSOLUTE
    main.c                                   0x00000000   Number         0  main.o ABSOLUTE
    stm32f4xx_it.c                           0x00000000   Number         0  stm32f4xx_it.o ABSOLUTE
    stm32f4xx_it.c                           0x00000000   Number         0  stm32f4xx_it.o ABSOLUTE
    system_stm32f4xx.c                       0x00000000   Number         0  system_stm32f4xx.o ABSOLUTE
    system_stm32f4xx.c                       0x00000000   Number         0  system_stm32f4xx.o ABSOLUTE
    RESET                                    0x08000000   Section      392  startup_stm32f40_41xxx.o(RESET)
    !!!main                                  0x08000188   Section        8  __main.o(!!!main)
    !!!scatter                               0x08000190   Section       52  __scatter.o(!!!scatter)
    !!dczerorl2                              0x080001c4   Section       90  __dczerorl2.o(!!dczerorl2)
    !!handler_zi                             0x08000220   Section       28  __scatter_zi.o(!!handler_zi)
    .ARM.Collect$$libinit$$00000000          0x0800023c   Section        2  libinit.o(.ARM.Collect$$libinit$$00000000)
    .ARM.Collect$$libinit$$00000001          0x0800023e   Section        4  libinit2.o(.ARM.Collect$$libinit$$00000001)
    .ARM.Collect$$libinit$$00000004          0x08000242   Section        0  libinit2.o(.ARM.Collect$$libinit$$00000004)
    .ARM.Collect$$libinit$$0000000A          0x08000242   Section        0  libinit2.o(.ARM.Collect$$libinit$$0000000A)
    .ARM.Collect$$libinit$$0000000C          0x08000242   Section        0  libinit2.o(.ARM.Collect$$libinit$$0000000C)
    .ARM.Collect$$libinit$$0000000E          0x08000242   Section        0  libinit2.o(.ARM.Collect$$libinit$$0000000E)
    .ARM.Collect$$libinit$$00000011          0x08000242   Section        0  libinit2.o(.ARM.Collect$$libinit$$00000011)
    .ARM.Collect$$libinit$$00000013          0x08000242   Section        0  libinit2.o(.ARM.Collect$$libinit$$00000013)
    .ARM.Collect$$libinit$$00000015          0x08000242   Section        0  libinit2.o(.ARM.Collect$$libinit$$00000015)
    .ARM.Collect$$libinit$$00000017          0x08000242   Section        0  libinit2.o(.ARM.Collect$$libinit$$00000017)
    .ARM.Collect$$libinit$$00000019          0x08000242   Section        0  libinit2.o(.ARM.Collect$$libinit$$00000019)
    .ARM.Collect$$libinit$$0000001B          0x08000242   Section        0  libinit2.o(.ARM.Collect$$libinit$$0000001B)
    .ARM.Collect$$libinit$$0000001D          0x08000242   Section        0  libinit2.o(.ARM.Collect$$libinit$$0000001D)
    .ARM.Collect$$libinit$$0000001F          0x08000242   Section        0  libinit2.o(.ARM.Collect$$libinit$$0000001F)
    .ARM.Collect$$libinit$$00000021          0x08000242   Section        0  libinit2.o(.ARM.Collect$$libinit$$00000021)
    .ARM.Collect$$libinit$$00000023          0x08000242   Section        0  libinit2.o(.ARM.Collect$$libinit$$00000023)
    .ARM.Collect$$libinit$$00000025          0x08000242   Section        0  libinit2.o(.ARM.Collect$$libinit$$00000025)
    .ARM.Collect$$libinit$$0000002C          0x08000242   Section        0  libinit2.o(.ARM.Collect$$libinit$$0000002C)
    .ARM.Collect$$libinit$$0000002E          0x08000242   Section        0  libinit2.o(.ARM.Collect$$libinit$$0000002E)
    .ARM.Collect$$libinit$$00000030          0x08000242   Section        0  libinit2.o(.ARM.Collect$$libinit$$00000030)
    .ARM.Collect$$libinit$$00000032          0x08000242   Section        0  libinit2.o(.ARM.Collect$$libinit$$00000032)
    .ARM.Collect$$libinit$$00000033          0x08000242   Section        2  libinit2.o(.ARM.Collect$$libinit$$00000033)
    .ARM.Collect$$libshutdown$$00000000      0x08000244   Section        2  libshutdown.o(.ARM.Collect$$libshutdown$$00000000)
    .ARM.Collect$$libshutdown$$00000002      0x08000246   Section        0  libshutdown2.o(.ARM.Collect$$libshutdown$$00000002)
    .ARM.Collect$$libshutdown$$00000004      0x08000246   Section        0  libshutdown2.o(.ARM.Collect$$libshutdown$$00000004)
    .ARM.Collect$$libshutdown$$00000007      0x08000246   Section        0  libshutdown2.o(.ARM.Collect$$libshutdown$$00000007)
    .ARM.Collect$$libshutdown$$0000000A      0x08000246   Section        0  libshutdown2.o(.ARM.Collect$$libshutdown$$0000000A)
    .ARM.Collect$$libshutdown$$0000000C      0x08000246   Section        0  libshutdown2.o(.ARM.Collect$$libshutdown$$0000000C)
    .ARM.Collect$$libshutdown$$0000000F      0x08000246   Section        0  libshutdown2.o(.ARM.Collect$$libshutdown$$0000000F)
    .ARM.Collect$$libshutdown$$00000010      0x08000246   Section        2  libshutdown2.o(.ARM.Collect$$libshutdown$$00000010)
    .ARM.Collect$$rtentry$$00000000          0x08000248   Section        0  __rtentry.o(.ARM.Collect$$rtentry$$00000000)
    .ARM.Collect$$rtentry$$00000002          0x08000248   Section        0  __rtentry2.o(.ARM.Collect$$rtentry$$00000002)
    .ARM.Collect$$rtentry$$00000004          0x08000248   Section        6  __rtentry4.o(.ARM.Collect$$rtentry$$00000004)
    .ARM.Collect$$rtentry$$00000009          0x0800024e   Section        0  __rtentry2.o(.ARM.Collect$$rtentry$$00000009)
    .ARM.Collect$$rtentry$$0000000A          0x0800024e   Section        4  __rtentry2.o(.ARM.Collect$$rtentry$$0000000A)
    .ARM.Collect$$rtentry$$0000000C          0x08000252   Section        0  __rtentry2.o(.ARM.Collect$$rtentry$$0000000C)
    .ARM.Collect$$rtentry$$0000000D          0x08000252   Section        8  __rtentry2.o(.ARM.Collect$$rtentry$$0000000D)
    .ARM.Collect$$rtexit$$00000000           0x0800025a   Section        2  rtexit.o(.ARM.Collect$$rtexit$$00000000)
    .ARM.Collect$$rtexit$$00000002           0x0800025c   Section        0  rtexit2.o(.ARM.Collect$$rtexit$$00000002)
    .ARM.Collect$$rtexit$$00000003           0x0800025c   Section        4  rtexit2.o(.ARM.Collect$$rtexit$$00000003)
    .ARM.Collect$$rtexit$$00000004           0x08000260   Section        6  rtexit2.o(.ARM.Collect$$rtexit$$00000004)
    .text                                    0x08000268   Section        0  main.o(.text)
    .text                                    0x08000724   Section        0  stm32f4xx_it.o(.text)
    .text                                    0x08000740   Section        0  system_stm32f4xx.o(.text)
    SetSysClock                              0x08000741   Thumb Code   220  system_stm32f4xx.o(.text)
    .text                                    0x08000950   Section        0  oled.o(.text)
    .text                                    0x08001688   Section        0  beep.o(.text)
    .text                                    0x080016f4   Section        0  tool.o(.text)
    .text                                    0x08001950   Section        0  tick.o(.text)
    .text                                    0x080019f8   Section        0  dist.o(.text)
    .text                                    0x08001b18   Section        0  turn.o(.text)
    .text                                    0x08001c80   Section        0  delay.o(.text)
    .text                                    0x08001d84   Section       64  startup_stm32f40_41xxx.o(.text)
    $v0                                      0x08001d84   Number         0  startup_stm32f40_41xxx.o(.text)
    .text                                    0x08001dc4   Section        0  misc.o(.text)
    .text                                    0x08001ea4   Section        0  stm32f4xx_gpio.o(.text)
    .text                                    0x08002138   Section        0  stm32f4xx_rcc.o(.text)
    .text                                    0x08002794   Section        0  stm32f4xx_tim.o(.text)
    TI4_Config                               0x08002f33   Thumb Code    80  stm32f4xx_tim.o(.text)
    TI3_Config                               0x08002f95   Thumb Code    72  stm32f4xx_tim.o(.text)
    TI2_Config                               0x08002ff7   Thumb Code    90  stm32f4xx_tim.o(.text)
    TI1_Config                               0x08003063   Thumb Code    58  stm32f4xx_tim.o(.text)
    .text                                    0x08003436   Section        0  heapauxi.o(.text)
    .text                                    0x0800343c   Section        0  _rserrno.o(.text)
    .text                                    0x08003454   Section        8  rt_errno_addr_intlibspace.o(.text)
    .text                                    0x0800345c   Section        8  libspace.o(.text)
    .text                                    0x08003464   Section       74  sys_stackheap_outer.o(.text)
    .text                                    0x080034ae   Section        0  exit.o(.text)
    .text                                    0x080034c0   Section        0  sys_exit.o(.text)
    .text                                    0x080034cc   Section        2  use_no_semi.o(.text)
    .text                                    0x080034ce   Section        0  indicate_semi.o(.text)
    i.__ARM_fpclassify                       0x080034ce   Section        0  fpclassify.o(i.__ARM_fpclassify)
    i.__hardfp_atan                          0x08003500   Section        0  atan.o(i.__hardfp_atan)
    i.__hardfp_atan2                         0x080037d8   Section        0  atan2.o(i.__hardfp_atan2)
    i.__hardfp_cos                           0x080039c8   Section        0  cos.o(i.__hardfp_cos)
    i.__hardfp_round                         0x08003a90   Section        0  round.o(i.__hardfp_round)
    i.__hardfp_sin                           0x08003b70   Section        0  sin.o(i.__hardfp_sin)
    i.__hardfp_sqrt                          0x08003c38   Section        0  sqrt.o(i.__hardfp_sqrt)
    i.__ieee754_rem_pio2                     0x08003cb8   Section        0  rred.o(i.__ieee754_rem_pio2)
    i.__kernel_cos                           0x080040f0   Section        0  cos_i.o(i.__kernel_cos)
    i.__kernel_poly                          0x08004260   Section        0  poly.o(i.__kernel_poly)
    i.__kernel_sin                           0x08004358   Section        0  sin_i.o(i.__kernel_sin)
    i.__mathlib_dbl_infnan                   0x08004488   Section        0  dunder.o(i.__mathlib_dbl_infnan)
    i.__mathlib_dbl_infnan2                  0x0800449c   Section        0  dunder.o(i.__mathlib_dbl_infnan2)
    i.__mathlib_dbl_invalid                  0x080044b0   Section        0  dunder.o(i.__mathlib_dbl_invalid)
    i.__mathlib_dbl_underflow                0x080044d0   Section        0  dunder.o(i.__mathlib_dbl_underflow)
    i.atan                                   0x080044f0   Section        0  atan.o(i.atan)
    i.fabs                                   0x08004500   Section        0  fabs.o(i.fabs)
    x$fpl$basic                              0x08004518   Section       24  basic.o(x$fpl$basic)
    $v0                                      0x08004518   Number         0  basic.o(x$fpl$basic)
    x$fpl$dadd                               0x08004530   Section      336  daddsub_clz.o(x$fpl$dadd)
    $v0                                      0x08004530   Number         0  daddsub_clz.o(x$fpl$dadd)
    _dadd1                                   0x08004541   Thumb Code     0  daddsub_clz.o(x$fpl$dadd)
    x$fpl$dcmpinf                            0x08004680   Section       24  dcmpi.o(x$fpl$dcmpinf)
    $v0                                      0x08004680   Number         0  dcmpi.o(x$fpl$dcmpinf)
    x$fpl$ddiv                               0x08004698   Section      688  ddiv.o(x$fpl$ddiv)
    $v0                                      0x08004698   Number         0  ddiv.o(x$fpl$ddiv)
    ddiv_entry                               0x0800469f   Thumb Code     0  ddiv.o(x$fpl$ddiv)
    x$fpl$dfix                               0x08004948   Section       94  dfix.o(x$fpl$dfix)
    $v0                                      0x08004948   Number         0  dfix.o(x$fpl$dfix)
    x$fpl$dflt                               0x080049a6   Section       46  dflt_clz.o(x$fpl$dflt)
    $v0                                      0x080049a6   Number         0  dflt_clz.o(x$fpl$dflt)
    x$fpl$dfltu                              0x080049d4   Section       38  dflt_clz.o(x$fpl$dfltu)
    $v0                                      0x080049d4   Number         0  dflt_clz.o(x$fpl$dfltu)
    x$fpl$dleqf                              0x080049fc   Section      120  dleqf.o(x$fpl$dleqf)
    $v0                                      0x080049fc   Number         0  dleqf.o(x$fpl$dleqf)
    x$fpl$dmul                               0x08004a74   Section      340  dmul.o(x$fpl$dmul)
    $v0                                      0x08004a74   Number         0  dmul.o(x$fpl$dmul)
    x$fpl$dnaninf                            0x08004bc8   Section      156  dnaninf.o(x$fpl$dnaninf)
    $v0                                      0x08004bc8   Number         0  dnaninf.o(x$fpl$dnaninf)
    x$fpl$dretinf                            0x08004c64   Section       12  dretinf.o(x$fpl$dretinf)
    $v0                                      0x08004c64   Number         0  dretinf.o(x$fpl$dretinf)
    x$fpl$drleqf                             0x08004c70   Section      108  drleqf.o(x$fpl$drleqf)
    $v0                                      0x08004c70   Number         0  drleqf.o(x$fpl$drleqf)
    x$fpl$drnd                               0x08004cdc   Section      180  drnd.o(x$fpl$drnd)
    $v0                                      0x08004cdc   Number         0  drnd.o(x$fpl$drnd)
    x$fpl$drsb                               0x08004d90   Section       22  daddsub_clz.o(x$fpl$drsb)
    $v0                                      0x08004d90   Number         0  daddsub_clz.o(x$fpl$drsb)
    x$fpl$dsqrt                              0x08004da8   Section      408  dsqrt_umaal.o(x$fpl$dsqrt)
    $v0                                      0x08004da8   Number         0  dsqrt_umaal.o(x$fpl$dsqrt)
    x$fpl$dsub                               0x08004f40   Section      468  daddsub_clz.o(x$fpl$dsub)
    $v0                                      0x08004f40   Number         0  daddsub_clz.o(x$fpl$dsub)
    _dsub1                                   0x08004f51   Thumb Code     0  daddsub_clz.o(x$fpl$dsub)
    x$fpl$fpinit                             0x08005114   Section       10  fpinit.o(x$fpl$fpinit)
    $v0                                      0x08005114   Number         0  fpinit.o(x$fpl$fpinit)
    .constdata                               0x0800511e   Section     7920  oled.o(.constdata)
    x$fpl$usenofp                            0x0800511e   Section        0  usenofp.o(x$fpl$usenofp)
    .constdata                               0x08007010   Section      152  atan.o(.constdata)
    atanhi                                   0x08007010   Data          32  atan.o(.constdata)
    atanlo                                   0x08007030   Data          32  atan.o(.constdata)
    aTodd                                    0x08007050   Data          40  atan.o(.constdata)
    aTeven                                   0x08007078   Data          48  atan.o(.constdata)
    .constdata                               0x080070a8   Section       48  cos_i.o(.constdata)
    C                                        0x080070a8   Data          48  cos_i.o(.constdata)
    .constdata                               0x080070d8   Section        8  qnan.o(.constdata)
    .constdata                               0x080070e0   Section      200  rred.o(.constdata)
    pio2s                                    0x080070e0   Data          48  rred.o(.constdata)
    twooverpi                                0x08007110   Data         152  rred.o(.constdata)
    .constdata                               0x080071a8   Section       40  sin_i.o(.constdata)
    S                                        0x080071a8   Data          40  sin_i.o(.constdata)
    .data                                    0x20000000   Section        8  main.o(.data)
    .data                                    0x20000008   Section       20  system_stm32f4xx.o(.data)
    .data                                    0x2000001c   Section     1024  oled.o(.data)
    .data                                    0x2000041c   Section        4  tick.o(.data)
    .data                                    0x20000420   Section        4  delay.o(.data)
    fac_us                                   0x20000420   Data           1  delay.o(.data)
    fac_ms                                   0x20000422   Data           2  delay.o(.data)
    .data                                    0x20000424   Section       16  stm32f4xx_rcc.o(.data)
    APBAHBPrescTable                         0x20000424   Data          16  stm32f4xx_rcc.o(.data)
    .bss                                     0x20000438   Section    22040  main.o(.bss)
    .bss                                     0x20005a50   Section     1152  oled.o(.bss)
    .bss                                     0x20005ed0   Section       96  libspace.o(.bss)
    HEAP                                     0x20005f30   Section      512  startup_stm32f40_41xxx.o(HEAP)
    Heap_Mem                                 0x20005f30   Data         512  startup_stm32f40_41xxx.o(HEAP)
    STACK                                    0x20006130   Section     1024  startup_stm32f40_41xxx.o(STACK)
    Stack_Mem                                0x20006130   Data        1024  startup_stm32f40_41xxx.o(STACK)
    __initial_sp                             0x20006530   Data           0  startup_stm32f40_41xxx.o(STACK)

    Global Symbols

    Symbol Name                              Value     Ov Type        Size  Object(Section)

    BuildAttributes$$THM_ISAv4$E$P$D$K$B$S$7EM$VFPi3$EXTD16$VFPS$VFMA$PE$A:L22UL41UL21$X:L11$S22US41US21$IEEE1$IW$USESV6$~STKCKD$USESV7$~SHL$OTIME$ROPI$IEEEX$EBA8$UX$STANDARDLIB$REQ8$PRES8$EABIv2 0x00000000   Number         0  anon$$obj.o ABSOLUTE
    __ARM_use_no_argv                        0x00000000   Number         0  main.o ABSOLUTE
    __ARM_exceptions_init                     - Undefined Weak Reference
    __alloca_initialize                       - Undefined Weak Reference
    __arm_preinit_                            - Undefined Weak Reference
    __cpp_initialize__aeabi_                  - Undefined Weak Reference
    __cxa_finalize                            - Undefined Weak Reference
    __rt_locale                               - Undefined Weak Reference
    __sigvec_lookup                           - Undefined Weak Reference
    _atexit_init                              - Undefined Weak Reference
    _call_atexit_fns                          - Undefined Weak Reference
    _clock_init                               - Undefined Weak Reference
    _fp_trap_init                             - Undefined Weak Reference
    _fp_trap_shutdown                         - Undefined Weak Reference
    _get_lc_collate                           - Undefined Weak Reference
    _get_lc_ctype                             - Undefined Weak Reference
    _get_lc_monetary                          - Undefined Weak Reference
    _get_lc_numeric                           - Undefined Weak Reference
    _get_lc_time                              - Undefined Weak Reference
    _getenv_init                              - Undefined Weak Reference
    _handle_redirection                       - Undefined Weak Reference
    _init_alloc                               - Undefined Weak Reference
    _init_user_alloc                          - Undefined Weak Reference
    _initio                                   - Undefined Weak Reference
    _rand_init                                - Undefined Weak Reference
    _signal_finish                            - Undefined Weak Reference
    _signal_init                              - Undefined Weak Reference
    _terminate_alloc                          - Undefined Weak Reference
    _terminate_user_alloc                     - Undefined Weak Reference
    _terminateio                              - Undefined Weak Reference
    __Vectors_Size                           0x00000188   Number         0  startup_stm32f40_41xxx.o ABSOLUTE
    __Vectors                                0x08000000   Data           4  startup_stm32f40_41xxx.o(RESET)
    __Vectors_End                            0x08000188   Data           0  startup_stm32f40_41xxx.o(RESET)
    __main                                   0x08000189   Thumb Code     8  __main.o(!!!main)
    __scatterload                            0x08000191   Thumb Code     0  __scatter.o(!!!scatter)
    __scatterload_rt2                        0x08000191   Thumb Code    44  __scatter.o(!!!scatter)
    __scatterload_rt2_thumb_only             0x08000191   Thumb Code     0  __scatter.o(!!!scatter)
    __scatterload_null                       0x0800019f   Thumb Code     0  __scatter.o(!!!scatter)
    __decompress                             0x080001c5   Thumb Code    90  __dczerorl2.o(!!dczerorl2)
    __decompress1                            0x080001c5   Thumb Code     0  __dczerorl2.o(!!dczerorl2)
    __scatterload_zeroinit                   0x08000221   Thumb Code    28  __scatter_zi.o(!!handler_zi)
    __rt_lib_init                            0x0800023d   Thumb Code     0  libinit.o(.ARM.Collect$$libinit$$00000000)
    __rt_lib_init_fp_1                       0x0800023f   Thumb Code     0  libinit2.o(.ARM.Collect$$libinit$$00000001)
    __rt_lib_init_alloca_1                   0x08000243   Thumb Code     0  libinit2.o(.ARM.Collect$$libinit$$0000002E)
    __rt_lib_init_argv_1                     0x08000243   Thumb Code     0  libinit2.o(.ARM.Collect$$libinit$$0000002C)
    __rt_lib_init_atexit_1                   0x08000243   Thumb Code     0  libinit2.o(.ARM.Collect$$libinit$$0000001B)
    __rt_lib_init_clock_1                    0x08000243   Thumb Code     0  libinit2.o(.ARM.Collect$$libinit$$00000021)
    __rt_lib_init_cpp_1                      0x08000243   Thumb Code     0  libinit2.o(.ARM.Collect$$libinit$$00000032)
    __rt_lib_init_exceptions_1               0x08000243   Thumb Code     0  libinit2.o(.ARM.Collect$$libinit$$00000030)
    __rt_lib_init_fp_trap_1                  0x08000243   Thumb Code     0  libinit2.o(.ARM.Collect$$libinit$$0000001F)
    __rt_lib_init_getenv_1                   0x08000243   Thumb Code     0  libinit2.o(.ARM.Collect$$libinit$$00000023)
    __rt_lib_init_heap_1                     0x08000243   Thumb Code     0  libinit2.o(.ARM.Collect$$libinit$$0000000A)
    __rt_lib_init_lc_collate_1               0x08000243   Thumb Code     0  libinit2.o(.ARM.Collect$$libinit$$00000011)
    __rt_lib_init_lc_ctype_1                 0x08000243   Thumb Code     0  libinit2.o(.ARM.Collect$$libinit$$00000013)
    __rt_lib_init_lc_monetary_1              0x08000243   Thumb Code     0  libinit2.o(.ARM.Collect$$libinit$$00000015)
    __rt_lib_init_lc_numeric_1               0x08000243   Thumb Code     0  libinit2.o(.ARM.Collect$$libinit$$00000017)
    __rt_lib_init_lc_time_1                  0x08000243   Thumb Code     0  libinit2.o(.ARM.Collect$$libinit$$00000019)
    __rt_lib_init_preinit_1                  0x08000243   Thumb Code     0  libinit2.o(.ARM.Collect$$libinit$$00000004)
    __rt_lib_init_rand_1                     0x08000243   Thumb Code     0  libinit2.o(.ARM.Collect$$libinit$$0000000E)
    __rt_lib_init_return                     0x08000243   Thumb Code     0  libinit2.o(.ARM.Collect$$libinit$$00000033)
    __rt_lib_init_signal_1                   0x08000243   Thumb Code     0  libinit2.o(.ARM.Collect$$libinit$$0000001D)
    __rt_lib_init_stdio_1                    0x08000243   Thumb Code     0  libinit2.o(.ARM.Collect$$libinit$$00000025)
    __rt_lib_init_user_alloc_1               0x08000243   Thumb Code     0  libinit2.o(.ARM.Collect$$libinit$$0000000C)
    __rt_lib_shutdown                        0x08000245   Thumb Code     0  libshutdown.o(.ARM.Collect$$libshutdown$$00000000)
    __rt_lib_shutdown_cpp_1                  0x08000247   Thumb Code     0  libshutdown2.o(.ARM.Collect$$libshutdown$$00000002)
    __rt_lib_shutdown_fp_trap_1              0x08000247   Thumb Code     0  libshutdown2.o(.ARM.Collect$$libshutdown$$00000007)
    __rt_lib_shutdown_heap_1                 0x08000247   Thumb Code     0  libshutdown2.o(.ARM.Collect$$libshutdown$$0000000F)
    __rt_lib_shutdown_return                 0x08000247   Thumb Code     0  libshutdown2.o(.ARM.Collect$$libshutdown$$00000010)
    __rt_lib_shutdown_signal_1               0x08000247   Thumb Code     0  libshutdown2.o(.ARM.Collect$$libshutdown$$0000000A)
    __rt_lib_shutdown_stdio_1                0x08000247   Thumb Code     0  libshutdown2.o(.ARM.Collect$$libshutdown$$00000004)
    __rt_lib_shutdown_user_alloc_1           0x08000247   Thumb Code     0  libshutdown2.o(.ARM.Collect$$libshutdown$$0000000C)
    __rt_entry                               0x08000249   Thumb Code     0  __rtentry.o(.ARM.Collect$$rtentry$$00000000)
    __rt_entry_presh_1                       0x08000249   Thumb Code     0  __rtentry2.o(.ARM.Collect$$rtentry$$00000002)
    __rt_entry_sh                            0x08000249   Thumb Code     0  __rtentry4.o(.ARM.Collect$$rtentry$$00000004)
    __rt_entry_li                            0x0800024f   Thumb Code     0  __rtentry2.o(.ARM.Collect$$rtentry$$0000000A)
    __rt_entry_postsh_1                      0x0800024f   Thumb Code     0  __rtentry2.o(.ARM.Collect$$rtentry$$00000009)
    __rt_entry_main                          0x08000253   Thumb Code     0  __rtentry2.o(.ARM.Collect$$rtentry$$0000000D)
    __rt_entry_postli_1                      0x08000253   Thumb Code     0  __rtentry2.o(.ARM.Collect$$rtentry$$0000000C)
    __rt_exit                                0x0800025b   Thumb Code     0  rtexit.o(.ARM.Collect$$rtexit$$00000000)
    __rt_exit_ls                             0x0800025d   Thumb Code     0  rtexit2.o(.ARM.Collect$$rtexit$$00000003)
    __rt_exit_prels_1                        0x0800025d   Thumb Code     0  rtexit2.o(.ARM.Collect$$rtexit$$00000002)
    __rt_exit_exit                           0x08000261   Thumb Code     0  rtexit2.o(.ARM.Collect$$rtexit$$00000004)
    testOfKilling                            0x08000269   Thumb Code   178  main.o(.text)
    enemySort                                0x0800031b   Thumb Code   124  main.o(.text)
    addShowEnemy                             0x08000397   Thumb Code   170  main.o(.text)
    main                                     0x08000441   Thumb Code   732  main.o(.text)
    NMI_Handler                              0x08000725   Thumb Code     2  stm32f4xx_it.o(.text)
    HardFault_Handler                        0x08000727   Thumb Code     4  stm32f4xx_it.o(.text)
    MemManage_Handler                        0x0800072b   Thumb Code     4  stm32f4xx_it.o(.text)
    BusFault_Handler                         0x0800072f   Thumb Code     4  stm32f4xx_it.o(.text)
    UsageFault_Handler                       0x08000733   Thumb Code     4  stm32f4xx_it.o(.text)
    SVC_Handler                              0x08000737   Thumb Code     2  stm32f4xx_it.o(.text)
    DebugMon_Handler                         0x08000739   Thumb Code     2  stm32f4xx_it.o(.text)
    PendSV_Handler                           0x0800073b   Thumb Code     2  stm32f4xx_it.o(.text)
    SysTick_Handler                          0x0800073d   Thumb Code     2  stm32f4xx_it.o(.text)
    SystemInit                               0x0800081d   Thumb Code    88  system_stm32f4xx.o(.text)
    SystemCoreClockUpdate                    0x08000875   Thumb Code   174  system_stm32f4xx.o(.text)
    IIC_delay                                0x08000951   Thumb Code    16  oled.o(.text)
    I2C_Stop                                 0x08000961   Thumb Code    32  oled.o(.text)
    I2C_WaitAck                              0x08000981   Thumb Code    40  oled.o(.text)
    Send_Byte                                0x080009a9   Thumb Code    70  oled.o(.text)
    I2C_Start                                0x080009ef   Thumb Code    48  oled.o(.text)
    OLED_WR_Byte                             0x08000a1f   Thumb Code    56  oled.o(.text)
    OLED_ColorTurn                           0x08000a57   Thumb Code    28  oled.o(.text)
    OLED_DisplayTurn                         0x08000a73   Thumb Code    44  oled.o(.text)
    OLED_DisPlay_On                          0x08000a9f   Thumb Code    28  oled.o(.text)
    OLED_DisPlay_Off                         0x08000abb   Thumb Code    28  oled.o(.text)
    OLED_Refresh                             0x08000ad7   Thumb Code   100  oled.o(.text)
    OLED_Clear                               0x08000b3b   Thumb Code    42  oled.o(.text)
    OLED_DrawPoint                           0x08000b65   Thumb Code   114  oled.o(.text)
    OLED_DrawLine                            0x08000bd7   Thumb Code   172  oled.o(.text)
    OLED_DrawCircle                          0x08000c83   Thumb Code   168  oled.o(.text)
    OLED_ShowChar                            0x08000d2b   Thumb Code   310  oled.o(.text)
    OLED_ShowString                          0x08000e61   Thumb Code    74  oled.o(.text)
    OLED_Pow                                 0x08000eab   Thumb Code    22  oled.o(.text)
    OLED_ShowNum                             0x08000ec1   Thumb Code   140  oled.o(.text)
    OLED_ShowChinese                         0x08000f4d   Thumb Code   244  oled.o(.text)
    OLED_ScrollDisplay                       0x08001041   Thumb Code   168  oled.o(.text)
    OLED_ShowPicture                         0x080010e9   Thumb Code   252  oled.o(.text)
    OLED_Init                                0x080011e5   Thumb Code   334  oled.o(.text)
    OLED_ShowTarget                          0x08001333   Thumb Code   394  oled.o(.text)
    OLED_RemoveTarget                        0x080014bd   Thumb Code   280  oled.o(.text)
    OLED_ShowSelf                            0x080015d5   Thumb Code   132  oled.o(.text)
    OLED_ShowGround                          0x08001659   Thumb Code    44  oled.o(.text)
    BEEP_Close                               0x08001689   Thumb Code    24  beep.o(.text)
    BEEP_Init                                0x080016a1   Thumb Code    54  beep.o(.text)
    BEEP_Open                                0x080016d7   Thumb Code    24  beep.o(.text)
    toRad                                    0x080016f5   Thumb Code    56  tool.o(.text)
    toDuu                                    0x0800172d   Thumb Code    60  tool.o(.text)
    toPPos                                   0x08001769   Thumb Code   242  tool.o(.text)
    numLen                                   0x0800185b   Thumb Code    28  tool.o(.text)
    getDist                                  0x08001877   Thumb Code    56  tool.o(.text)
    getWay                                   0x080018af   Thumb Code   130  tool.o(.text)
    tim2_Init                                0x08001951   Thumb Code    90  tick.o(.text)
    startTick                                0x080019ab   Thumb Code    20  tick.o(.text)
    getTick_10us                             0x080019bf   Thumb Code     6  tick.o(.text)
    getTick_ms                               0x080019c5   Thumb Code    12  tick.o(.text)
    TIM2_IRQHandler                          0x080019d1   Thumb Code    34  tick.o(.text)
    dist_Init                                0x080019f9   Thumb Code    80  dist.o(.text)
    startGet                                 0x08001a49   Thumb Code     8  dist.o(.text)
    endGet                                   0x08001a51   Thumb Code     8  dist.o(.text)
    detectGet                                0x08001a59   Thumb Code     8  dist.o(.text)
    transDist                                0x08001a61   Thumb Code   108  dist.o(.text)
    enemyFind                                0x08001acd   Thumb Code    66  dist.o(.text)
    tim3_Init                                0x08001b19   Thumb Code   176  turn.o(.text)
    ATurn                                    0x08001bc9   Thumb Code    72  turn.o(.text)
    BTurn                                    0x08001c11   Thumb Code    72  turn.o(.text)
    delay_init                               0x08001c81   Thumb Code    52  delay.o(.text)
    delay_us                                 0x08001cb5   Thumb Code    72  delay.o(.text)
    delay_xms                                0x08001cfd   Thumb Code    72  delay.o(.text)
    delay_ms                                 0x08001d45   Thumb Code    56  delay.o(.text)
    Reset_Handler                            0x08001d85   Thumb Code     8  startup_stm32f40_41xxx.o(.text)
    ADC_IRQHandler                           0x08001d9f   Thumb Code     0  startup_stm32f40_41xxx.o(.text)
    CAN1_RX0_IRQHandler                      0x08001d9f   Thumb Code     0  startup_stm32f40_41xxx.o(.text)
    CAN1_RX1_IRQHandler                      0x08001d9f   Thumb Code     0  startup_stm32f40_41xxx.o(.text)
    CAN1_SCE_IRQHandler                      0x08001d9f   Thumb Code     0  startup_stm32f40_41xxx.o(.text)
    CAN1_TX_IRQHandler                       0x08001d9f   Thumb Code     0  startup_stm32f40_41xxx.o(.text)
    CAN2_RX0_IRQHandler                      0x08001d9f   Thumb Code     0  startup_stm32f40_41xxx.o(.text)
    CAN2_RX1_IRQHandler                      0x08001d9f   Thumb Code     0  startup_stm32f40_41xxx.o(.text)
    CAN2_SCE_IRQHandler                      0x08001d9f   Thumb Code     0  startup_stm32f40_41xxx.o(.text)
    CAN2_TX_IRQHandler                       0x08001d9f   Thumb Code     0  startup_stm32f40_41xxx.o(.text)
    CRYP_IRQHandler                          0x08001d9f   Thumb Code     0  startup_stm32f40_41xxx.o(.text)
    DCMI_IRQHandler                          0x08001d9f   Thumb Code     0  startup_stm32f40_41xxx.o(.text)
    DMA1_Stream0_IRQHandler                  0x08001d9f   Thumb Code     0  startup_stm32f40_41xxx.o(.text)
    DMA1_Stream1_IRQHandler                  0x08001d9f   Thumb Code     0  startup_stm32f40_41xxx.o(.text)
    DMA1_Stream2_IRQHandler                  0x08001d9f   Thumb Code     0  startup_stm32f40_41xxx.o(.text)
    DMA1_Stream3_IRQHandler                  0x08001d9f   Thumb Code     0  startup_stm32f40_41xxx.o(.text)
    DMA1_Stream4_IRQHandler                  0x08001d9f   Thumb Code     0  startup_stm32f40_41xxx.o(.text)
    DMA1_Stream5_IRQHandler                  0x08001d9f   Thumb Code     0  startup_stm32f40_41xxx.o(.text)
    DMA1_Stream6_IRQHandler                  0x08001d9f   Thumb Code     0  startup_stm32f40_41xxx.o(.text)
    DMA1_Stream7_IRQHandler                  0x08001d9f   Thumb Code     0  startup_stm32f40_41xxx.o(.text)
    DMA2_Stream0_IRQHandler                  0x08001d9f   Thumb Code     0  startup_stm32f40_41xxx.o(.text)
    DMA2_Stream1_IRQHandler                  0x08001d9f   Thumb Code     0  startup_stm32f40_41xxx.o(.text)
    DMA2_Stream2_IRQHandler                  0x08001d9f   Thumb Code     0  startup_stm32f40_41xxx.o(.text)
    DMA2_Stream3_IRQHandler                  0x08001d9f   Thumb Code     0  startup_stm32f40_41xxx.o(.text)
    DMA2_Stream4_IRQHandler                  0x08001d9f   Thumb Code     0  startup_stm32f40_41xxx.o(.text)
    DMA2_Stream5_IRQHandler                  0x08001d9f   Thumb Code     0  startup_stm32f40_41xxx.o(.text)
    DMA2_Stream6_IRQHandler                  0x08001d9f   Thumb Code     0  startup_stm32f40_41xxx.o(.text)
    DMA2_Stream7_IRQHandler                  0x08001d9f   Thumb Code     0  startup_stm32f40_41xxx.o(.text)
    ETH_IRQHandler                           0x08001d9f   Thumb Code     0  startup_stm32f40_41xxx.o(.text)
    ETH_WKUP_IRQHandler                      0x08001d9f   Thumb Code     0  startup_stm32f40_41xxx.o(.text)
    EXTI0_IRQHandler                         0x08001d9f   Thumb Code     0  startup_stm32f40_41xxx.o(.text)
    EXTI15_10_IRQHandler                     0x08001d9f   Thumb Code     0  startup_stm32f40_41xxx.o(.text)
    EXTI1_IRQHandler                         0x08001d9f   Thumb Code     0  startup_stm32f40_41xxx.o(.text)
    EXTI2_IRQHandler                         0x08001d9f   Thumb Code     0  startup_stm32f40_41xxx.o(.text)
    EXTI3_IRQHandler                         0x08001d9f   Thumb Code     0  startup_stm32f40_41xxx.o(.text)
    EXTI4_IRQHandler                         0x08001d9f   Thumb Code     0  startup_stm32f40_41xxx.o(.text)
    EXTI9_5_IRQHandler                       0x08001d9f   Thumb Code     0  startup_stm32f40_41xxx.o(.text)
    FLASH_IRQHandler                         0x08001d9f   Thumb Code     0  startup_stm32f40_41xxx.o(.text)
    FPU_IRQHandler                           0x08001d9f   Thumb Code     0  startup_stm32f40_41xxx.o(.text)
    FSMC_IRQHandler                          0x08001d9f   Thumb Code     0  startup_stm32f40_41xxx.o(.text)
    HASH_RNG_IRQHandler                      0x08001d9f   Thumb Code     0  startup_stm32f40_41xxx.o(.text)
    I2C1_ER_IRQHandler                       0x08001d9f   Thumb Code     0  startup_stm32f40_41xxx.o(.text)
    I2C1_EV_IRQHandler                       0x08001d9f   Thumb Code     0  startup_stm32f40_41xxx.o(.text)
    I2C2_ER_IRQHandler                       0x08001d9f   Thumb Code     0  startup_stm32f40_41xxx.o(.text)
    I2C2_EV_IRQHandler                       0x08001d9f   Thumb Code     0  startup_stm32f40_41xxx.o(.text)
    I2C3_ER_IRQHandler                       0x08001d9f   Thumb Code     0  startup_stm32f40_41xxx.o(.text)
    I2C3_EV_IRQHandler                       0x08001d9f   Thumb Code     0  startup_stm32f40_41xxx.o(.text)
    OTG_FS_IRQHandler                        0x08001d9f   Thumb Code     0  startup_stm32f40_41xxx.o(.text)
    OTG_FS_WKUP_IRQHandler                   0x08001d9f   Thumb Code     0  startup_stm32f40_41xxx.o(.text)
    OTG_HS_EP1_IN_IRQHandler                 0x08001d9f   Thumb Code     0  startup_stm32f40_41xxx.o(.text)
    OTG_HS_EP1_OUT_IRQHandler                0x08001d9f   Thumb Code     0  startup_stm32f40_41xxx.o(.text)
    OTG_HS_IRQHandler                        0x08001d9f   Thumb Code     0  startup_stm32f40_41xxx.o(.text)
    OTG_HS_WKUP_IRQHandler                   0x08001d9f   Thumb Code     0  startup_stm32f40_41xxx.o(.text)
    PVD_IRQHandler                           0x08001d9f   Thumb Code     0  startup_stm32f40_41xxx.o(.text)
    RCC_IRQHandler                           0x08001d9f   Thumb Code     0  startup_stm32f40_41xxx.o(.text)
    RTC_Alarm_IRQHandler                     0x08001d9f   Thumb Code     0  startup_stm32f40_41xxx.o(.text)
    RTC_WKUP_IRQHandler                      0x08001d9f   Thumb Code     0  startup_stm32f40_41xxx.o(.text)
    SDIO_IRQHandler                          0x08001d9f   Thumb Code     0  startup_stm32f40_41xxx.o(.text)
    SPI1_IRQHandler                          0x08001d9f   Thumb Code     0  startup_stm32f40_41xxx.o(.text)
    SPI2_IRQHandler                          0x08001d9f   Thumb Code     0  startup_stm32f40_41xxx.o(.text)
    SPI3_IRQHandler                          0x08001d9f   Thumb Code     0  startup_stm32f40_41xxx.o(.text)
    TAMP_STAMP_IRQHandler                    0x08001d9f   Thumb Code     0  startup_stm32f40_41xxx.o(.text)
    TIM1_BRK_TIM9_IRQHandler                 0x08001d9f   Thumb Code     0  startup_stm32f40_41xxx.o(.text)
    TIM1_CC_IRQHandler                       0x08001d9f   Thumb Code     0  startup_stm32f40_41xxx.o(.text)
    TIM1_TRG_COM_TIM11_IRQHandler            0x08001d9f   Thumb Code     0  startup_stm32f40_41xxx.o(.text)
    TIM1_UP_TIM10_IRQHandler                 0x08001d9f   Thumb Code     0  startup_stm32f40_41xxx.o(.text)
    TIM3_IRQHandler                          0x08001d9f   Thumb Code     0  startup_stm32f40_41xxx.o(.text)
    TIM4_IRQHandler                          0x08001d9f   Thumb Code     0  startup_stm32f40_41xxx.o(.text)
    TIM5_IRQHandler                          0x08001d9f   Thumb Code     0  startup_stm32f40_41xxx.o(.text)
    TIM6_DAC_IRQHandler                      0x08001d9f   Thumb Code     0  startup_stm32f40_41xxx.o(.text)
    TIM7_IRQHandler                          0x08001d9f   Thumb Code     0  startup_stm32f40_41xxx.o(.text)
    TIM8_BRK_TIM12_IRQHandler                0x08001d9f   Thumb Code     0  startup_stm32f40_41xxx.o(.text)
    TIM8_CC_IRQHandler                       0x08001d9f   Thumb Code     0  startup_stm32f40_41xxx.o(.text)
    TIM8_TRG_COM_TIM14_IRQHandler            0x08001d9f   Thumb Code     0  startup_stm32f40_41xxx.o(.text)
    TIM8_UP_TIM13_IRQHandler                 0x08001d9f   Thumb Code     0  startup_stm32f40_41xxx.o(.text)
    UART4_IRQHandler                         0x08001d9f   Thumb Code     0  startup_stm32f40_41xxx.o(.text)
    UART5_IRQHandler                         0x08001d9f   Thumb Code     0  startup_stm32f40_41xxx.o(.text)
    USART1_IRQHandler                        0x08001d9f   Thumb Code     0  startup_stm32f40_41xxx.o(.text)
    USART2_IRQHandler                        0x08001d9f   Thumb Code     0  startup_stm32f40_41xxx.o(.text)
    USART3_IRQHandler                        0x08001d9f   Thumb Code     0  startup_stm32f40_41xxx.o(.text)
    USART6_IRQHandler                        0x08001d9f   Thumb Code     0  startup_stm32f40_41xxx.o(.text)
    WWDG_IRQHandler                          0x08001d9f   Thumb Code     0  startup_stm32f40_41xxx.o(.text)
    __user_initial_stackheap                 0x08001da1   Thumb Code     0  startup_stm32f40_41xxx.o(.text)
    NVIC_PriorityGroupConfig                 0x08001dc5   Thumb Code    10  misc.o(.text)
    NVIC_Init                                0x08001dcf   Thumb Code   106  misc.o(.text)
    NVIC_SetVectorTable                      0x08001e39   Thumb Code    14  misc.o(.text)
    NVIC_SystemLPConfig                      0x08001e47   Thumb Code    34  misc.o(.text)
    SysTick_CLKSourceConfig                  0x08001e69   Thumb Code    40  misc.o(.text)
    GPIO_DeInit                              0x08001ea5   Thumb Code   268  stm32f4xx_gpio.o(.text)
    GPIO_Init                                0x08001fb1   Thumb Code   144  stm32f4xx_gpio.o(.text)
    GPIO_StructInit                          0x08002041   Thumb Code    18  stm32f4xx_gpio.o(.text)
    GPIO_PinLockConfig                       0x08002053   Thumb Code    34  stm32f4xx_gpio.o(.text)
    GPIO_ReadInputDataBit                    0x08002075   Thumb Code    18  stm32f4xx_gpio.o(.text)
    GPIO_ReadInputData                       0x08002087   Thumb Code     8  stm32f4xx_gpio.o(.text)
    GPIO_ReadOutputDataBit                   0x0800208f   Thumb Code    18  stm32f4xx_gpio.o(.text)
    GPIO_ReadOutputData                      0x080020a1   Thumb Code     8  stm32f4xx_gpio.o(.text)
    GPIO_SetBits                             0x080020a9   Thumb Code     4  stm32f4xx_gpio.o(.text)
    GPIO_ResetBits                           0x080020ad   Thumb Code     4  stm32f4xx_gpio.o(.text)
    GPIO_WriteBit                            0x080020b1   Thumb Code    10  stm32f4xx_gpio.o(.text)
    GPIO_Write                               0x080020bb   Thumb Code     4  stm32f4xx_gpio.o(.text)
    GPIO_ToggleBits                          0x080020bf   Thumb Code     8  stm32f4xx_gpio.o(.text)
    GPIO_PinAFConfig                         0x080020c7   Thumb Code    70  stm32f4xx_gpio.o(.text)
    RCC_DeInit                               0x08002139   Thumb Code    82  stm32f4xx_rcc.o(.text)
    RCC_HSEConfig                            0x0800218b   Thumb Code    14  stm32f4xx_rcc.o(.text)
    RCC_GetFlagStatus                        0x08002199   Thumb Code    60  stm32f4xx_rcc.o(.text)
    RCC_WaitForHSEStartUp                    0x080021d5   Thumb Code    56  stm32f4xx_rcc.o(.text)
    RCC_AdjustHSICalibrationValue            0x0800220d   Thumb Code    20  stm32f4xx_rcc.o(.text)
    RCC_HSICmd                               0x08002221   Thumb Code     6  stm32f4xx_rcc.o(.text)
    RCC_LSEConfig                            0x08002227   Thumb Code    46  stm32f4xx_rcc.o(.text)
    RCC_LSICmd                               0x08002255   Thumb Code     6  stm32f4xx_rcc.o(.text)
    RCC_PLLConfig                            0x0800225b   Thumb Code    32  stm32f4xx_rcc.o(.text)
    RCC_PLLCmd                               0x0800227b   Thumb Code     6  stm32f4xx_rcc.o(.text)
    RCC_PLLI2SConfig                         0x08002281   Thumb Code    14  stm32f4xx_rcc.o(.text)
    RCC_PLLI2SCmd                            0x0800228f   Thumb Code     6  stm32f4xx_rcc.o(.text)
    RCC_PLLSAIConfig                         0x08002295   Thumb Code    20  stm32f4xx_rcc.o(.text)
    RCC_PLLSAICmd                            0x080022a9   Thumb Code     6  stm32f4xx_rcc.o(.text)
    RCC_ClockSecuritySystemCmd               0x080022af   Thumb Code     6  stm32f4xx_rcc.o(.text)
    RCC_MCO1Config                           0x080022b5   Thumb Code    28  stm32f4xx_rcc.o(.text)
    RCC_MCO2Config                           0x080022d1   Thumb Code    28  stm32f4xx_rcc.o(.text)
    RCC_SYSCLKConfig                         0x080022ed   Thumb Code    20  stm32f4xx_rcc.o(.text)
    RCC_GetSYSCLKSource                      0x08002301   Thumb Code    12  stm32f4xx_rcc.o(.text)
    RCC_HCLKConfig                           0x0800230d   Thumb Code    20  stm32f4xx_rcc.o(.text)
    RCC_PCLK1Config                          0x08002321   Thumb Code    20  stm32f4xx_rcc.o(.text)
    RCC_PCLK2Config                          0x08002335   Thumb Code    22  stm32f4xx_rcc.o(.text)
    RCC_GetClocksFreq                        0x0800234b   Thumb Code   222  stm32f4xx_rcc.o(.text)
    RCC_RTCCLKConfig                         0x08002429   Thumb Code    54  stm32f4xx_rcc.o(.text)
    RCC_RTCCLKCmd                            0x0800245f   Thumb Code     8  stm32f4xx_rcc.o(.text)
    RCC_BackupResetCmd                       0x08002467   Thumb Code     8  stm32f4xx_rcc.o(.text)
    RCC_I2SCLKConfig                         0x0800246f   Thumb Code     6  stm32f4xx_rcc.o(.text)
    RCC_SAIPLLI2SClkDivConfig                0x08002475   Thumb Code    26  stm32f4xx_rcc.o(.text)
    RCC_SAIPLLSAIClkDivConfig                0x0800248f   Thumb Code    28  stm32f4xx_rcc.o(.text)
    RCC_SAIBlockACLKConfig                   0x080024ab   Thumb Code    20  stm32f4xx_rcc.o(.text)
    RCC_SAIBlockBCLKConfig                   0x080024bf   Thumb Code    20  stm32f4xx_rcc.o(.text)
    RCC_LTDCCLKDivConfig                     0x080024d3   Thumb Code    20  stm32f4xx_rcc.o(.text)
    RCC_TIMCLKPresConfig                     0x080024e7   Thumb Code     6  stm32f4xx_rcc.o(.text)
    RCC_AHB1PeriphClockCmd                   0x080024ed   Thumb Code    34  stm32f4xx_rcc.o(.text)
    RCC_AHB2PeriphClockCmd                   0x0800250f   Thumb Code    78  stm32f4xx_rcc.o(.text)
    RCC_AHB3PeriphClockCmd                   0x0800255d   Thumb Code    34  stm32f4xx_rcc.o(.text)
    RCC_APB1PeriphClockCmd                   0x0800257f   Thumb Code    34  stm32f4xx_rcc.o(.text)
    RCC_APB2PeriphClockCmd                   0x080025a1   Thumb Code    34  stm32f4xx_rcc.o(.text)
    RCC_AHB1PeriphResetCmd                   0x080025c3   Thumb Code    34  stm32f4xx_rcc.o(.text)
    RCC_AHB2PeriphResetCmd                   0x080025e5   Thumb Code    34  stm32f4xx_rcc.o(.text)
    RCC_AHB3PeriphResetCmd                   0x08002607   Thumb Code    34  stm32f4xx_rcc.o(.text)
    RCC_APB1PeriphResetCmd                   0x08002629   Thumb Code    34  stm32f4xx_rcc.o(.text)
    RCC_APB2PeriphResetCmd                   0x0800264b   Thumb Code    34  stm32f4xx_rcc.o(.text)
    RCC_AHB1PeriphClockLPModeCmd             0x0800266d   Thumb Code    34  stm32f4xx_rcc.o(.text)
    RCC_AHB2PeriphClockLPModeCmd             0x0800268f   Thumb Code    34  stm32f4xx_rcc.o(.text)
    RCC_AHB3PeriphClockLPModeCmd             0x080026b1   Thumb Code    34  stm32f4xx_rcc.o(.text)
    RCC_APB1PeriphClockLPModeCmd             0x080026d3   Thumb Code    34  stm32f4xx_rcc.o(.text)
    RCC_APB2PeriphClockLPModeCmd             0x080026f5   Thumb Code    34  stm32f4xx_rcc.o(.text)
    RCC_LSEModeConfig                        0x08002717   Thumb Code    40  stm32f4xx_rcc.o(.text)
    RCC_ITConfig                             0x0800273f   Thumb Code    34  stm32f4xx_rcc.o(.text)
    RCC_ClearFlag                            0x08002761   Thumb Code    18  stm32f4xx_rcc.o(.text)
    RCC_GetITStatus                          0x08002773   Thumb Code    22  stm32f4xx_rcc.o(.text)
    RCC_ClearITPendingBit                    0x08002789   Thumb Code     8  stm32f4xx_rcc.o(.text)
    TIM_DeInit                               0x08002795   Thumb Code   346  stm32f4xx_tim.o(.text)
    TIM_TimeBaseInit                         0x080028ef   Thumb Code   104  stm32f4xx_tim.o(.text)
    TIM_TimeBaseStructInit                   0x08002957   Thumb Code    18  stm32f4xx_tim.o(.text)
    TIM_PrescalerConfig                      0x08002969   Thumb Code     6  stm32f4xx_tim.o(.text)
    TIM_CounterModeConfig                    0x0800296f   Thumb Code    18  stm32f4xx_tim.o(.text)
    TIM_SetCounter                           0x08002981   Thumb Code     4  stm32f4xx_tim.o(.text)
    TIM_SetAutoreload                        0x08002985   Thumb Code     4  stm32f4xx_tim.o(.text)
    TIM_GetCounter                           0x08002989   Thumb Code     6  stm32f4xx_tim.o(.text)
    TIM_GetPrescaler                         0x0800298f   Thumb Code     6  stm32f4xx_tim.o(.text)
    TIM_UpdateDisableConfig                  0x08002995   Thumb Code    24  stm32f4xx_tim.o(.text)
    TIM_UpdateRequestConfig                  0x080029ad   Thumb Code    24  stm32f4xx_tim.o(.text)
    TIM_ARRPreloadConfig                     0x080029c5   Thumb Code    24  stm32f4xx_tim.o(.text)
    TIM_SelectOnePulseMode                   0x080029dd   Thumb Code    18  stm32f4xx_tim.o(.text)
    TIM_SetClockDivision                     0x080029ef   Thumb Code    18  stm32f4xx_tim.o(.text)
    TIM_Cmd                                  0x08002a01   Thumb Code    24  stm32f4xx_tim.o(.text)
    TIM_OC1Init                              0x08002a19   Thumb Code   114  stm32f4xx_tim.o(.text)
    TIM_OC2Init                              0x08002a8b   Thumb Code   154  stm32f4xx_tim.o(.text)
    TIM_OC3Init                              0x08002b25   Thumb Code   204  stm32f4xx_tim.o(.text)
    TIM_OC4Init                              0x08002bf1   Thumb Code   112  stm32f4xx_tim.o(.text)
    TIM_OCStructInit                         0x08002c61   Thumb Code    20  stm32f4xx_tim.o(.text)
    TIM_SelectOCxM                           0x08002c75   Thumb Code    86  stm32f4xx_tim.o(.text)
    TIM_SetCompare1                          0x08002ccb   Thumb Code     4  stm32f4xx_tim.o(.text)
    TIM_SetCompare2                          0x08002ccf   Thumb Code     4  stm32f4xx_tim.o(.text)
    TIM_SetCompare3                          0x08002cd3   Thumb Code     4  stm32f4xx_tim.o(.text)
    TIM_SetCompare4                          0x08002cd7   Thumb Code     4  stm32f4xx_tim.o(.text)
    TIM_ForcedOC1Config                      0x08002cdb   Thumb Code    18  stm32f4xx_tim.o(.text)
    TIM_ForcedOC2Config                      0x08002ced   Thumb Code    26  stm32f4xx_tim.o(.text)
    TIM_ForcedOC3Config                      0x08002d07   Thumb Code    18  stm32f4xx_tim.o(.text)
    TIM_ForcedOC4Config                      0x08002d19   Thumb Code    26  stm32f4xx_tim.o(.text)
    TIM_OC1PreloadConfig                     0x08002d33   Thumb Code    18  stm32f4xx_tim.o(.text)
    TIM_OC2PreloadConfig                     0x08002d45   Thumb Code    26  stm32f4xx_tim.o(.text)
    TIM_OC3PreloadConfig                     0x08002d5f   Thumb Code    18  stm32f4xx_tim.o(.text)
    TIM_OC4PreloadConfig                     0x08002d71   Thumb Code    26  stm32f4xx_tim.o(.text)
    TIM_OC1FastConfig                        0x08002d8b   Thumb Code    18  stm32f4xx_tim.o(.text)
    TIM_OC2FastConfig                        0x08002d9d   Thumb Code    26  stm32f4xx_tim.o(.text)
    TIM_OC3FastConfig                        0x08002db7   Thumb Code    18  stm32f4xx_tim.o(.text)
    TIM_OC4FastConfig                        0x08002dc9   Thumb Code    26  stm32f4xx_tim.o(.text)
    TIM_ClearOC1Ref                          0x08002de3   Thumb Code    18  stm32f4xx_tim.o(.text)
    TIM_ClearOC2Ref                          0x08002df5   Thumb Code    24  stm32f4xx_tim.o(.text)
    TIM_ClearOC3Ref                          0x08002e0d   Thumb Code    18  stm32f4xx_tim.o(.text)
    TIM_ClearOC4Ref                          0x08002e1f   Thumb Code    24  stm32f4xx_tim.o(.text)
    TIM_OC1PolarityConfig                    0x08002e37   Thumb Code    18  stm32f4xx_tim.o(.text)
    TIM_OC1NPolarityConfig                   0x08002e49   Thumb Code    18  stm32f4xx_tim.o(.text)
    TIM_OC2PolarityConfig                    0x08002e5b   Thumb Code    26  stm32f4xx_tim.o(.text)
    TIM_OC2NPolarityConfig                   0x08002e75   Thumb Code    26  stm32f4xx_tim.o(.text)
    TIM_OC3PolarityConfig                    0x08002e8f   Thumb Code    26  stm32f4xx_tim.o(.text)
    TIM_OC3NPolarityConfig                   0x08002ea9   Thumb Code    26  stm32f4xx_tim.o(.text)
    TIM_OC4PolarityConfig                    0x08002ec3   Thumb Code    26  stm32f4xx_tim.o(.text)
    TIM_CCxCmd                               0x08002edd   Thumb Code    30  stm32f4xx_tim.o(.text)
    TIM_CCxNCmd                              0x08002efb   Thumb Code    30  stm32f4xx_tim.o(.text)
    TIM_SetIC4Prescaler                      0x08002f19   Thumb Code    26  stm32f4xx_tim.o(.text)
    TIM_SetIC3Prescaler                      0x08002f83   Thumb Code    18  stm32f4xx_tim.o(.text)
    TIM_SetIC2Prescaler                      0x08002fdd   Thumb Code    26  stm32f4xx_tim.o(.text)
    TIM_SetIC1Prescaler                      0x08003051   Thumb Code    18  stm32f4xx_tim.o(.text)
    TIM_ICInit                               0x0800309d   Thumb Code   110  stm32f4xx_tim.o(.text)
    TIM_ICStructInit                         0x0800310b   Thumb Code    18  stm32f4xx_tim.o(.text)
    TIM_PWMIConfig                           0x0800311d   Thumb Code   124  stm32f4xx_tim.o(.text)
    TIM_GetCapture1                          0x08003199   Thumb Code     6  stm32f4xx_tim.o(.text)
    TIM_GetCapture2                          0x0800319f   Thumb Code     6  stm32f4xx_tim.o(.text)
    TIM_GetCapture3                          0x080031a5   Thumb Code     6  stm32f4xx_tim.o(.text)
    TIM_GetCapture4                          0x080031ab   Thumb Code     6  stm32f4xx_tim.o(.text)
    TIM_BDTRConfig                           0x080031b1   Thumb Code    32  stm32f4xx_tim.o(.text)
    TIM_BDTRStructInit                       0x080031d1   Thumb Code    18  stm32f4xx_tim.o(.text)
    TIM_CtrlPWMOutputs                       0x080031e3   Thumb Code    30  stm32f4xx_tim.o(.text)
    TIM_SelectCOM                            0x08003201   Thumb Code    24  stm32f4xx_tim.o(.text)
    TIM_CCPreloadControl                     0x08003219   Thumb Code    24  stm32f4xx_tim.o(.text)
    TIM_ITConfig                             0x08003231   Thumb Code    18  stm32f4xx_tim.o(.text)
    TIM_GenerateEvent                        0x08003243   Thumb Code     4  stm32f4xx_tim.o(.text)
    TIM_GetFlagStatus                        0x08003247   Thumb Code    18  stm32f4xx_tim.o(.text)
    TIM_ClearFlag                            0x08003259   Thumb Code     6  stm32f4xx_tim.o(.text)
    TIM_GetITStatus                          0x0800325f   Thumb Code    34  stm32f4xx_tim.o(.text)
    TIM_ClearITPendingBit                    0x08003281   Thumb Code     6  stm32f4xx_tim.o(.text)
    TIM_DMAConfig                            0x08003287   Thumb Code    10  stm32f4xx_tim.o(.text)
    TIM_DMACmd                               0x08003291   Thumb Code    18  stm32f4xx_tim.o(.text)
    TIM_SelectCCDMA                          0x080032a3   Thumb Code    24  stm32f4xx_tim.o(.text)
    TIM_InternalClockConfig                  0x080032bb   Thumb Code    12  stm32f4xx_tim.o(.text)
    TIM_SelectInputTrigger                   0x080032c7   Thumb Code    18  stm32f4xx_tim.o(.text)
    TIM_ITRxExternalClockConfig              0x080032d9   Thumb Code    24  stm32f4xx_tim.o(.text)
    TIM_TIxExternalClockConfig               0x080032f1   Thumb Code    62  stm32f4xx_tim.o(.text)
    TIM_ETRConfig                            0x0800332f   Thumb Code    28  stm32f4xx_tim.o(.text)
    TIM_ETRClockMode1Config                  0x0800334b   Thumb Code    54  stm32f4xx_tim.o(.text)
    TIM_ETRClockMode2Config                  0x08003381   Thumb Code    32  stm32f4xx_tim.o(.text)
    TIM_SelectOutputTrigger                  0x080033a1   Thumb Code    18  stm32f4xx_tim.o(.text)
    TIM_SelectSlaveMode                      0x080033b3   Thumb Code    18  stm32f4xx_tim.o(.text)
    TIM_SelectMasterSlaveMode                0x080033c5   Thumb Code    18  stm32f4xx_tim.o(.text)
    TIM_EncoderInterfaceConfig               0x080033d7   Thumb Code    66  stm32f4xx_tim.o(.text)
    TIM_SelectHallSensor                     0x08003419   Thumb Code    24  stm32f4xx_tim.o(.text)
    TIM_RemapConfig                          0x08003431   Thumb Code     6  stm32f4xx_tim.o(.text)
    __use_two_region_memory                  0x08003437   Thumb Code     2  heapauxi.o(.text)
    __rt_heap_escrow$2region                 0x08003439   Thumb Code     2  heapauxi.o(.text)
    __rt_heap_expand$2region                 0x0800343b   Thumb Code     2  heapauxi.o(.text)
    __read_errno                             0x0800343d   Thumb Code    10  _rserrno.o(.text)
    __set_errno                              0x08003447   Thumb Code    12  _rserrno.o(.text)
    __aeabi_errno_addr                       0x08003455   Thumb Code     8  rt_errno_addr_intlibspace.o(.text)
    __errno$intlibspace                      0x08003455   Thumb Code     0  rt_errno_addr_intlibspace.o(.text)
    __rt_errno_addr$intlibspace              0x08003455   Thumb Code     0  rt_errno_addr_intlibspace.o(.text)
    __user_libspace                          0x0800345d   Thumb Code     8  libspace.o(.text)
    __user_perproc_libspace                  0x0800345d   Thumb Code     0  libspace.o(.text)
    __user_perthread_libspace                0x0800345d   Thumb Code     0  libspace.o(.text)
    __user_setup_stackheap                   0x08003465   Thumb Code    74  sys_stackheap_outer.o(.text)
    exit                                     0x080034af   Thumb Code    18  exit.o(.text)
    _sys_exit                                0x080034c1   Thumb Code     8  sys_exit.o(.text)
    __I$use$semihosting                      0x080034cd   Thumb Code     0  use_no_semi.o(.text)
    __use_no_semihosting_swi                 0x080034cd   Thumb Code     2  use_no_semi.o(.text)
    __ARM_fpclassify                         0x080034cf   Thumb Code    48  fpclassify.o(i.__ARM_fpclassify)
    __semihosting_library_function           0x080034cf   Thumb Code     0  indicate_semi.o(.text)
    __hardfp_atan                            0x08003501   Thumb Code   622  atan.o(i.__hardfp_atan)
    __hardfp_atan2                           0x080037d9   Thumb Code   432  atan2.o(i.__hardfp_atan2)
    __hardfp_cos                             0x080039c9   Thumb Code   180  cos.o(i.__hardfp_cos)
    __hardfp_round                           0x08003a91   Thumb Code   194  round.o(i.__hardfp_round)
    __hardfp_sin                             0x08003b71   Thumb Code   180  sin.o(i.__hardfp_sin)
    __hardfp_sqrt                            0x08003c39   Thumb Code   122  sqrt.o(i.__hardfp_sqrt)
    __ieee754_rem_pio2                       0x08003cb9   Thumb Code   938  rred.o(i.__ieee754_rem_pio2)
    __kernel_cos                             0x080040f1   Thumb Code   322  cos_i.o(i.__kernel_cos)
    __kernel_poly                            0x08004261   Thumb Code   248  poly.o(i.__kernel_poly)
    __kernel_sin                             0x08004359   Thumb Code   280  sin_i.o(i.__kernel_sin)
    __mathlib_dbl_infnan                     0x08004489   Thumb Code    20  dunder.o(i.__mathlib_dbl_infnan)
    __mathlib_dbl_infnan2                    0x0800449d   Thumb Code    20  dunder.o(i.__mathlib_dbl_infnan2)
    __mathlib_dbl_invalid                    0x080044b1   Thumb Code    24  dunder.o(i.__mathlib_dbl_invalid)
    __mathlib_dbl_underflow                  0x080044d1   Thumb Code    24  dunder.o(i.__mathlib_dbl_underflow)
    atan                                     0x080044f1   Thumb Code    16  atan.o(i.atan)
    fabs                                     0x08004501   Thumb Code    24  fabs.o(i.fabs)
    __aeabi_dneg                             0x08004519   Thumb Code     0  basic.o(x$fpl$basic)
    _dneg                                    0x08004519   Thumb Code     6  basic.o(x$fpl$basic)
    __aeabi_fneg                             0x0800451f   Thumb Code     0  basic.o(x$fpl$basic)
    _fneg                                    0x0800451f   Thumb Code     6  basic.o(x$fpl$basic)
    _dabs                                    0x08004525   Thumb Code     6  basic.o(x$fpl$basic)
    _fabs                                    0x0800452b   Thumb Code     6  basic.o(x$fpl$basic)
    __aeabi_dadd                             0x08004531   Thumb Code     0  daddsub_clz.o(x$fpl$dadd)
    _dadd                                    0x08004531   Thumb Code   332  daddsub_clz.o(x$fpl$dadd)
    __fpl_dcmp_Inf                           0x08004681   Thumb Code    24  dcmpi.o(x$fpl$dcmpinf)
    __aeabi_ddiv                             0x08004699   Thumb Code     0  ddiv.o(x$fpl$ddiv)
    _ddiv                                    0x08004699   Thumb Code   552  ddiv.o(x$fpl$ddiv)
    __aeabi_d2iz                             0x08004949   Thumb Code     0  dfix.o(x$fpl$dfix)
    _dfix                                    0x08004949   Thumb Code    94  dfix.o(x$fpl$dfix)
    __aeabi_i2d                              0x080049a7   Thumb Code     0  dflt_clz.o(x$fpl$dflt)
    _dflt                                    0x080049a7   Thumb Code    46  dflt_clz.o(x$fpl$dflt)
    __aeabi_ui2d                             0x080049d5   Thumb Code     0  dflt_clz.o(x$fpl$dfltu)
    _dfltu                                   0x080049d5   Thumb Code    38  dflt_clz.o(x$fpl$dfltu)
    __aeabi_cdcmple                          0x080049fd   Thumb Code     0  dleqf.o(x$fpl$dleqf)
    _dcmple                                  0x080049fd   Thumb Code   120  dleqf.o(x$fpl$dleqf)
    __fpl_dcmple_InfNaN                      0x08004a5f   Thumb Code     0  dleqf.o(x$fpl$dleqf)
    __aeabi_dmul                             0x08004a75   Thumb Code     0  dmul.o(x$fpl$dmul)
    _dmul                                    0x08004a75   Thumb Code   332  dmul.o(x$fpl$dmul)
    __fpl_dnaninf                            0x08004bc9   Thumb Code   156  dnaninf.o(x$fpl$dnaninf)
    __fpl_dretinf                            0x08004c65   Thumb Code    12  dretinf.o(x$fpl$dretinf)
    __aeabi_cdrcmple                         0x08004c71   Thumb Code     0  drleqf.o(x$fpl$drleqf)
    _drcmple                                 0x08004c71   Thumb Code   108  drleqf.o(x$fpl$drleqf)
    _drnd                                    0x08004cdd   Thumb Code   180  drnd.o(x$fpl$drnd)
    __aeabi_drsub                            0x08004d91   Thumb Code     0  daddsub_clz.o(x$fpl$drsb)
    _drsb                                    0x08004d91   Thumb Code    22  daddsub_clz.o(x$fpl$drsb)
    _dsqrt                                   0x08004da9   Thumb Code   404  dsqrt_umaal.o(x$fpl$dsqrt)
    __aeabi_dsub                             0x08004f41   Thumb Code     0  daddsub_clz.o(x$fpl$dsub)
    _dsub                                    0x08004f41   Thumb Code   464  daddsub_clz.o(x$fpl$dsub)
    _fp_init                                 0x08005115   Thumb Code    10  fpinit.o(x$fpl$fpinit)
    __fplib_config_fpu_vfp                   0x0800511d   Thumb Code     0  fpinit.o(x$fpl$fpinit)
    __fplib_config_pureend_doubles           0x0800511d   Thumb Code     0  fpinit.o(x$fpl$fpinit)
    __I$use$fp                               0x0800511e   Number         0  usenofp.o(x$fpl$usenofp)
    asc2_0806                                0x0800511e   Data         552  oled.o(.constdata)
    asc2_1206                                0x08005346   Data        1140  oled.o(.constdata)
    asc2_1608                                0x080057ba   Data        1520  oled.o(.constdata)
    asc2_2412                                0x08005daa   Data        3420  oled.o(.constdata)
    Hzk1                                     0x08006b06   Data         576  oled.o(.constdata)
    Hzk2                                     0x08006d46   Data          72  oled.o(.constdata)
    Hzk3                                     0x08006d8e   Data         128  oled.o(.constdata)
    Hzk4                                     0x08006e0e   Data         512  oled.o(.constdata)
    __mathlib_zero                           0x080070d8   Data           8  qnan.o(.constdata)
    Region$$Table$$Base                      0x080071d0   Number         0  anon$$obj.o(Region$$Table)
    Region$$Table$$Limit                     0x080071f0   Number         0  anon$$obj.o(Region$$Table)
    enemyNum                                 0x20000000   Data           4  main.o(.data)
    rawEnemyNum                              0x20000004   Data           4  main.o(.data)
    SystemCoreClock                          0x20000008   Data           4  system_stm32f4xx.o(.data)
    AHBPrescTable                            0x2000000c   Data          16  system_stm32f4xx.o(.data)
    GROUND                                   0x2000001c   Data        1024  oled.o(.data)
    tick_10us                                0x2000041c   Data           4  tick.o(.data)
    enemyPos                                 0x20000438   Data         320  main.o(.bss)
    rawEnemy                                 0x20000578   Data       14480  main.o(.bss)
    ifDelete                                 0x20003e08   Data        7240  main.o(.bss)
    OLED_GRAM                                0x20005a50   Data        1152  oled.o(.bss)
    __libspace_start                         0x20005ed0   Data          96  libspace.o(.bss)
    __temporary_stack_top$libspace           0x20005f30   Data           0  libspace.o(.bss)



==============================================================================

Memory Map of the image

  Image Entry point : 0x08000189

  Load Region LR_IROM1 (Base: 0x08000000, Size: 0x00007624, Max: 0x00100000, ABSOLUTE, COMPRESSED[0x0000739c])

    Execution Region ER_IROM1 (Exec base: 0x08000000, Load base: 0x08000000, Size: 0x000071f0, Max: 0x00100000, ABSOLUTE)

    Exec Addr    Load Addr    Size         Type   Attr      Idx    E Section Name        Object

    0x08000000   0x08000000   0x00000188   Data   RO          410    RESET               startup_stm32f40_41xxx.o
    0x08000188   0x08000188   0x00000008   Code   RO          541  * !!!main             c_w.l(__main.o)
    0x08000190   0x08000190   0x00000034   Code   RO          851    !!!scatter          c_w.l(__scatter.o)
    0x080001c4   0x080001c4   0x0000005a   Code   RO          849    !!dczerorl2         c_w.l(__dczerorl2.o)
    0x0800021e   0x0800021e   0x00000002   PAD
    0x08000220   0x08000220   0x0000001c   Code   RO          853    !!handler_zi        c_w.l(__scatter_zi.o)
    0x0800023c   0x0800023c   0x00000002   Code   RO          722    .ARM.Collect$$libinit$$00000000  c_w.l(libinit.o)
    0x0800023e   0x0800023e   0x00000004   Code   RO          725    .ARM.Collect$$libinit$$00000001  c_w.l(libinit2.o)
    0x08000242   0x08000242   0x00000000   Code   RO          728    .ARM.Collect$$libinit$$00000004  c_w.l(libinit2.o)
    0x08000242   0x08000242   0x00000000   Code   RO          731    .ARM.Collect$$libinit$$0000000A  c_w.l(libinit2.o)
    0x08000242   0x08000242   0x00000000   Code   RO          733    .ARM.Collect$$libinit$$0000000C  c_w.l(libinit2.o)
    0x08000242   0x08000242   0x00000000   Code   RO          735    .ARM.Collect$$libinit$$0000000E  c_w.l(libinit2.o)
    0x08000242   0x08000242   0x00000000   Code   RO          738    .ARM.Collect$$libinit$$00000011  c_w.l(libinit2.o)
    0x08000242   0x08000242   0x00000000   Code   RO          740    .ARM.Collect$$libinit$$00000013  c_w.l(libinit2.o)
    0x08000242   0x08000242   0x00000000   Code   RO          742    .ARM.Collect$$libinit$$00000015  c_w.l(libinit2.o)
    0x08000242   0x08000242   0x00000000   Code   RO          744    .ARM.Collect$$libinit$$00000017  c_w.l(libinit2.o)
    0x08000242   0x08000242   0x00000000   Code   RO          746    .ARM.Collect$$libinit$$00000019  c_w.l(libinit2.o)
    0x08000242   0x08000242   0x00000000   Code   RO          748    .ARM.Collect$$libinit$$0000001B  c_w.l(libinit2.o)
    0x08000242   0x08000242   0x00000000   Code   RO          750    .ARM.Collect$$libinit$$0000001D  c_w.l(libinit2.o)
    0x08000242   0x08000242   0x00000000   Code   RO          752    .ARM.Collect$$libinit$$0000001F  c_w.l(libinit2.o)
    0x08000242   0x08000242   0x00000000   Code   RO          754    .ARM.Collect$$libinit$$00000021  c_w.l(libinit2.o)
    0x08000242   0x08000242   0x00000000   Code   RO          756    .ARM.Collect$$libinit$$00000023  c_w.l(libinit2.o)
    0x08000242   0x08000242   0x00000000   Code   RO          758    .ARM.Collect$$libinit$$00000025  c_w.l(libinit2.o)
    0x08000242   0x08000242   0x00000000   Code   RO          762    .ARM.Collect$$libinit$$0000002C  c_w.l(libinit2.o)
    0x08000242   0x08000242   0x00000000   Code   RO          764    .ARM.Collect$$libinit$$0000002E  c_w.l(libinit2.o)
    0x08000242   0x08000242   0x00000000   Code   RO          766    .ARM.Collect$$libinit$$00000030  c_w.l(libinit2.o)
    0x08000242   0x08000242   0x00000000   Code   RO          768    .ARM.Collect$$libinit$$00000032  c_w.l(libinit2.o)
    0x08000242   0x08000242   0x00000002   Code   RO          769    .ARM.Collect$$libinit$$00000033  c_w.l(libinit2.o)
    0x08000244   0x08000244   0x00000002   Code   RO          789    .ARM.Collect$$libshutdown$$00000000  c_w.l(libshutdown.o)
    0x08000246   0x08000246   0x00000000   Code   RO          802    .ARM.Collect$$libshutdown$$00000002  c_w.l(libshutdown2.o)
    0x08000246   0x08000246   0x00000000   Code   RO          804    .ARM.Collect$$libshutdown$$00000004  c_w.l(libshutdown2.o)
    0x08000246   0x08000246   0x00000000   Code   RO          807    .ARM.Collect$$libshutdown$$00000007  c_w.l(libshutdown2.o)
    0x08000246   0x08000246   0x00000000   Code   RO          810    .ARM.Collect$$libshutdown$$0000000A  c_w.l(libshutdown2.o)
    0x08000246   0x08000246   0x00000000   Code   RO          812    .ARM.Collect$$libshutdown$$0000000C  c_w.l(libshutdown2.o)
    0x08000246   0x08000246   0x00000000   Code   RO          815    .ARM.Collect$$libshutdown$$0000000F  c_w.l(libshutdown2.o)
    0x08000246   0x08000246   0x00000002   Code   RO          816    .ARM.Collect$$libshutdown$$00000010  c_w.l(libshutdown2.o)
    0x08000248   0x08000248   0x00000000   Code   RO          621    .ARM.Collect$$rtentry$$00000000  c_w.l(__rtentry.o)
    0x08000248   0x08000248   0x00000000   Code   RO          685    .ARM.Collect$$rtentry$$00000002  c_w.l(__rtentry2.o)
    0x08000248   0x08000248   0x00000006   Code   RO          697    .ARM.Collect$$rtentry$$00000004  c_w.l(__rtentry4.o)
    0x0800024e   0x0800024e   0x00000000   Code   RO          687    .ARM.Collect$$rtentry$$00000009  c_w.l(__rtentry2.o)
    0x0800024e   0x0800024e   0x00000004   Code   RO          688    .ARM.Collect$$rtentry$$0000000A  c_w.l(__rtentry2.o)
    0x08000252   0x08000252   0x00000000   Code   RO          690    .ARM.Collect$$rtentry$$0000000C  c_w.l(__rtentry2.o)
    0x08000252   0x08000252   0x00000008   Code   RO          691    .ARM.Collect$$rtentry$$0000000D  c_w.l(__rtentry2.o)
    0x0800025a   0x0800025a   0x00000002   Code   RO          723    .ARM.Collect$$rtexit$$00000000  c_w.l(rtexit.o)
    0x0800025c   0x0800025c   0x00000000   Code   RO          771    .ARM.Collect$$rtexit$$00000002  c_w.l(rtexit2.o)
    0x0800025c   0x0800025c   0x00000004   Code   RO          772    .ARM.Collect$$rtexit$$00000003  c_w.l(rtexit2.o)
    0x08000260   0x08000260   0x00000006   Code   RO          773    .ARM.Collect$$rtexit$$00000004  c_w.l(rtexit2.o)
    0x08000266   0x08000266   0x00000002   PAD
    0x08000268   0x08000268   0x000004bc   Code   RO            3    .text               main.o
    0x08000724   0x08000724   0x0000001a   Code   RO          162    .text               stm32f4xx_it.o
    0x0800073e   0x0800073e   0x00000002   PAD
    0x08000740   0x08000740   0x00000210   Code   RO          211    .text               system_stm32f4xx.o
    0x08000950   0x08000950   0x00000d38   Code   RO          237    .text               oled.o
    0x08001688   0x08001688   0x0000006c   Code   RO          265    .text               beep.o
    0x080016f4   0x080016f4   0x0000025c   Code   RO          283    .text               tool.o
    0x08001950   0x08001950   0x000000a8   Code   RO          304    .text               tick.o
    0x080019f8   0x080019f8   0x00000120   Code   RO          327    .text               dist.o
    0x08001b18   0x08001b18   0x00000168   Code   RO          350    .text               turn.o
    0x08001c80   0x08001c80   0x00000104   Code   RO          370    .text               delay.o
    0x08001d84   0x08001d84   0x00000040   Code   RO          411    .text               startup_stm32f40_41xxx.o
    0x08001dc4   0x08001dc4   0x000000e0   Code   RO          417    .text               misc.o
    0x08001ea4   0x08001ea4   0x00000294   Code   RO          437    .text               stm32f4xx_gpio.o
    0x08002138   0x08002138   0x0000065c   Code   RO          457    .text               stm32f4xx_rcc.o
    0x08002794   0x08002794   0x00000ca2   Code   RO          519    .text               stm32f4xx_tim.o
    0x08003436   0x08003436   0x00000006   Code   RO          539    .text               c_w.l(heapauxi.o)
    0x0800343c   0x0800343c   0x00000016   Code   RO          622    .text               c_w.l(_rserrno.o)
    0x08003452   0x08003452   0x00000002   PAD
    0x08003454   0x08003454   0x00000008   Code   RO          702    .text               c_w.l(rt_errno_addr_intlibspace.o)
    0x0800345c   0x0800345c   0x00000008   Code   RO          710    .text               c_w.l(libspace.o)
    0x08003464   0x08003464   0x0000004a   Code   RO          713    .text               c_w.l(sys_stackheap_outer.o)
    0x080034ae   0x080034ae   0x00000012   Code   RO          715    .text               c_w.l(exit.o)
    0x080034c0   0x080034c0   0x0000000c   Code   RO          781    .text               c_w.l(sys_exit.o)
    0x080034cc   0x080034cc   0x00000002   Code   RO          792    .text               c_w.l(use_no_semi.o)
    0x080034ce   0x080034ce   0x00000000   Code   RO          794    .text               c_w.l(indicate_semi.o)
    0x080034ce   0x080034ce   0x00000030   Code   RO          706    i.__ARM_fpclassify  m_wm.l(fpclassify.o)
    0x080034fe   0x080034fe   0x00000002   PAD
    0x08003500   0x08003500   0x000002d8   Code   RO          635    i.__hardfp_atan     m_wm.l(atan.o)
    0x080037d8   0x080037d8   0x000001f0   Code   RO          569    i.__hardfp_atan2    m_wm.l(atan2.o)
    0x080039c8   0x080039c8   0x000000c8   Code   RO          581    i.__hardfp_cos      m_wm.l(cos.o)
    0x08003a90   0x08003a90   0x000000e0   Code   RO          593    i.__hardfp_round    m_wm.l(round.o)
    0x08003b70   0x08003b70   0x000000c8   Code   RO          597    i.__hardfp_sin      m_wm.l(sin.o)
    0x08003c38   0x08003c38   0x0000007a   Code   RO          609    i.__hardfp_sqrt     m_wm.l(sqrt.o)
    0x08003cb2   0x08003cb2   0x00000006   PAD
    0x08003cb8   0x08003cb8   0x00000438   Code   RO          673    i.__ieee754_rem_pio2  m_wm.l(rred.o)
    0x080040f0   0x080040f0   0x00000170   Code   RO          649    i.__kernel_cos      m_wm.l(cos_i.o)
    0x08004260   0x08004260   0x000000f8   Code   RO          708    i.__kernel_poly     m_wm.l(poly.o)
    0x08004358   0x08004358   0x00000130   Code   RO          678    i.__kernel_sin      m_wm.l(sin_i.o)
    0x08004488   0x08004488   0x00000014   Code   RO          653    i.__mathlib_dbl_infnan  m_wm.l(dunder.o)
    0x0800449c   0x0800449c   0x00000014   Code   RO          654    i.__mathlib_dbl_infnan2  m_wm.l(dunder.o)
    0x080044b0   0x080044b0   0x00000020   Code   RO          655    i.__mathlib_dbl_invalid  m_wm.l(dunder.o)
    0x080044d0   0x080044d0   0x00000020   Code   RO          658    i.__mathlib_dbl_underflow  m_wm.l(dunder.o)
    0x080044f0   0x080044f0   0x00000010   Code   RO          637    i.atan              m_wm.l(atan.o)
    0x08004500   0x08004500   0x00000018   Code   RO          668    i.fabs              m_wm.l(fabs.o)
    0x08004518   0x08004518   0x00000018   Code   RO          543    x$fpl$basic         fz_wm.l(basic.o)
    0x08004530   0x08004530   0x00000150   Code   RO          545    x$fpl$dadd          fz_wm.l(daddsub_clz.o)
    0x08004680   0x08004680   0x00000018   Code   RO          704    x$fpl$dcmpinf       fz_wm.l(dcmpi.o)
    0x08004698   0x08004698   0x000002b0   Code   RO          552    x$fpl$ddiv          fz_wm.l(ddiv.o)
    0x08004948   0x08004948   0x0000005e   Code   RO          555    x$fpl$dfix          fz_wm.l(dfix.o)
    0x080049a6   0x080049a6   0x0000002e   Code   RO          560    x$fpl$dflt          fz_wm.l(dflt_clz.o)
    0x080049d4   0x080049d4   0x00000026   Code   RO          559    x$fpl$dfltu         fz_wm.l(dflt_clz.o)
    0x080049fa   0x080049fa   0x00000002   PAD
    0x080049fc   0x080049fc   0x00000078   Code   RO          624    x$fpl$dleqf         fz_wm.l(dleqf.o)
    0x08004a74   0x08004a74   0x00000154   Code   RO          565    x$fpl$dmul          fz_wm.l(dmul.o)
    0x08004bc8   0x08004bc8   0x0000009c   Code   RO          626    x$fpl$dnaninf       fz_wm.l(dnaninf.o)
    0x08004c64   0x08004c64   0x0000000c   Code   RO          628    x$fpl$dretinf       fz_wm.l(dretinf.o)
    0x08004c70   0x08004c70   0x0000006c   Code   RO          567    x$fpl$drleqf        fz_wm.l(drleqf.o)
    0x08004cdc   0x08004cdc   0x000000b4   Code   RO          630    x$fpl$drnd          fz_wm.l(drnd.o)
    0x08004d90   0x08004d90   0x00000016   Code   RO          546    x$fpl$drsb          fz_wm.l(daddsub_clz.o)
    0x08004da6   0x08004da6   0x00000002   PAD
    0x08004da8   0x08004da8   0x00000198   Code   RO          632    x$fpl$dsqrt         fz_wm.l(dsqrt_umaal.o)
    0x08004f40   0x08004f40   0x000001d4   Code   RO          547    x$fpl$dsub          fz_wm.l(daddsub_clz.o)
    0x08005114   0x08005114   0x0000000a   Code   RO          779    x$fpl$fpinit        fz_wm.l(fpinit.o)
    0x0800511e   0x0800511e   0x00000000   Code   RO          634    x$fpl$usenofp       fz_wm.l(usenofp.o)
    0x0800511e   0x0800511e   0x00001ef0   Data   RO          239    .constdata          oled.o
    0x0800700e   0x0800700e   0x00000002   PAD
    0x08007010   0x08007010   0x00000098   Data   RO          638    .constdata          m_wm.l(atan.o)
    0x080070a8   0x080070a8   0x00000030   Data   RO          650    .constdata          m_wm.l(cos_i.o)
    0x080070d8   0x080070d8   0x00000008   Data   RO          672    .constdata          m_wm.l(qnan.o)
    0x080070e0   0x080070e0   0x000000c8   Data   RO          675    .constdata          m_wm.l(rred.o)
    0x080071a8   0x080071a8   0x00000028   Data   RO          679    .constdata          m_wm.l(sin_i.o)
    0x080071d0   0x080071d0   0x00000020   Data   RO          847    Region$$Table       anon$$obj.o


    Execution Region RW_IRAM1 (Exec base: 0x20000000, Load base: 0x080071f0, Size: 0x00006530, Max: 0x00020000, ABSOLUTE, COMPRESSED[0x000001ac])

    Exec Addr    Load Addr    Size         Type   Attr      Idx    E Section Name        Object

    0x20000000   COMPRESSED   0x00000008   Data   RW            6    .data               main.o
    0x20000008   COMPRESSED   0x00000014   Data   RW          212    .data               system_stm32f4xx.o
    0x2000001c   COMPRESSED   0x00000400   Data   RW          240    .data               oled.o
    0x2000041c   COMPRESSED   0x00000004   Data   RW          305    .data               tick.o
    0x20000420   COMPRESSED   0x00000004   Data   RW          371    .data               delay.o
    0x20000424   COMPRESSED   0x00000010   Data   RW          458    .data               stm32f4xx_rcc.o
    0x20000434   COMPRESSED   0x00000004   PAD
    0x20000438        -       0x00005618   Zero   RW            4    .bss                main.o
    0x20005a50        -       0x00000480   Zero   RW          238    .bss                oled.o
    0x20005ed0        -       0x00000060   Zero   RW          711    .bss                c_w.l(libspace.o)
    0x20005f30        -       0x00000200   Zero   RW          409    HEAP                startup_stm32f40_41xxx.o
    0x20006130        -       0x00000400   Zero   RW          408    STACK               startup_stm32f40_41xxx.o


==============================================================================

Image component sizes


      Code (inc. data)   RO Data    RW Data    ZI Data      Debug   Object Name

       108          6          0          0          0        749   beep.o
       260          8          0          4          0       1453   delay.o
       288         10          0          0          0       1666   dist.o
      1212         28          0          8      22040     279378   main.o
       224         20          0          0          0       1789   misc.o
      3384         58       7920       1024       1152      10438   oled.o
        64         26        392          0       1536        824   startup_stm32f40_41xxx.o
       660         44          0          0          0       4129   stm32f4xx_gpio.o
        26          0          0          0          0       1210   stm32f4xx_it.o
      1628         52          0         16          0      12992   stm32f4xx_rcc.o
      3234         60          0          0          0      22988   stm32f4xx_tim.o
       528         46          0         20          0       1735   system_stm32f4xx.o
       168          6          0          4          0       1546   tick.o
       604         32          0          0          0       2395   tool.o
       360         40          0          0          0       1172   turn.o

    ----------------------------------------------------------------------
     12750        436       8346       1076      24732     344464   Object Totals
         0          0         32          0          0          0   (incl. Generated)
         2          0          2          0          4          0   (incl. Padding)

    ----------------------------------------------------------------------

      Code (inc. data)   RO Data    RW Data    ZI Data      Debug   Library Member Name

        90          0          0          0          0          0   __dczerorl2.o
         8          0          0          0          0         68   __main.o
         0          0          0          0          0          0   __rtentry.o
        12          0          0          0          0          0   __rtentry2.o
         6          0          0          0          0          0   __rtentry4.o
        52          8          0          0          0          0   __scatter.o
        28          0          0          0          0          0   __scatter_zi.o
        22          0          0          0          0        100   _rserrno.o
        18          0          0          0          0         80   exit.o
         6          0          0          0          0        152   heapauxi.o
         0          0          0          0          0          0   indicate_semi.o
         2          0          0          0          0          0   libinit.o
         6          0          0          0          0          0   libinit2.o
         2          0          0          0          0          0   libshutdown.o
         2          0          0          0          0          0   libshutdown2.o
         8          4          0          0         96         68   libspace.o
         8          4          0          0          0         68   rt_errno_addr_intlibspace.o
         2          0          0          0          0          0   rtexit.o
        10          0          0          0          0          0   rtexit2.o
        12          4          0          0          0         68   sys_exit.o
        74          0          0          0          0         80   sys_stackheap_outer.o
         2          0          0          0          0         68   use_no_semi.o
        24          0          0          0          0        164   basic.o
       826         16          0          0          0        492   daddsub_clz.o
        24          0          0          0          0        116   dcmpi.o
       688        140          0          0          0        256   ddiv.o
        94          4          0          0          0        140   dfix.o
        84          0          0          0          0        232   dflt_clz.o
       120          4          0          0          0        140   dleqf.o
       340         12          0          0          0        152   dmul.o
       156          4          0          0          0        140   dnaninf.o
        12          0          0          0          0        116   dretinf.o
       108          0          0          0          0        128   drleqf.o
       180          4          0          0          0        128   drnd.o
       408         56          0          0          0        168   dsqrt_umaal.o
        10          0          0          0          0        116   fpinit.o
         0          0          0          0          0          0   usenofp.o
       744        106        152          0          0        352   atan.o
       496         64          0          0          0        192   atan2.o
       200         20          0          0          0        164   cos.o
       368         46         48          0          0        200   cos_i.o
       104         16          0          0          0        496   dunder.o
        24          0          0          0          0        124   fabs.o
        48          0          0          0          0        124   fpclassify.o
       248          0          0          0          0        152   poly.o
         0          0          8          0          0          0   qnan.o
       224         30          0          0          0        172   round.o
      1080        142        200          0          0        188   rred.o
       200         20          0          0          0        164   sin.o
       304         24         40          0          0        208   sin_i.o
       122          0          0          0          0        148   sqrt.o

    ----------------------------------------------------------------------
      7624        728        448          0         96       5924   Library Totals
        18          0          0          0          0          0   (incl. Padding)

    ----------------------------------------------------------------------

      Code (inc. data)   RO Data    RW Data    ZI Data      Debug   Library Name

       370         20          0          0         96        752   c_w.l
      3074        240          0          0          0       2488   fz_wm.l
      4162        468        448          0          0       2684   m_wm.l

    ----------------------------------------------------------------------
      7624        728        448          0         96       5924   Library Totals

    ----------------------------------------------------------------------

==============================================================================


      Code (inc. data)   RO Data    RW Data    ZI Data      Debug   

     20374       1164       8794       1076      24828     344028   Grand Totals
     20374       1164       8794        428      24828     344028   ELF Image Totals (compressed)
     20374       1164       8794        428          0          0   ROM Totals

==============================================================================

    Total RO  Size (Code + RO Data)                29168 (  28.48kB)
    Total RW  Size (RW Data + ZI Data)             25904 (  25.30kB)
    Total ROM Size (Code + RO Data + RW Data)      29596 (  28.90kB)

==============================================================================

